[dataset]
  dataset = fsq
  csv = data/tky_clean.csv
  cat_col = category
  categories = ['Dining and Drinking', 'Retail', 'Nightlife Spot', 'Community and Government', 'Travel and Transportation', 'Business and Professional Services', 'Landmarks and Outdoors', 'Arts and Entertainment', 'Health and Medicine', 'Sports and Recreation']
  half_width = 50.0
  cell = 15
  center_step = 100
  min_poi = 10
  crs = EPSG:6677

[hparams]
  LATENT_DIM = 2
  EPOCHS = 1000
  BATCH = 256
  LR = 0.001
  WEIGHT_DECAY = 1e-06
  VAL_FRAC = 0.1
  SEED = 0
  N_NEIGHBORS = 15
  GRAPH_METRIC = euclidean
  EDGE_BATCH = 256
  LAMBDA_FSCE = 0.01
  WARMUP_EPOCHS = 200
  NOISE_P = 0.3
  NOISE_MODE = thinning

1233 個 patch，device=cpu，噪聲 thinning p=0.3
FSCE graph：24904 條邊，a=1.5769 b=0.8951
epoch    1 | train_nll 0.57688 | train_fsce 3.13002 | val_dev 2.62951 | expl_dev -0.77802
epoch    5 | train_nll -0.80747 | train_fsce 2.20150 | val_dev 1.42996 | expl_dev 0.03309
epoch   10 | train_nll -0.99041 | train_fsce 1.20510 | val_dev 1.10264 | expl_dev 0.25441
epoch   15 | train_nll -1.10830 | train_fsce 1.23351 | val_dev 0.97310 | expl_dev 0.34201
epoch   20 | train_nll -1.18047 | train_fsce 1.31114 | val_dev 0.85758 | expl_dev 0.42012
epoch   25 | train_nll -1.21182 | train_fsce 1.29258 | val_dev 0.82366 | expl_dev 0.44306
epoch   30 | train_nll -1.21823 | train_fsce 1.32329 | val_dev 0.81159 | expl_dev 0.45122
epoch   35 | train_nll -1.21759 | train_fsce 1.28598 | val_dev 0.81079 | expl_dev 0.45176
epoch   40 | train_nll -1.23248 | train_fsce 1.25794 | val_dev 0.78445 | expl_dev 0.46957
epoch   45 | train_nll -1.24165 | train_fsce 1.18376 | val_dev 0.78040 | expl_dev 0.47231
epoch   50 | train_nll -1.24880 | train_fsce 1.21425 | val_dev 0.77418 | expl_dev 0.47652
epoch   55 | train_nll -1.25204 | train_fsce 1.14064 | val_dev 0.77243 | expl_dev 0.47770
epoch   60 | train_nll -1.24843 | train_fsce 1.13683 | val_dev 0.76002 | expl_dev 0.48609
epoch   65 | train_nll -1.25046 | train_fsce 1.12751 | val_dev 0.77141 | expl_dev 0.47839
epoch   70 | train_nll -1.25985 | train_fsce 1.11492 | val_dev 0.75007 | expl_dev 0.49282
epoch   75 | train_nll -1.25896 | train_fsce 1.04629 | val_dev 0.77163 | expl_dev 0.47824
epoch   80 | train_nll -1.26247 | train_fsce 1.08535 | val_dev 0.76069 | expl_dev 0.48564
epoch   85 | train_nll -1.27090 | train_fsce 1.02885 | val_dev 0.75095 | expl_dev 0.49222
epoch   90 | train_nll -1.27345 | train_fsce 1.02351 | val_dev 0.74618 | expl_dev 0.49545
epoch   95 | train_nll -1.27129 | train_fsce 0.98129 | val_dev 0.72197 | expl_dev 0.51182
epoch  100 | train_nll -1.27560 | train_fsce 0.92333 | val_dev 0.74826 | expl_dev 0.49404
epoch  105 | train_nll -1.27550 | train_fsce 0.96788 | val_dev 0.73722 | expl_dev 0.50150
epoch  110 | train_nll -1.28729 | train_fsce 0.96572 | val_dev 0.72234 | expl_dev 0.51157
epoch  115 | train_nll -1.29185 | train_fsce 0.95865 | val_dev 0.71924 | expl_dev 0.51367
epoch  120 | train_nll -1.27936 | train_fsce 0.92125 | val_dev 0.72904 | expl_dev 0.50704
epoch  125 | train_nll -1.28687 | train_fsce 0.87695 | val_dev 0.70812 | expl_dev 0.52118
epoch  130 | train_nll -1.28807 | train_fsce 0.89935 | val_dev 0.74812 | expl_dev 0.49414
epoch  135 | train_nll -1.28448 | train_fsce 0.87178 | val_dev 0.74064 | expl_dev 0.49919
epoch  140 | train_nll -1.29008 | train_fsce 0.86820 | val_dev 0.72233 | expl_dev 0.51158
epoch  145 | train_nll -1.29461 | train_fsce 0.89270 | val_dev 0.71841 | expl_dev 0.51423
epoch  150 | train_nll -1.29167 | train_fsce 0.82018 | val_dev 0.73242 | expl_dev 0.50476
epoch  155 | train_nll -1.28577 | train_fsce 0.86563 | val_dev 0.72099 | expl_dev 0.51248
epoch  160 | train_nll -1.28643 | train_fsce 0.85930 | val_dev 0.71644 | expl_dev 0.51556
epoch  165 | train_nll -1.29321 | train_fsce 0.85531 | val_dev 0.71667 | expl_dev 0.51540
epoch  170 | train_nll -1.29627 | train_fsce 0.87643 | val_dev 0.70228 | expl_dev 0.52513
epoch  175 | train_nll -1.30019 | train_fsce 0.80090 | val_dev 0.71186 | expl_dev 0.51865
epoch  180 | train_nll -1.29233 | train_fsce 0.79544 | val_dev 0.74127 | expl_dev 0.49877
epoch  185 | train_nll -1.29650 | train_fsce 0.78925 | val_dev 0.71564 | expl_dev 0.51610
epoch  190 | train_nll -1.30080 | train_fsce 0.80052 | val_dev 0.73996 | expl_dev 0.49965
epoch  195 | train_nll -1.29991 | train_fsce 0.79827 | val_dev 0.71947 | expl_dev 0.51351
epoch  200 | train_nll -1.30501 | train_fsce 0.77904 | val_dev 0.69878 | expl_dev 0.52750
epoch  205 | train_nll -1.30659 | train_fsce 0.77450 | val_dev 0.70512 | expl_dev 0.52321
epoch  210 | train_nll -1.30103 | train_fsce 0.75723 | val_dev 0.72238 | expl_dev 0.51154
epoch  215 | train_nll -1.30615 | train_fsce 0.76494 | val_dev 0.72374 | expl_dev 0.51062
epoch  220 | train_nll -1.30636 | train_fsce 0.75737 | val_dev 0.71096 | expl_dev 0.51927
epoch  225 | train_nll -1.30701 | train_fsce 0.74869 | val_dev 0.70685 | expl_dev 0.52204
epoch  230 | train_nll -1.31392 | train_fsce 0.76587 | val_dev 0.70332 | expl_dev 0.52443
epoch  235 | train_nll -1.30998 | train_fsce 0.72648 | val_dev 0.71032 | expl_dev 0.51970
epoch  240 | train_nll -1.30810 | train_fsce 0.74745 | val_dev 0.69558 | expl_dev 0.52966
epoch  245 | train_nll -1.30679 | train_fsce 0.76202 | val_dev 0.69866 | expl_dev 0.52758
epoch  250 | train_nll -1.30526 | train_fsce 0.72560 | val_dev 0.72368 | expl_dev 0.51066
epoch  255 | train_nll -1.31249 | train_fsce 0.78851 | val_dev 0.71345 | expl_dev 0.51758
epoch  260 | train_nll -1.31432 | train_fsce 0.74589 | val_dev 0.69023 | expl_dev 0.53328
epoch  265 | train_nll -1.31586 | train_fsce 0.69302 | val_dev 0.70254 | expl_dev 0.52495
epoch  270 | train_nll -1.31332 | train_fsce 0.76899 | val_dev 0.70494 | expl_dev 0.52333
epoch  275 | train_nll -1.31828 | train_fsce 0.75100 | val_dev 0.72034 | expl_dev 0.51292
epoch  280 | train_nll -1.31816 | train_fsce 0.73886 | val_dev 0.71285 | expl_dev 0.51799
epoch  285 | train_nll -1.31257 | train_fsce 0.72604 | val_dev 0.71144 | expl_dev 0.51894
epoch  290 | train_nll -1.31715 | train_fsce 0.71784 | val_dev 0.70032 | expl_dev 0.52646
epoch  295 | train_nll -1.32021 | train_fsce 0.71058 | val_dev 0.70317 | expl_dev 0.52453
epoch  300 | train_nll -1.30881 | train_fsce 0.72901 | val_dev 0.69990 | expl_dev 0.52674
epoch  305 | train_nll -1.32029 | train_fsce 0.71857 | val_dev 0.68939 | expl_dev 0.53385
epoch  310 | train_nll -1.31691 | train_fsce 0.69971 | val_dev 0.69293 | expl_dev 0.53146
epoch  315 | train_nll -1.31355 | train_fsce 0.74775 | val_dev 0.69433 | expl_dev 0.53051
epoch  320 | train_nll -1.32002 | train_fsce 0.70394 | val_dev 0.70674 | expl_dev 0.52211
epoch  325 | train_nll -1.31995 | train_fsce 0.72843 | val_dev 0.70080 | expl_dev 0.52613
epoch  330 | train_nll -1.30735 | train_fsce 0.75288 | val_dev 0.69906 | expl_dev 0.52731
epoch  335 | train_nll -1.32367 | train_fsce 0.71965 | val_dev 0.70375 | expl_dev 0.52414
epoch  340 | train_nll -1.31091 | train_fsce 0.70441 | val_dev 0.71351 | expl_dev 0.51754
epoch  345 | train_nll -1.32317 | train_fsce 0.70499 | val_dev 0.73713 | expl_dev 0.50157
epoch  350 | train_nll -1.30132 | train_fsce 0.74524 | val_dev 0.68356 | expl_dev 0.53779
epoch  355 | train_nll -1.32700 | train_fsce 0.68514 | val_dev 0.69280 | expl_dev 0.53154
epoch  360 | train_nll -1.32189 | train_fsce 0.69760 | val_dev 0.68691 | expl_dev 0.53553
epoch  365 | train_nll -1.31766 | train_fsce 0.67592 | val_dev 0.69024 | expl_dev 0.53327
epoch  370 | train_nll -1.32248 | train_fsce 0.69675 | val_dev 0.67478 | expl_dev 0.54373
epoch  375 | train_nll -1.32442 | train_fsce 0.71327 | val_dev 0.70564 | expl_dev 0.52286
epoch  380 | train_nll -1.32248 | train_fsce 0.67109 | val_dev 0.67907 | expl_dev 0.54083
epoch  385 | train_nll -1.32252 | train_fsce 0.69454 | val_dev 0.70574 | expl_dev 0.52279
epoch  390 | train_nll -1.32753 | train_fsce 0.71420 | val_dev 0.68346 | expl_dev 0.53786
epoch  395 | train_nll -1.32557 | train_fsce 0.67124 | val_dev 0.72163 | expl_dev 0.51205
epoch  400 | train_nll -1.32080 | train_fsce 0.72936 | val_dev 0.68282 | expl_dev 0.53829
epoch  405 | train_nll -1.31613 | train_fsce 0.66725 | val_dev 0.65775 | expl_dev 0.55524
epoch  410 | train_nll -1.31902 | train_fsce 0.66531 | val_dev 0.70368 | expl_dev 0.52418
epoch  415 | train_nll -1.32931 | train_fsce 0.65566 | val_dev 0.68718 | expl_dev 0.53534
epoch  420 | train_nll -1.33841 | train_fsce 0.68896 | val_dev 0.69163 | expl_dev 0.53233
epoch  425 | train_nll -1.33263 | train_fsce 0.70015 | val_dev 0.70710 | expl_dev 0.52188
epoch  430 | train_nll -1.32402 | train_fsce 0.67652 | val_dev 0.67397 | expl_dev 0.54428
epoch  435 | train_nll -1.33252 | train_fsce 0.65992 | val_dev 0.70994 | expl_dev 0.51995
epoch  440 | train_nll -1.32373 | train_fsce 0.69316 | val_dev 0.69987 | expl_dev 0.52676
epoch  445 | train_nll -1.32853 | train_fsce 0.67316 | val_dev 0.70002 | expl_dev 0.52666
epoch  450 | train_nll -1.32387 | train_fsce 0.69612 | val_dev 0.74289 | expl_dev 0.49767
epoch  455 | train_nll -1.33380 | train_fsce 0.67601 | val_dev 0.67585 | expl_dev 0.54300
epoch  460 | train_nll -1.33444 | train_fsce 0.65991 | val_dev 0.70211 | expl_dev 0.52524
epoch  465 | train_nll -1.33420 | train_fsce 0.66098 | val_dev 0.68324 | expl_dev 0.53801
epoch  470 | train_nll -1.33919 | train_fsce 0.67219 | val_dev 0.69207 | expl_dev 0.53204
epoch  475 | train_nll -1.33438 | train_fsce 0.67000 | val_dev 0.68161 | expl_dev 0.53911
epoch  480 | train_nll -1.32207 | train_fsce 0.69119 | val_dev 0.67586 | expl_dev 0.54300
epoch  485 | train_nll -1.32281 | train_fsce 0.71479 | val_dev 0.66161 | expl_dev 0.55263
epoch  490 | train_nll -1.32857 | train_fsce 0.69764 | val_dev 0.65583 | expl_dev 0.55654
epoch  495 | train_nll -1.31797 | train_fsce 0.71648 | val_dev 0.70244 | expl_dev 0.52502
epoch  500 | train_nll -1.33349 | train_fsce 0.65485 | val_dev 0.69871 | expl_dev 0.52754
epoch  505 | train_nll -1.33491 | train_fsce 0.69155 | val_dev 0.68654 | expl_dev 0.53577
epoch  510 | train_nll -1.32641 | train_fsce 0.63669 | val_dev 0.66456 | expl_dev 0.55064
epoch  515 | train_nll -1.33475 | train_fsce 0.68962 | val_dev 0.67313 | expl_dev 0.54484
epoch  520 | train_nll -1.33476 | train_fsce 0.66217 | val_dev 0.69935 | expl_dev 0.52712
epoch  525 | train_nll -1.34072 | train_fsce 0.66312 | val_dev 0.66433 | expl_dev 0.55079
epoch  530 | train_nll -1.32519 | train_fsce 0.68123 | val_dev 0.77015 | expl_dev 0.47924
epoch  535 | train_nll -1.33434 | train_fsce 0.69441 | val_dev 0.67628 | expl_dev 0.54272
epoch  540 | train_nll -1.32624 | train_fsce 0.63775 | val_dev 0.70201 | expl_dev 0.52532
epoch  545 | train_nll -1.33092 | train_fsce 0.67615 | val_dev 0.73273 | expl_dev 0.50454
epoch  550 | train_nll -1.32785 | train_fsce 0.68915 | val_dev 0.70539 | expl_dev 0.52303
epoch  555 | train_nll -1.33925 | train_fsce 0.67455 | val_dev 0.72188 | expl_dev 0.51188
epoch  560 | train_nll -1.33908 | train_fsce 0.68874 | val_dev 0.68070 | expl_dev 0.53972
epoch  565 | train_nll -1.33703 | train_fsce 0.65463 | val_dev 0.67606 | expl_dev 0.54286
epoch  570 | train_nll -1.33104 | train_fsce 0.67850 | val_dev 0.66668 | expl_dev 0.54920
epoch  575 | train_nll -1.34360 | train_fsce 0.65623 | val_dev 0.66101 | expl_dev 0.55304
epoch  580 | train_nll -1.34483 | train_fsce 0.66468 | val_dev 0.67475 | expl_dev 0.54375
epoch  585 | train_nll -1.34164 | train_fsce 0.65882 | val_dev 0.67733 | expl_dev 0.54201
epoch  590 | train_nll -1.34892 | train_fsce 0.66228 | val_dev 0.67693 | expl_dev 0.54227
epoch  595 | train_nll -1.33542 | train_fsce 0.64214 | val_dev 0.67251 | expl_dev 0.54526
epoch  600 | train_nll -1.33622 | train_fsce 0.63939 | val_dev 0.67463 | expl_dev 0.54383
epoch  605 | train_nll -1.34859 | train_fsce 0.63489 | val_dev 0.67976 | expl_dev 0.54036
epoch  610 | train_nll -1.34065 | train_fsce 0.65541 | val_dev 0.68989 | expl_dev 0.53351
epoch  615 | train_nll -1.33902 | train_fsce 0.66328 | val_dev 0.70142 | expl_dev 0.52571
epoch  620 | train_nll -1.34468 | train_fsce 0.62490 | val_dev 0.70487 | expl_dev 0.52338
epoch  625 | train_nll -1.34861 | train_fsce 0.64842 | val_dev 0.66516 | expl_dev 0.55023
epoch  630 | train_nll -1.35124 | train_fsce 0.68249 | val_dev 0.71043 | expl_dev 0.51962
epoch  635 | train_nll -1.34368 | train_fsce 0.65433 | val_dev 0.69327 | expl_dev 0.53123
epoch  640 | train_nll -1.34129 | train_fsce 0.67991 | val_dev 0.73037 | expl_dev 0.50614
epoch  645 | train_nll -1.34522 | train_fsce 0.62272 | val_dev 0.70900 | expl_dev 0.52059
epoch  650 | train_nll -1.33619 | train_fsce 0.61050 | val_dev 0.68895 | expl_dev 0.53415
epoch  655 | train_nll -1.30743 | train_fsce 0.64737 | val_dev 0.74122 | expl_dev 0.49880
epoch  660 | train_nll -1.32515 | train_fsce 0.69242 | val_dev 0.72373 | expl_dev 0.51063
epoch  665 | train_nll -1.33819 | train_fsce 0.61092 | val_dev 0.72107 | expl_dev 0.51242
epoch  670 | train_nll -1.34460 | train_fsce 0.64292 | val_dev 0.73115 | expl_dev 0.50561
epoch  675 | train_nll -1.34813 | train_fsce 0.61878 | val_dev 0.69676 | expl_dev 0.52887
epoch  680 | train_nll -1.34847 | train_fsce 0.61496 | val_dev 0.71063 | expl_dev 0.51949
epoch  685 | train_nll -1.33631 | train_fsce 0.66123 | val_dev 0.72235 | expl_dev 0.51156
epoch  690 | train_nll -1.33255 | train_fsce 0.66271 | val_dev 0.68385 | expl_dev 0.53759
epoch  695 | train_nll -1.32318 | train_fsce 0.62474 | val_dev 0.68923 | expl_dev 0.53396
epoch  700 | train_nll -1.34278 | train_fsce 0.63019 | val_dev 0.63416 | expl_dev 0.57120
epoch  705 | train_nll -1.35213 | train_fsce 0.65623 | val_dev 0.66729 | expl_dev 0.54879
epoch  710 | train_nll -1.34585 | train_fsce 0.63960 | val_dev 0.71212 | expl_dev 0.51848
epoch  715 | train_nll -1.31724 | train_fsce 0.69179 | val_dev 0.79031 | expl_dev 0.46561
epoch  720 | train_nll -1.33696 | train_fsce 0.65355 | val_dev 0.72243 | expl_dev 0.51151
epoch  725 | train_nll -1.34772 | train_fsce 0.64424 | val_dev 0.69168 | expl_dev 0.53230
epoch  730 | train_nll -1.34014 | train_fsce 0.66193 | val_dev 0.69010 | expl_dev 0.53337
epoch  735 | train_nll -1.34734 | train_fsce 0.64851 | val_dev 0.69966 | expl_dev 0.52691
epoch  740 | train_nll -1.33402 | train_fsce 0.64005 | val_dev 0.68555 | expl_dev 0.53645
epoch  745 | train_nll -1.34250 | train_fsce 0.64528 | val_dev 0.68054 | expl_dev 0.53983
epoch  750 | train_nll -1.34821 | train_fsce 0.61579 | val_dev 0.71775 | expl_dev 0.51467
epoch  755 | train_nll -1.34185 | train_fsce 0.62446 | val_dev 0.71478 | expl_dev 0.51668
epoch  760 | train_nll -1.34864 | train_fsce 0.64402 | val_dev 0.65576 | expl_dev 0.55659
epoch  765 | train_nll -1.34684 | train_fsce 0.62348 | val_dev 0.69619 | expl_dev 0.52925
epoch  770 | train_nll -1.34229 | train_fsce 0.62016 | val_dev 0.67328 | expl_dev 0.54474
epoch  775 | train_nll -1.35124 | train_fsce 0.62130 | val_dev 0.67119 | expl_dev 0.54615
epoch  780 | train_nll -1.34407 | train_fsce 0.60975 | val_dev 0.68901 | expl_dev 0.53411
epoch  785 | train_nll -1.35027 | train_fsce 0.65643 | val_dev 0.68849 | expl_dev 0.53446
epoch  790 | train_nll -1.34583 | train_fsce 0.61937 | val_dev 0.67065 | expl_dev 0.54652
epoch  795 | train_nll -1.34644 | train_fsce 0.60259 | val_dev 0.68554 | expl_dev 0.53645
epoch  800 | train_nll -1.34768 | train_fsce 0.61082 | val_dev 0.67106 | expl_dev 0.54625
epoch  805 | train_nll -1.36061 | train_fsce 0.62707 | val_dev 0.67925 | expl_dev 0.54070
epoch  810 | train_nll -1.35130 | train_fsce 0.64177 | val_dev 0.70827 | expl_dev 0.52108
epoch  815 | train_nll -1.34565 | train_fsce 0.65028 | val_dev 0.69214 | expl_dev 0.53199
epoch  820 | train_nll -1.35295 | train_fsce 0.65886 | val_dev 0.63260 | expl_dev 0.57225
epoch  825 | train_nll -1.34704 | train_fsce 0.60899 | val_dev 0.68112 | expl_dev 0.53944
epoch  830 | train_nll -1.34445 | train_fsce 0.63062 | val_dev 0.66471 | expl_dev 0.55053
epoch  835 | train_nll -1.32412 | train_fsce 0.64991 | val_dev 0.65824 | expl_dev 0.55491
epoch  840 | train_nll -1.33987 | train_fsce 0.64047 | val_dev 0.67818 | expl_dev 0.54143
epoch  845 | train_nll -1.35098 | train_fsce 0.60866 | val_dev 0.67475 | expl_dev 0.54375
epoch  850 | train_nll -1.34651 | train_fsce 0.64148 | val_dev 0.64552 | expl_dev 0.56351
epoch  855 | train_nll -1.34940 | train_fsce 0.68276 | val_dev 0.70652 | expl_dev 0.52226
epoch  860 | train_nll -1.34327 | train_fsce 0.63405 | val_dev 0.65664 | expl_dev 0.55599
epoch  865 | train_nll -1.35383 | train_fsce 0.66036 | val_dev 0.67955 | expl_dev 0.54050
epoch  870 | train_nll -1.34930 | train_fsce 0.64053 | val_dev 0.67224 | expl_dev 0.54545
epoch  875 | train_nll -1.34973 | train_fsce 0.60931 | val_dev 0.68678 | expl_dev 0.53561
epoch  880 | train_nll -1.34844 | train_fsce 0.60875 | val_dev 0.68562 | expl_dev 0.53640
epoch  885 | train_nll -1.35199 | train_fsce 0.62684 | val_dev 0.70656 | expl_dev 0.52224
epoch  890 | train_nll -1.34373 | train_fsce 0.63050 | val_dev 0.72279 | expl_dev 0.51126
epoch  895 | train_nll -1.34749 | train_fsce 0.64367 | val_dev 0.68894 | expl_dev 0.53415
epoch  900 | train_nll -1.35497 | train_fsce 0.64717 | val_dev 0.65667 | expl_dev 0.55597
epoch  905 | train_nll -1.35102 | train_fsce 0.61071 | val_dev 0.66883 | expl_dev 0.54775
epoch  910 | train_nll -1.35097 | train_fsce 0.62105 | val_dev 0.65122 | expl_dev 0.55966
epoch  915 | train_nll -1.35948 | train_fsce 0.63295 | val_dev 0.68766 | expl_dev 0.53502
epoch  920 | train_nll -1.35042 | train_fsce 0.62201 | val_dev 0.68972 | expl_dev 0.53363
epoch  925 | train_nll -1.35470 | train_fsce 0.58995 | val_dev 0.66478 | expl_dev 0.55049
epoch  930 | train_nll -1.35333 | train_fsce 0.63161 | val_dev 0.67172 | expl_dev 0.54580
epoch  935 | train_nll -1.35428 | train_fsce 0.61275 | val_dev 0.71572 | expl_dev 0.51604
epoch  940 | train_nll -1.36040 | train_fsce 0.62526 | val_dev 0.67992 | expl_dev 0.54025
epoch  945 | train_nll -1.35161 | train_fsce 0.65782 | val_dev 0.66028 | expl_dev 0.55353
epoch  950 | train_nll -1.35716 | train_fsce 0.65188 | val_dev 0.65730 | expl_dev 0.55555
epoch  955 | train_nll -1.35416 | train_fsce 0.63820 | val_dev 0.64902 | expl_dev 0.56115
epoch  960 | train_nll -1.35350 | train_fsce 0.64523 | val_dev 0.63064 | expl_dev 0.57358
epoch  965 | train_nll -1.36638 | train_fsce 0.63701 | val_dev 0.65596 | expl_dev 0.55645
epoch  970 | train_nll -1.36809 | train_fsce 0.63100 | val_dev 0.65723 | expl_dev 0.55560
epoch  975 | train_nll -1.35993 | train_fsce 0.62343 | val_dev 0.69065 | expl_dev 0.53300
epoch  980 | train_nll -1.36034 | train_fsce 0.59302 | val_dev 0.71225 | expl_dev 0.51839
epoch  985 | train_nll -1.36050 | train_fsce 0.60981 | val_dev 0.65373 | expl_dev 0.55796
epoch  990 | train_nll -1.36619 | train_fsce 0.61420 | val_dev 0.63899 | expl_dev 0.56793
epoch  995 | train_nll -1.36657 | train_fsce 0.66256 | val_dev 0.62870 | expl_dev 0.57488
epoch 1000 | train_nll -1.36033 | train_fsce 0.60288 | val_dev 0.66163 | expl_dev 0.55262
已存 c:\Users\楊仟愉\n\project-2\model\v2_ddae_fsce\result\latents.npz
