[dataset]
  dataset = fsq
  csv = data/tky_clean.csv
  cat_col = category
  categories = ['Dining and Drinking', 'Retail', 'Nightlife Spot', 'Community and Government', 'Travel and Transportation', 'Business and Professional Services', 'Landmarks and Outdoors', 'Arts and Entertainment', 'Health and Medicine', 'Sports and Recreation']
  half_width = 50.0
  cell = 15
  center_step = 100
  min_poi = 10
  crs = EPSG:6677

[hparams]
  LATENT_DIM = 2
  EPOCHS = 1000
  BATCH = 256
  LR = 0.001
  WEIGHT_DECAY = 1e-06
  VAL_FRAC = 0.1
  SEED = 0
  N_NEIGHBORS = 15
  GRAPH_METRIC = euclidean
  EDGE_BATCH = 256
  LAMBDA_FSCE = 0.01
  WARMUP_EPOCHS = 200
  NOISE_P = 0.3
  NOISE_MODE = thinning

1233 個 patch，device=mps，噪聲 thinning p=0.3
FSCE graph：24900 條邊，a=1.5769 b=0.8951
epoch    1 | train_nll 0.57714 | train_fsce 3.14380 | val_dev 2.62980 | expl_dev -0.77822
epoch    5 | train_nll -0.80793 | train_fsce 2.24317 | val_dev 1.43233 | expl_dev 0.03149
epoch   10 | train_nll -0.99335 | train_fsce 1.18822 | val_dev 1.09613 | expl_dev 0.25882
epoch   15 | train_nll -1.09944 | train_fsce 1.22334 | val_dev 0.95442 | expl_dev 0.35464
epoch   20 | train_nll -1.17577 | train_fsce 1.30865 | val_dev 0.86774 | expl_dev 0.41325
epoch   25 | train_nll -1.20474 | train_fsce 1.30820 | val_dev 0.83716 | expl_dev 0.43393
epoch   30 | train_nll -1.21925 | train_fsce 1.34320 | val_dev 0.81365 | expl_dev 0.44983
epoch   35 | train_nll -1.21848 | train_fsce 1.34543 | val_dev 0.80671 | expl_dev 0.45452
epoch   40 | train_nll -1.23422 | train_fsce 1.25484 | val_dev 0.78483 | expl_dev 0.46931
epoch   45 | train_nll -1.23887 | train_fsce 1.24066 | val_dev 0.77335 | expl_dev 0.47708
epoch   50 | train_nll -1.24447 | train_fsce 1.21347 | val_dev 0.76890 | expl_dev 0.48009
epoch   55 | train_nll -1.24790 | train_fsce 1.19574 | val_dev 0.77845 | expl_dev 0.47363
epoch   60 | train_nll -1.25065 | train_fsce 1.16292 | val_dev 0.76943 | expl_dev 0.47973
epoch   65 | train_nll -1.25862 | train_fsce 1.17044 | val_dev 0.75510 | expl_dev 0.48942
epoch   70 | train_nll -1.25707 | train_fsce 1.10635 | val_dev 0.75449 | expl_dev 0.48983
epoch   75 | train_nll -1.26370 | train_fsce 1.08742 | val_dev 0.73787 | expl_dev 0.50107
epoch   80 | train_nll -1.27049 | train_fsce 1.07311 | val_dev 0.75706 | expl_dev 0.48809
epoch   85 | train_nll -1.26969 | train_fsce 1.06612 | val_dev 0.74225 | expl_dev 0.49811
epoch   90 | train_nll -1.27467 | train_fsce 1.02571 | val_dev 0.73341 | expl_dev 0.50409
epoch   95 | train_nll -1.27552 | train_fsce 1.05265 | val_dev 0.72518 | expl_dev 0.50965
epoch  100 | train_nll -1.27766 | train_fsce 1.00869 | val_dev 0.73770 | expl_dev 0.50118
epoch  105 | train_nll -1.27862 | train_fsce 0.96676 | val_dev 0.73032 | expl_dev 0.50617
epoch  110 | train_nll -1.27137 | train_fsce 0.94546 | val_dev 0.75691 | expl_dev 0.48819
epoch  115 | train_nll -1.28072 | train_fsce 0.91864 | val_dev 0.72057 | expl_dev 0.51276
epoch  120 | train_nll -1.28149 | train_fsce 0.92379 | val_dev 0.72835 | expl_dev 0.50750
epoch  125 | train_nll -1.29013 | train_fsce 0.93957 | val_dev 0.70356 | expl_dev 0.52427
epoch  130 | train_nll -1.29097 | train_fsce 0.87953 | val_dev 0.71656 | expl_dev 0.51548
epoch  135 | train_nll -1.29134 | train_fsce 0.91742 | val_dev 0.70442 | expl_dev 0.52369
epoch  140 | train_nll -1.29335 | train_fsce 0.90969 | val_dev 0.70557 | expl_dev 0.52291
epoch  145 | train_nll -1.29091 | train_fsce 0.82364 | val_dev 0.72895 | expl_dev 0.50710
epoch  150 | train_nll -1.28517 | train_fsce 0.84571 | val_dev 0.72422 | expl_dev 0.51029
epoch  155 | train_nll -1.28596 | train_fsce 0.88919 | val_dev 0.70181 | expl_dev 0.52545
epoch  160 | train_nll -1.28958 | train_fsce 0.87169 | val_dev 0.68953 | expl_dev 0.53375
epoch  165 | train_nll -1.29658 | train_fsce 0.85375 | val_dev 0.69923 | expl_dev 0.52719
epoch  170 | train_nll -1.29942 | train_fsce 0.84744 | val_dev 0.71811 | expl_dev 0.51443
epoch  175 | train_nll -1.29326 | train_fsce 0.82867 | val_dev 0.72252 | expl_dev 0.51144
epoch  180 | train_nll -1.29567 | train_fsce 0.81955 | val_dev 0.70518 | expl_dev 0.52317
epoch  185 | train_nll -1.29700 | train_fsce 0.82114 | val_dev 0.69173 | expl_dev 0.53226
epoch  190 | train_nll -1.30247 | train_fsce 0.82417 | val_dev 0.70306 | expl_dev 0.52460
epoch  195 | train_nll -1.30387 | train_fsce 0.80973 | val_dev 0.71900 | expl_dev 0.51383
epoch  200 | train_nll -1.30799 | train_fsce 0.74734 | val_dev 0.70297 | expl_dev 0.52467
epoch  205 | train_nll -1.30578 | train_fsce 0.75247 | val_dev 0.71122 | expl_dev 0.51909
epoch  210 | train_nll -1.30050 | train_fsce 0.79399 | val_dev 0.70281 | expl_dev 0.52478
epoch  215 | train_nll -1.30666 | train_fsce 0.76377 | val_dev 0.68338 | expl_dev 0.53791
epoch  220 | train_nll -1.30062 | train_fsce 0.74775 | val_dev 0.69900 | expl_dev 0.52735
epoch  225 | train_nll -1.30648 | train_fsce 0.77719 | val_dev 0.70013 | expl_dev 0.52658
epoch  230 | train_nll -1.31295 | train_fsce 0.83372 | val_dev 0.70439 | expl_dev 0.52371
epoch  235 | train_nll -1.30399 | train_fsce 0.72910 | val_dev 0.70624 | expl_dev 0.52245
epoch  240 | train_nll -1.30332 | train_fsce 0.78596 | val_dev 0.68349 | expl_dev 0.53784
epoch  245 | train_nll -1.30441 | train_fsce 0.76739 | val_dev 0.70369 | expl_dev 0.52418
epoch  250 | train_nll -1.30846 | train_fsce 0.75178 | val_dev 0.70916 | expl_dev 0.52048
epoch  255 | train_nll -1.29822 | train_fsce 0.74228 | val_dev 0.72043 | expl_dev 0.51286
epoch  260 | train_nll -1.31352 | train_fsce 0.73086 | val_dev 0.69354 | expl_dev 0.53104
epoch  265 | train_nll -1.31707 | train_fsce 0.72669 | val_dev 0.68984 | expl_dev 0.53354
epoch  270 | train_nll -1.31381 | train_fsce 0.70578 | val_dev 0.70448 | expl_dev 0.52364
epoch  275 | train_nll -1.31338 | train_fsce 0.67615 | val_dev 0.68239 | expl_dev 0.53858
epoch  280 | train_nll -1.31046 | train_fsce 0.69889 | val_dev 0.68973 | expl_dev 0.53362
epoch  285 | train_nll -1.31466 | train_fsce 0.71767 | val_dev 0.68725 | expl_dev 0.53530
epoch  290 | train_nll -1.31764 | train_fsce 0.72384 | val_dev 0.66581 | expl_dev 0.54979
epoch  295 | train_nll -1.31991 | train_fsce 0.71754 | val_dev 0.68691 | expl_dev 0.53552
epoch  300 | train_nll -1.31949 | train_fsce 0.70583 | val_dev 0.68121 | expl_dev 0.53938
epoch  305 | train_nll -1.30831 | train_fsce 0.71033 | val_dev 0.71765 | expl_dev 0.51474
epoch  310 | train_nll -1.31639 | train_fsce 0.69851 | val_dev 0.71222 | expl_dev 0.51841
epoch  315 | train_nll -1.31223 | train_fsce 0.68587 | val_dev 0.71126 | expl_dev 0.51906
epoch  320 | train_nll -1.30817 | train_fsce 0.71061 | val_dev 0.69762 | expl_dev 0.52828
epoch  325 | train_nll -1.31895 | train_fsce 0.68697 | val_dev 0.72161 | expl_dev 0.51206
epoch  330 | train_nll -1.31519 | train_fsce 0.69555 | val_dev 0.70035 | expl_dev 0.52643
epoch  335 | train_nll -1.31816 | train_fsce 0.70050 | val_dev 0.69035 | expl_dev 0.53320
epoch  340 | train_nll -1.31964 | train_fsce 0.66373 | val_dev 0.69267 | expl_dev 0.53163
epoch  345 | train_nll -1.32276 | train_fsce 0.72825 | val_dev 0.69768 | expl_dev 0.52824
epoch  350 | train_nll -1.33082 | train_fsce 0.67568 | val_dev 0.68563 | expl_dev 0.53639
epoch  355 | train_nll -1.32919 | train_fsce 0.70819 | val_dev 0.69351 | expl_dev 0.53106
epoch  360 | train_nll -1.30863 | train_fsce 0.66583 | val_dev 0.69326 | expl_dev 0.53123
epoch  365 | train_nll -1.32445 | train_fsce 0.69263 | val_dev 0.67668 | expl_dev 0.54245
epoch  370 | train_nll -1.32208 | train_fsce 0.66309 | val_dev 0.65264 | expl_dev 0.55870
epoch  375 | train_nll -1.32180 | train_fsce 0.70018 | val_dev 0.66357 | expl_dev 0.55130
epoch  380 | train_nll -1.32716 | train_fsce 0.67063 | val_dev 0.68246 | expl_dev 0.53853
epoch  385 | train_nll -1.31938 | train_fsce 0.69834 | val_dev 0.70247 | expl_dev 0.52500
epoch  390 | train_nll -1.32140 | train_fsce 0.68186 | val_dev 0.69143 | expl_dev 0.53247
epoch  395 | train_nll -1.31866 | train_fsce 0.70058 | val_dev 0.69294 | expl_dev 0.53144
epoch  400 | train_nll -1.32058 | train_fsce 0.64157 | val_dev 0.69376 | expl_dev 0.53089
epoch  405 | train_nll -1.32596 | train_fsce 0.70431 | val_dev 0.68023 | expl_dev 0.54004
epoch  410 | train_nll -1.32426 | train_fsce 0.68255 | val_dev 0.71247 | expl_dev 0.51824
epoch  415 | train_nll -1.32709 | train_fsce 0.66428 | val_dev 0.71595 | expl_dev 0.51589
epoch  420 | train_nll -1.33177 | train_fsce 0.65441 | val_dev 0.68517 | expl_dev 0.53670
epoch  425 | train_nll -1.33502 | train_fsce 0.67028 | val_dev 0.65837 | expl_dev 0.55482
epoch  430 | train_nll -1.32815 | train_fsce 0.68108 | val_dev 0.65188 | expl_dev 0.55921
epoch  435 | train_nll -1.33838 | train_fsce 0.68024 | val_dev 0.65211 | expl_dev 0.55906
epoch  440 | train_nll -1.32331 | train_fsce 0.65889 | val_dev 0.68350 | expl_dev 0.53783
epoch  445 | train_nll -1.32839 | train_fsce 0.69034 | val_dev 0.67725 | expl_dev 0.54206
epoch  450 | train_nll -1.32257 | train_fsce 0.67234 | val_dev 0.67712 | expl_dev 0.54214
epoch  455 | train_nll -1.32675 | train_fsce 0.63118 | val_dev 0.67386 | expl_dev 0.54435
epoch  460 | train_nll -1.33528 | train_fsce 0.63530 | val_dev 0.67043 | expl_dev 0.54667
epoch  465 | train_nll -1.33357 | train_fsce 0.68750 | val_dev 0.65408 | expl_dev 0.55772
epoch  470 | train_nll -1.33890 | train_fsce 0.64985 | val_dev 0.65421 | expl_dev 0.55764
epoch  475 | train_nll -1.33516 | train_fsce 0.65453 | val_dev 0.67192 | expl_dev 0.54566
epoch  480 | train_nll -1.32190 | train_fsce 0.67351 | val_dev 0.66648 | expl_dev 0.54934
epoch  485 | train_nll -1.33779 | train_fsce 0.66916 | val_dev 0.67867 | expl_dev 0.54109
epoch  490 | train_nll -1.32757 | train_fsce 0.65945 | val_dev 0.66338 | expl_dev 0.55143
epoch  495 | train_nll -1.33323 | train_fsce 0.63320 | val_dev 0.65974 | expl_dev 0.55390
epoch  500 | train_nll -1.34032 | train_fsce 0.62679 | val_dev 0.65242 | expl_dev 0.55885
epoch  505 | train_nll -1.34597 | train_fsce 0.63313 | val_dev 0.70656 | expl_dev 0.52224
epoch  510 | train_nll -1.33155 | train_fsce 0.64776 | val_dev 0.69770 | expl_dev 0.52823
epoch  515 | train_nll -1.34423 | train_fsce 0.62576 | val_dev 0.70546 | expl_dev 0.52298
epoch  520 | train_nll -1.34082 | train_fsce 0.61253 | val_dev 0.66763 | expl_dev 0.54856
epoch  525 | train_nll -1.33309 | train_fsce 0.65909 | val_dev 0.66506 | expl_dev 0.55030
epoch  530 | train_nll -1.34263 | train_fsce 0.63608 | val_dev 0.67579 | expl_dev 0.54304
epoch  535 | train_nll -1.33563 | train_fsce 0.63876 | val_dev 0.68046 | expl_dev 0.53988
epoch  540 | train_nll -1.34583 | train_fsce 0.63318 | val_dev 0.69200 | expl_dev 0.53208
epoch  545 | train_nll -1.33204 | train_fsce 0.65281 | val_dev 0.66104 | expl_dev 0.55302
epoch  550 | train_nll -1.32531 | train_fsce 0.65927 | val_dev 0.71569 | expl_dev 0.51606
epoch  555 | train_nll -1.32621 | train_fsce 0.68836 | val_dev 0.75285 | expl_dev 0.49094
epoch  560 | train_nll -1.32282 | train_fsce 0.65145 | val_dev 0.72628 | expl_dev 0.50891
epoch  565 | train_nll -1.32945 | train_fsce 0.66222 | val_dev 0.69846 | expl_dev 0.52771
epoch  570 | train_nll -1.32307 | train_fsce 0.65283 | val_dev 0.72026 | expl_dev 0.51297
epoch  575 | train_nll -1.33919 | train_fsce 0.63817 | val_dev 0.70154 | expl_dev 0.52563
epoch  580 | train_nll -1.33591 | train_fsce 0.65638 | val_dev 0.71135 | expl_dev 0.51900
epoch  585 | train_nll -1.33669 | train_fsce 0.63032 | val_dev 0.69373 | expl_dev 0.53091
epoch  590 | train_nll -1.34210 | train_fsce 0.61572 | val_dev 0.66765 | expl_dev 0.54855
epoch  595 | train_nll -1.33471 | train_fsce 0.64452 | val_dev 0.68153 | expl_dev 0.53916
epoch  600 | train_nll -1.34290 | train_fsce 0.61069 | val_dev 0.66806 | expl_dev 0.54827
epoch  605 | train_nll -1.34473 | train_fsce 0.63583 | val_dev 0.65075 | expl_dev 0.55997
epoch  610 | train_nll -1.33670 | train_fsce 0.64252 | val_dev 0.69174 | expl_dev 0.53226
epoch  615 | train_nll -1.33382 | train_fsce 0.60348 | val_dev 0.68189 | expl_dev 0.53892
epoch  620 | train_nll -1.33365 | train_fsce 0.62596 | val_dev 0.68221 | expl_dev 0.53870
epoch  625 | train_nll -1.34284 | train_fsce 0.63872 | val_dev 0.71553 | expl_dev 0.51617
epoch  630 | train_nll -1.34759 | train_fsce 0.64973 | val_dev 0.68554 | expl_dev 0.53645
epoch  635 | train_nll -1.33889 | train_fsce 0.63093 | val_dev 0.69031 | expl_dev 0.53323
epoch  640 | train_nll -1.34491 | train_fsce 0.65750 | val_dev 0.68773 | expl_dev 0.53497
epoch  645 | train_nll -1.34426 | train_fsce 0.63756 | val_dev 0.66834 | expl_dev 0.54808
epoch  650 | train_nll -1.33045 | train_fsce 0.62882 | val_dev 0.70948 | expl_dev 0.52026
epoch  655 | train_nll -1.33459 | train_fsce 0.61945 | val_dev 0.67050 | expl_dev 0.54662
epoch  660 | train_nll -1.34221 | train_fsce 0.63771 | val_dev 0.68882 | expl_dev 0.53424
epoch  665 | train_nll -1.34871 | train_fsce 0.62049 | val_dev 0.66958 | expl_dev 0.54724
epoch  670 | train_nll -1.35040 | train_fsce 0.62022 | val_dev 0.71580 | expl_dev 0.51599
epoch  675 | train_nll -1.32730 | train_fsce 0.59524 | val_dev 0.69893 | expl_dev 0.52740
epoch  680 | train_nll -1.32899 | train_fsce 0.61493 | val_dev 0.68296 | expl_dev 0.53820
epoch  685 | train_nll -1.33822 | train_fsce 0.64053 | val_dev 0.70176 | expl_dev 0.52548
epoch  690 | train_nll -1.34897 | train_fsce 0.60707 | val_dev 0.66716 | expl_dev 0.54888
epoch  695 | train_nll -1.34174 | train_fsce 0.62578 | val_dev 0.69111 | expl_dev 0.53268
epoch  700 | train_nll -1.34348 | train_fsce 0.64024 | val_dev 0.64833 | expl_dev 0.56161
epoch  705 | train_nll -1.33925 | train_fsce 0.66022 | val_dev 0.66785 | expl_dev 0.54841
epoch  710 | train_nll -1.34947 | train_fsce 0.64274 | val_dev 0.66847 | expl_dev 0.54799
epoch  715 | train_nll -1.33541 | train_fsce 0.61715 | val_dev 0.72087 | expl_dev 0.51256
epoch  720 | train_nll -1.34133 | train_fsce 0.62984 | val_dev 0.69031 | expl_dev 0.53323
epoch  725 | train_nll -1.34776 | train_fsce 0.59936 | val_dev 0.66917 | expl_dev 0.54752
epoch  730 | train_nll -1.34879 | train_fsce 0.61518 | val_dev 0.65822 | expl_dev 0.55493
epoch  735 | train_nll -1.34915 | train_fsce 0.59767 | val_dev 0.67623 | expl_dev 0.54274
epoch  740 | train_nll -1.35732 | train_fsce 0.61799 | val_dev 0.66108 | expl_dev 0.55299
epoch  745 | train_nll -1.35597 | train_fsce 0.60272 | val_dev 0.65809 | expl_dev 0.55501
epoch  750 | train_nll -1.35725 | train_fsce 0.58763 | val_dev 0.64516 | expl_dev 0.56376
epoch  755 | train_nll -1.35448 | train_fsce 0.58656 | val_dev 0.67487 | expl_dev 0.54366
epoch  760 | train_nll -1.35822 | train_fsce 0.63598 | val_dev 0.68477 | expl_dev 0.53697
epoch  765 | train_nll -1.35177 | train_fsce 0.62311 | val_dev 0.66891 | expl_dev 0.54770
epoch  770 | train_nll -1.35117 | train_fsce 0.62029 | val_dev 0.67553 | expl_dev 0.54322
epoch  775 | train_nll -1.33994 | train_fsce 0.62520 | val_dev 0.68372 | expl_dev 0.53768
epoch  780 | train_nll -1.34867 | train_fsce 0.59383 | val_dev 0.66645 | expl_dev 0.54936
epoch  785 | train_nll -1.35784 | train_fsce 0.60955 | val_dev 0.65644 | expl_dev 0.55613
epoch  790 | train_nll -1.35074 | train_fsce 0.60777 | val_dev 0.64499 | expl_dev 0.56387
epoch  795 | train_nll -1.35837 | train_fsce 0.56714 | val_dev 0.65155 | expl_dev 0.55944
epoch  800 | train_nll -1.34306 | train_fsce 0.58709 | val_dev 0.65609 | expl_dev 0.55637
epoch  805 | train_nll -1.35770 | train_fsce 0.60045 | val_dev 0.67226 | expl_dev 0.54543
epoch  810 | train_nll -1.34657 | train_fsce 0.61538 | val_dev 0.65874 | expl_dev 0.55458
epoch  815 | train_nll -1.35873 | train_fsce 0.60532 | val_dev 0.65469 | expl_dev 0.55732
epoch  820 | train_nll -1.35944 | train_fsce 0.61147 | val_dev 0.64821 | expl_dev 0.56169
epoch  825 | train_nll -1.34929 | train_fsce 0.58611 | val_dev 0.65007 | expl_dev 0.56044
epoch  830 | train_nll -1.35770 | train_fsce 0.61646 | val_dev 0.66771 | expl_dev 0.54851
epoch  835 | train_nll -1.34564 | train_fsce 0.61204 | val_dev 0.66403 | expl_dev 0.55100
epoch  840 | train_nll -1.35325 | train_fsce 0.60136 | val_dev 0.63894 | expl_dev 0.56796
epoch  845 | train_nll -1.35594 | train_fsce 0.56842 | val_dev 0.67293 | expl_dev 0.54498
epoch  850 | train_nll -1.35875 | train_fsce 0.60340 | val_dev 0.66271 | expl_dev 0.55189
epoch  855 | train_nll -1.35206 | train_fsce 0.61684 | val_dev 0.64598 | expl_dev 0.56320
epoch  860 | train_nll -1.35459 | train_fsce 0.60113 | val_dev 0.65511 | expl_dev 0.55703
epoch  865 | train_nll -1.35041 | train_fsce 0.59188 | val_dev 0.67684 | expl_dev 0.54234
epoch  870 | train_nll -1.35392 | train_fsce 0.62457 | val_dev 0.62841 | expl_dev 0.57508
epoch  875 | train_nll -1.36019 | train_fsce 0.59437 | val_dev 0.65684 | expl_dev 0.55586
epoch  880 | train_nll -1.36069 | train_fsce 0.59076 | val_dev 0.63848 | expl_dev 0.56828
epoch  885 | train_nll -1.36149 | train_fsce 0.60304 | val_dev 0.62345 | expl_dev 0.57844
epoch  890 | train_nll -1.34840 | train_fsce 0.59023 | val_dev 0.61926 | expl_dev 0.58127
epoch  895 | train_nll -1.34646 | train_fsce 0.62189 | val_dev 0.67464 | expl_dev 0.54383
epoch  900 | train_nll -1.35460 | train_fsce 0.59381 | val_dev 0.65014 | expl_dev 0.56039
epoch  905 | train_nll -1.35229 | train_fsce 0.64058 | val_dev 0.66963 | expl_dev 0.54721
epoch  910 | train_nll -1.33589 | train_fsce 0.64541 | val_dev 0.70288 | expl_dev 0.52472
epoch  915 | train_nll -1.35536 | train_fsce 0.60582 | val_dev 0.65079 | expl_dev 0.55995
epoch  920 | train_nll -1.33907 | train_fsce 0.60141 | val_dev 0.66352 | expl_dev 0.55134
epoch  925 | train_nll -1.33950 | train_fsce 0.60466 | val_dev 0.64514 | expl_dev 0.56377
epoch  930 | train_nll -1.35111 | train_fsce 0.57689 | val_dev 0.64665 | expl_dev 0.56275
epoch  935 | train_nll -1.35251 | train_fsce 0.59866 | val_dev 0.63848 | expl_dev 0.56828
epoch  940 | train_nll -1.35737 | train_fsce 0.60484 | val_dev 0.65374 | expl_dev 0.55795
epoch  945 | train_nll -1.36834 | train_fsce 0.58697 | val_dev 0.65445 | expl_dev 0.55747
epoch  950 | train_nll -1.36281 | train_fsce 0.58098 | val_dev 0.64465 | expl_dev 0.56410
epoch  955 | train_nll -1.35808 | train_fsce 0.60065 | val_dev 0.63766 | expl_dev 0.56883
epoch  960 | train_nll -1.34942 | train_fsce 0.57547 | val_dev 0.64813 | expl_dev 0.56175
epoch  965 | train_nll -1.34991 | train_fsce 0.63318 | val_dev 0.67168 | expl_dev 0.54582
epoch  970 | train_nll -1.35870 | train_fsce 0.62058 | val_dev 0.65468 | expl_dev 0.55732
epoch  975 | train_nll -1.35529 | train_fsce 0.58669 | val_dev 0.63198 | expl_dev 0.57267
epoch  980 | train_nll -1.34906 | train_fsce 0.60021 | val_dev 0.63310 | expl_dev 0.57191
epoch  985 | train_nll -1.36449 | train_fsce 0.58669 | val_dev 0.63127 | expl_dev 0.57315
epoch  990 | train_nll -1.35885 | train_fsce 0.60807 | val_dev 0.62867 | expl_dev 0.57491
epoch  995 | train_nll -1.36023 | train_fsce 0.59554 | val_dev 0.66858 | expl_dev 0.54792
epoch 1000 | train_nll -1.36284 | train_fsce 0.58388 | val_dev 0.61387 | expl_dev 0.58491
已存 /Users/yentso/developer/StartOver/model/v2_ddae_fsce/result/latents.npz
