[dataset]
  dataset = fsq
  csv = data/tky_clean.csv
  cat_col = category
  categories = ['Dining and Drinking', 'Retail', 'Nightlife Spot', 'Community and Government', 'Travel and Transportation', 'Business and Professional Services', 'Landmarks and Outdoors', 'Arts and Entertainment', 'Health and Medicine', 'Sports and Recreation']
  half_width = 50.0
  cell = 15
  center_step = 100
  min_poi = 10
  crs = EPSG:6677

[hparams]
  LATENT_DIM = 2
  EPOCHS = 1000
  BATCH = 256
  LR = 0.001
  WEIGHT_DECAY = 1e-06
  VAL_FRAC = 0.1
  SEED = 0
  N_NEIGHBORS = 15
  GRAPH_METRIC = euclidean
  EDGE_BATCH = 256
  LAMBDA_FSCE = 0.01
  WARMUP_EPOCHS = 200
  NOISE_P = 0.3
  NOISE_MODE = thinning
  N_EXPERTS = 2
  ROUTER_TEMPERATURE = 0.7
  MOE_SCALE = 1.0

1233 個 patch，device=cpu，噪聲 thinning p=0.3
FSCE graph：24904 條邊，a=1.5769 b=0.8951
epoch    1 | train_nll 0.45441 | train_fsce 3.10107 | gate_usage [0.488,0.512] | val_dev 2.22922 | expl_dev -0.50735
epoch    5 | train_nll -0.89523 | train_fsce 1.54788 | gate_usage [0.291,0.709] | val_dev 1.24605 | expl_dev 0.15745
epoch   10 | train_nll -1.09957 | train_fsce 0.92868 | gate_usage [0.301,0.699] | val_dev 1.04694 | expl_dev 0.29208
epoch   15 | train_nll -1.17947 | train_fsce 0.94261 | gate_usage [0.318,0.682] | val_dev 0.87024 | expl_dev 0.41156
epoch   20 | train_nll -1.20932 | train_fsce 0.98779 | gate_usage [0.315,0.685] | val_dev 0.83906 | expl_dev 0.43265
epoch   25 | train_nll -1.22466 | train_fsce 1.01271 | gate_usage [0.325,0.675] | val_dev 0.81799 | expl_dev 0.44689
epoch   30 | train_nll -1.23136 | train_fsce 1.01534 | gate_usage [0.331,0.669] | val_dev 0.80661 | expl_dev 0.45459
epoch   35 | train_nll -1.23389 | train_fsce 0.99686 | gate_usage [0.337,0.663] | val_dev 0.79379 | expl_dev 0.46326
epoch   40 | train_nll -1.24201 | train_fsce 1.01953 | gate_usage [0.344,0.656] | val_dev 0.79350 | expl_dev 0.46345
epoch   45 | train_nll -1.24669 | train_fsce 1.00806 | gate_usage [0.345,0.655] | val_dev 0.79448 | expl_dev 0.46279
epoch   50 | train_nll -1.25385 | train_fsce 0.96605 | gate_usage [0.343,0.657] | val_dev 0.77998 | expl_dev 0.47260
epoch   55 | train_nll -1.25295 | train_fsce 0.95862 | gate_usage [0.356,0.644] | val_dev 0.76896 | expl_dev 0.48004
epoch   60 | train_nll -1.25354 | train_fsce 0.97002 | gate_usage [0.356,0.644] | val_dev 0.75628 | expl_dev 0.48862
epoch   65 | train_nll -1.25821 | train_fsce 0.93630 | gate_usage [0.353,0.647] | val_dev 0.75888 | expl_dev 0.48686
epoch   70 | train_nll -1.26462 | train_fsce 0.95295 | gate_usage [0.366,0.634] | val_dev 0.74718 | expl_dev 0.49477
epoch   75 | train_nll -1.26603 | train_fsce 0.91183 | gate_usage [0.370,0.630] | val_dev 0.75088 | expl_dev 0.49227
epoch   80 | train_nll -1.27011 | train_fsce 0.97021 | gate_usage [0.373,0.627] | val_dev 0.75056 | expl_dev 0.49248
epoch   85 | train_nll -1.27172 | train_fsce 0.89036 | gate_usage [0.371,0.629] | val_dev 0.74589 | expl_dev 0.49564
epoch   90 | train_nll -1.27136 | train_fsce 0.90815 | gate_usage [0.374,0.626] | val_dev 0.77627 | expl_dev 0.47510
epoch   95 | train_nll -1.27293 | train_fsce 0.89997 | gate_usage [0.385,0.615] | val_dev 0.72757 | expl_dev 0.50803
epoch  100 | train_nll -1.27780 | train_fsce 0.87208 | gate_usage [0.394,0.606] | val_dev 0.72220 | expl_dev 0.51166
epoch  105 | train_nll -1.28391 | train_fsce 0.86861 | gate_usage [0.389,0.611] | val_dev 0.73167 | expl_dev 0.50526
epoch  110 | train_nll -1.29231 | train_fsce 0.88809 | gate_usage [0.377,0.623] | val_dev 0.71997 | expl_dev 0.51317
epoch  115 | train_nll -1.29547 | train_fsce 0.85756 | gate_usage [0.384,0.616] | val_dev 0.72329 | expl_dev 0.51092
epoch  120 | train_nll -1.28839 | train_fsce 0.85675 | gate_usage [0.394,0.606] | val_dev 0.72099 | expl_dev 0.51248
epoch  125 | train_nll -1.29152 | train_fsce 0.82239 | gate_usage [0.380,0.620] | val_dev 0.70165 | expl_dev 0.52556
epoch  130 | train_nll -1.28918 | train_fsce 0.85425 | gate_usage [0.392,0.608] | val_dev 0.72314 | expl_dev 0.51102
epoch  135 | train_nll -1.28560 | train_fsce 0.81080 | gate_usage [0.399,0.601] | val_dev 0.72861 | expl_dev 0.50733
epoch  140 | train_nll -1.29158 | train_fsce 0.77761 | gate_usage [0.400,0.600] | val_dev 0.73870 | expl_dev 0.50051
epoch  145 | train_nll -1.30351 | train_fsce 0.79208 | gate_usage [0.383,0.617] | val_dev 0.73411 | expl_dev 0.50361
epoch  150 | train_nll -1.29426 | train_fsce 0.76933 | gate_usage [0.388,0.612] | val_dev 0.69777 | expl_dev 0.52818
epoch  155 | train_nll -1.29682 | train_fsce 0.78478 | gate_usage [0.398,0.602] | val_dev 0.72037 | expl_dev 0.51290
epoch  160 | train_nll -1.29706 | train_fsce 0.80011 | gate_usage [0.392,0.608] | val_dev 0.71268 | expl_dev 0.51810
epoch  165 | train_nll -1.29338 | train_fsce 0.79479 | gate_usage [0.367,0.633] | val_dev 0.73676 | expl_dev 0.50182
epoch  170 | train_nll -1.29291 | train_fsce 0.79079 | gate_usage [0.388,0.612] | val_dev 0.69982 | expl_dev 0.52680
epoch  175 | train_nll -1.30435 | train_fsce 0.74822 | gate_usage [0.406,0.594] | val_dev 0.69175 | expl_dev 0.53225
epoch  180 | train_nll -1.29606 | train_fsce 0.77579 | gate_usage [0.386,0.614] | val_dev 0.69389 | expl_dev 0.53080
epoch  185 | train_nll -1.30192 | train_fsce 0.74254 | gate_usage [0.377,0.623] | val_dev 0.70153 | expl_dev 0.52564
epoch  190 | train_nll -1.29301 | train_fsce 0.74110 | gate_usage [0.387,0.613] | val_dev 0.71108 | expl_dev 0.51918
epoch  195 | train_nll -1.30302 | train_fsce 0.72596 | gate_usage [0.401,0.599] | val_dev 0.70935 | expl_dev 0.52035
epoch  200 | train_nll -1.30681 | train_fsce 0.74310 | gate_usage [0.372,0.628] | val_dev 0.71884 | expl_dev 0.51394
epoch  205 | train_nll -1.31172 | train_fsce 0.72748 | gate_usage [0.377,0.623] | val_dev 0.70484 | expl_dev 0.52340
epoch  210 | train_nll -1.30781 | train_fsce 0.71326 | gate_usage [0.397,0.603] | val_dev 0.69275 | expl_dev 0.53158
epoch  215 | train_nll -1.31229 | train_fsce 0.72162 | gate_usage [0.374,0.626] | val_dev 0.71190 | expl_dev 0.51863
epoch  220 | train_nll -1.30570 | train_fsce 0.68999 | gate_usage [0.389,0.611] | val_dev 0.69875 | expl_dev 0.52752
epoch  225 | train_nll -1.30009 | train_fsce 0.69782 | gate_usage [0.393,0.607] | val_dev 0.71112 | expl_dev 0.51916
epoch  230 | train_nll -1.30046 | train_fsce 0.73269 | gate_usage [0.367,0.633] | val_dev 0.72937 | expl_dev 0.50682
epoch  235 | train_nll -1.30335 | train_fsce 0.71305 | gate_usage [0.381,0.619] | val_dev 0.72833 | expl_dev 0.50752
epoch  240 | train_nll -1.30478 | train_fsce 0.71404 | gate_usage [0.374,0.626] | val_dev 0.71338 | expl_dev 0.51763
epoch  245 | train_nll -1.31336 | train_fsce 0.71367 | gate_usage [0.378,0.622] | val_dev 0.69561 | expl_dev 0.52964
epoch  250 | train_nll -1.29497 | train_fsce 0.66057 | gate_usage [0.366,0.634] | val_dev 0.68925 | expl_dev 0.53394
epoch  255 | train_nll -1.32128 | train_fsce 0.74311 | gate_usage [0.366,0.634] | val_dev 0.67852 | expl_dev 0.54120
epoch  260 | train_nll -1.31114 | train_fsce 0.70759 | gate_usage [0.373,0.627] | val_dev 0.69413 | expl_dev 0.53064
epoch  265 | train_nll -1.31313 | train_fsce 0.66955 | gate_usage [0.391,0.609] | val_dev 0.70371 | expl_dev 0.52417
epoch  270 | train_nll -1.30935 | train_fsce 0.71454 | gate_usage [0.358,0.642] | val_dev 0.71209 | expl_dev 0.51850
epoch  275 | train_nll -1.30998 | train_fsce 0.71645 | gate_usage [0.375,0.625] | val_dev 0.69858 | expl_dev 0.52764
epoch  280 | train_nll -1.31921 | train_fsce 0.70098 | gate_usage [0.360,0.640] | val_dev 0.69046 | expl_dev 0.53312
epoch  285 | train_nll -1.31121 | train_fsce 0.69796 | gate_usage [0.371,0.629] | val_dev 0.68373 | expl_dev 0.53767
epoch  290 | train_nll -1.32114 | train_fsce 0.66894 | gate_usage [0.349,0.651] | val_dev 0.69647 | expl_dev 0.52906
epoch  295 | train_nll -1.31573 | train_fsce 0.66863 | gate_usage [0.368,0.632] | val_dev 0.69876 | expl_dev 0.52751
epoch  300 | train_nll -1.31073 | train_fsce 0.69858 | gate_usage [0.365,0.635] | val_dev 0.71593 | expl_dev 0.51590
epoch  305 | train_nll -1.31199 | train_fsce 0.69293 | gate_usage [0.336,0.664] | val_dev 0.71459 | expl_dev 0.51681
epoch  310 | train_nll -1.32185 | train_fsce 0.66474 | gate_usage [0.353,0.647] | val_dev 0.66956 | expl_dev 0.54726
epoch  315 | train_nll -1.31651 | train_fsce 0.70328 | gate_usage [0.339,0.661] | val_dev 0.72813 | expl_dev 0.50766
epoch  320 | train_nll -1.31211 | train_fsce 0.67467 | gate_usage [0.324,0.676] | val_dev 0.72032 | expl_dev 0.51293
epoch  325 | train_nll -1.31357 | train_fsce 0.66575 | gate_usage [0.374,0.626] | val_dev 0.70891 | expl_dev 0.52065
epoch  330 | train_nll -1.31299 | train_fsce 0.70283 | gate_usage [0.321,0.679] | val_dev 0.71982 | expl_dev 0.51328
epoch  335 | train_nll -1.31516 | train_fsce 0.68960 | gate_usage [0.340,0.660] | val_dev 0.71411 | expl_dev 0.51714
epoch  340 | train_nll -1.31539 | train_fsce 0.63792 | gate_usage [0.342,0.658] | val_dev 0.68826 | expl_dev 0.53461
epoch  345 | train_nll -1.32397 | train_fsce 0.71171 | gate_usage [0.348,0.652] | val_dev 0.69785 | expl_dev 0.52813
epoch  350 | train_nll -1.32547 | train_fsce 0.68553 | gate_usage [0.339,0.661] | val_dev 0.70110 | expl_dev 0.52593
epoch  355 | train_nll -1.32814 | train_fsce 0.64662 | gate_usage [0.364,0.636] | val_dev 0.69879 | expl_dev 0.52749
epoch  360 | train_nll -1.32930 | train_fsce 0.70080 | gate_usage [0.343,0.657] | val_dev 0.68698 | expl_dev 0.53548
epoch  365 | train_nll -1.32011 | train_fsce 0.65550 | gate_usage [0.321,0.679] | val_dev 0.73481 | expl_dev 0.50314
epoch  370 | train_nll -1.31634 | train_fsce 0.66390 | gate_usage [0.341,0.659] | val_dev 0.70030 | expl_dev 0.52647
epoch  375 | train_nll -1.32013 | train_fsce 0.68315 | gate_usage [0.321,0.679] | val_dev 0.70703 | expl_dev 0.52192
epoch  380 | train_nll -1.32105 | train_fsce 0.63364 | gate_usage [0.326,0.674] | val_dev 0.69167 | expl_dev 0.53231
epoch  385 | train_nll -1.32025 | train_fsce 0.67362 | gate_usage [0.320,0.680] | val_dev 0.70529 | expl_dev 0.52310
epoch  390 | train_nll -1.31953 | train_fsce 0.68977 | gate_usage [0.342,0.658] | val_dev 0.68957 | expl_dev 0.53373
epoch  395 | train_nll -1.31433 | train_fsce 0.64807 | gate_usage [0.364,0.636] | val_dev 0.68552 | expl_dev 0.53647
epoch  400 | train_nll -1.32667 | train_fsce 0.69361 | gate_usage [0.339,0.661] | val_dev 0.68030 | expl_dev 0.54000
epoch  405 | train_nll -1.31884 | train_fsce 0.63909 | gate_usage [0.321,0.679] | val_dev 0.67776 | expl_dev 0.54171
epoch  410 | train_nll -1.32803 | train_fsce 0.65734 | gate_usage [0.321,0.679] | val_dev 0.69188 | expl_dev 0.53216
epoch  415 | train_nll -1.33013 | train_fsce 0.64985 | gate_usage [0.338,0.662] | val_dev 0.67297 | expl_dev 0.54495
epoch  420 | train_nll -1.33330 | train_fsce 0.68666 | gate_usage [0.326,0.674] | val_dev 0.68146 | expl_dev 0.53921
epoch  425 | train_nll -1.33171 | train_fsce 0.68480 | gate_usage [0.308,0.692] | val_dev 0.69223 | expl_dev 0.53193
epoch  430 | train_nll -1.30996 | train_fsce 0.67000 | gate_usage [0.317,0.683] | val_dev 0.68003 | expl_dev 0.54017
epoch  435 | train_nll -1.32718 | train_fsce 0.62600 | gate_usage [0.343,0.657] | val_dev 0.67579 | expl_dev 0.54304
epoch  440 | train_nll -1.33432 | train_fsce 0.64278 | gate_usage [0.321,0.679] | val_dev 0.66916 | expl_dev 0.54753
epoch  445 | train_nll -1.33177 | train_fsce 0.64230 | gate_usage [0.343,0.657] | val_dev 0.69523 | expl_dev 0.52990
epoch  450 | train_nll -1.33664 | train_fsce 0.64263 | gate_usage [0.327,0.673] | val_dev 0.66696 | expl_dev 0.54901
epoch  455 | train_nll -1.31912 | train_fsce 0.64527 | gate_usage [0.343,0.657] | val_dev 0.67230 | expl_dev 0.54540
epoch  460 | train_nll -1.32563 | train_fsce 0.65255 | gate_usage [0.360,0.640] | val_dev 0.68022 | expl_dev 0.54005
epoch  465 | train_nll -1.32827 | train_fsce 0.69391 | gate_usage [0.324,0.676] | val_dev 0.68368 | expl_dev 0.53771
epoch  470 | train_nll -1.32789 | train_fsce 0.68243 | gate_usage [0.340,0.660] | val_dev 0.68014 | expl_dev 0.54011
epoch  475 | train_nll -1.33728 | train_fsce 0.67868 | gate_usage [0.323,0.677] | val_dev 0.70956 | expl_dev 0.52021
epoch  480 | train_nll -1.33273 | train_fsce 0.65300 | gate_usage [0.328,0.672] | val_dev 0.68225 | expl_dev 0.53868
epoch  485 | train_nll -1.34015 | train_fsce 0.66973 | gate_usage [0.325,0.675] | val_dev 0.65964 | expl_dev 0.55396
epoch  490 | train_nll -1.33476 | train_fsce 0.66831 | gate_usage [0.325,0.675] | val_dev 0.68216 | expl_dev 0.53874
epoch  495 | train_nll -1.33226 | train_fsce 0.66845 | gate_usage [0.323,0.677] | val_dev 0.67859 | expl_dev 0.54115
epoch  500 | train_nll -1.33244 | train_fsce 0.65155 | gate_usage [0.348,0.652] | val_dev 0.67794 | expl_dev 0.54159
epoch  505 | train_nll -1.33994 | train_fsce 0.66971 | gate_usage [0.315,0.685] | val_dev 0.66038 | expl_dev 0.55347
epoch  510 | train_nll -1.34066 | train_fsce 0.63138 | gate_usage [0.338,0.662] | val_dev 0.67537 | expl_dev 0.54333
epoch  515 | train_nll -1.33778 | train_fsce 0.67279 | gate_usage [0.320,0.680] | val_dev 0.65286 | expl_dev 0.55855
epoch  520 | train_nll -1.34001 | train_fsce 0.67792 | gate_usage [0.330,0.670] | val_dev 0.66176 | expl_dev 0.55253
epoch  525 | train_nll -1.33557 | train_fsce 0.62887 | gate_usage [0.316,0.684] | val_dev 0.67097 | expl_dev 0.54631
epoch  530 | train_nll -1.34300 | train_fsce 0.62661 | gate_usage [0.339,0.661] | val_dev 0.67643 | expl_dev 0.54261
epoch  535 | train_nll -1.34290 | train_fsce 0.64993 | gate_usage [0.318,0.682] | val_dev 0.68300 | expl_dev 0.53817
epoch  540 | train_nll -1.32783 | train_fsce 0.63182 | gate_usage [0.321,0.679] | val_dev 0.68285 | expl_dev 0.53827
epoch  545 | train_nll -1.33673 | train_fsce 0.62296 | gate_usage [0.347,0.653] | val_dev 0.67778 | expl_dev 0.54170
epoch  550 | train_nll -1.33793 | train_fsce 0.65932 | gate_usage [0.319,0.681] | val_dev 0.66333 | expl_dev 0.55147
epoch  555 | train_nll -1.33781 | train_fsce 0.66856 | gate_usage [0.318,0.682] | val_dev 0.69347 | expl_dev 0.53109
epoch  560 | train_nll -1.34483 | train_fsce 0.66513 | gate_usage [0.339,0.661] | val_dev 0.66182 | expl_dev 0.55249
epoch  565 | train_nll -1.33485 | train_fsce 0.63871 | gate_usage [0.313,0.687] | val_dev 0.65316 | expl_dev 0.55835
epoch  570 | train_nll -1.33524 | train_fsce 0.63575 | gate_usage [0.338,0.662] | val_dev 0.66429 | expl_dev 0.55082
epoch  575 | train_nll -1.34522 | train_fsce 0.64360 | gate_usage [0.323,0.677] | val_dev 0.68434 | expl_dev 0.53726
epoch  580 | train_nll -1.33789 | train_fsce 0.66494 | gate_usage [0.333,0.667] | val_dev 0.65977 | expl_dev 0.55388
epoch  585 | train_nll -1.34216 | train_fsce 0.66142 | gate_usage [0.290,0.710] | val_dev 0.66729 | expl_dev 0.54879
epoch  590 | train_nll -1.33831 | train_fsce 0.70241 | gate_usage [0.309,0.691] | val_dev 0.67578 | expl_dev 0.54305
epoch  595 | train_nll -1.33602 | train_fsce 0.67104 | gate_usage [0.311,0.689] | val_dev 0.66654 | expl_dev 0.54930
epoch  600 | train_nll -1.34057 | train_fsce 0.63115 | gate_usage [0.302,0.698] | val_dev 0.65472 | expl_dev 0.55729
epoch  605 | train_nll -1.33934 | train_fsce 0.66119 | gate_usage [0.305,0.695] | val_dev 0.65744 | expl_dev 0.55545
epoch  610 | train_nll -1.33305 | train_fsce 0.65159 | gate_usage [0.309,0.691] | val_dev 0.67213 | expl_dev 0.54552
epoch  615 | train_nll -1.34010 | train_fsce 0.64497 | gate_usage [0.314,0.686] | val_dev 0.66655 | expl_dev 0.54929
epoch  620 | train_nll -1.35116 | train_fsce 0.64170 | gate_usage [0.345,0.655] | val_dev 0.66312 | expl_dev 0.55161
epoch  625 | train_nll -1.33763 | train_fsce 0.60160 | gate_usage [0.326,0.674] | val_dev 0.67611 | expl_dev 0.54283
epoch  630 | train_nll -1.34454 | train_fsce 0.65818 | gate_usage [0.327,0.673] | val_dev 0.66597 | expl_dev 0.54968
epoch  635 | train_nll -1.33610 | train_fsce 0.65601 | gate_usage [0.327,0.673] | val_dev 0.68972 | expl_dev 0.53363
epoch  640 | train_nll -1.34360 | train_fsce 0.65033 | gate_usage [0.325,0.675] | val_dev 0.65374 | expl_dev 0.55796
epoch  645 | train_nll -1.34141 | train_fsce 0.63771 | gate_usage [0.297,0.703] | val_dev 0.68385 | expl_dev 0.53759
epoch  650 | train_nll -1.33496 | train_fsce 0.61483 | gate_usage [0.326,0.674] | val_dev 0.66959 | expl_dev 0.54724
epoch  655 | train_nll -1.34625 | train_fsce 0.64100 | gate_usage [0.328,0.672] | val_dev 0.68585 | expl_dev 0.53624
epoch  660 | train_nll -1.34315 | train_fsce 0.66274 | gate_usage [0.319,0.681] | val_dev 0.65105 | expl_dev 0.55977
epoch  665 | train_nll -1.34698 | train_fsce 0.63144 | gate_usage [0.340,0.660] | val_dev 0.67998 | expl_dev 0.54021
epoch  670 | train_nll -1.34278 | train_fsce 0.62210 | gate_usage [0.336,0.664] | val_dev 0.67261 | expl_dev 0.54519
epoch  675 | train_nll -1.34781 | train_fsce 0.62661 | gate_usage [0.315,0.685] | val_dev 0.67447 | expl_dev 0.54394
epoch  680 | train_nll -1.31882 | train_fsce 0.62411 | gate_usage [0.271,0.729] | val_dev 0.74113 | expl_dev 0.49886
epoch  685 | train_nll -1.32904 | train_fsce 0.66627 | gate_usage [0.292,0.708] | val_dev 0.70595 | expl_dev 0.52265
epoch  690 | train_nll -1.34203 | train_fsce 0.65032 | gate_usage [0.307,0.693] | val_dev 0.68084 | expl_dev 0.53963
epoch  695 | train_nll -1.34508 | train_fsce 0.64152 | gate_usage [0.306,0.694] | val_dev 0.69652 | expl_dev 0.52903
epoch  700 | train_nll -1.34616 | train_fsce 0.63888 | gate_usage [0.307,0.693] | val_dev 0.68738 | expl_dev 0.53521
epoch  705 | train_nll -1.34962 | train_fsce 0.62966 | gate_usage [0.321,0.679] | val_dev 0.68801 | expl_dev 0.53478
epoch  710 | train_nll -1.35260 | train_fsce 0.62866 | gate_usage [0.335,0.665] | val_dev 0.68410 | expl_dev 0.53743
epoch  715 | train_nll -1.34578 | train_fsce 0.64462 | gate_usage [0.323,0.677] | val_dev 0.67143 | expl_dev 0.54599
epoch  720 | train_nll -1.34125 | train_fsce 0.64580 | gate_usage [0.312,0.688] | val_dev 0.67718 | expl_dev 0.54210
epoch  725 | train_nll -1.35524 | train_fsce 0.63604 | gate_usage [0.319,0.681] | val_dev 0.69298 | expl_dev 0.53142
epoch  730 | train_nll -1.34214 | train_fsce 0.63839 | gate_usage [0.329,0.671] | val_dev 0.66715 | expl_dev 0.54888
epoch  735 | train_nll -1.35035 | train_fsce 0.65074 | gate_usage [0.318,0.682] | val_dev 0.67690 | expl_dev 0.54229
epoch  740 | train_nll -1.34865 | train_fsce 0.62658 | gate_usage [0.326,0.674] | val_dev 0.66309 | expl_dev 0.55163
epoch  745 | train_nll -1.35184 | train_fsce 0.64501 | gate_usage [0.329,0.671] | val_dev 0.64831 | expl_dev 0.56162
epoch  750 | train_nll -1.35637 | train_fsce 0.64017 | gate_usage [0.329,0.671] | val_dev 0.65262 | expl_dev 0.55872
epoch  755 | train_nll -1.34889 | train_fsce 0.62320 | gate_usage [0.342,0.658] | val_dev 0.66760 | expl_dev 0.54858
epoch  760 | train_nll -1.35200 | train_fsce 0.62168 | gate_usage [0.335,0.665] | val_dev 0.65225 | expl_dev 0.55896
epoch  765 | train_nll -1.35711 | train_fsce 0.62535 | gate_usage [0.328,0.672] | val_dev 0.65485 | expl_dev 0.55721
epoch  770 | train_nll -1.35397 | train_fsce 0.61712 | gate_usage [0.321,0.679] | val_dev 0.66932 | expl_dev 0.54742
epoch  775 | train_nll -1.35119 | train_fsce 0.62666 | gate_usage [0.316,0.684] | val_dev 0.66890 | expl_dev 0.54770
epoch  780 | train_nll -1.34596 | train_fsce 0.63508 | gate_usage [0.332,0.668] | val_dev 0.65949 | expl_dev 0.55406
epoch  785 | train_nll -1.36745 | train_fsce 0.62755 | gate_usage [0.338,0.662] | val_dev 0.66568 | expl_dev 0.54988
epoch  790 | train_nll -1.35243 | train_fsce 0.65616 | gate_usage [0.331,0.669] | val_dev 0.68127 | expl_dev 0.53934
epoch  795 | train_nll -1.35494 | train_fsce 0.61889 | gate_usage [0.323,0.677] | val_dev 0.65243 | expl_dev 0.55884
epoch  800 | train_nll -1.35313 | train_fsce 0.63309 | gate_usage [0.325,0.675] | val_dev 0.67583 | expl_dev 0.54302
epoch  805 | train_nll -1.35947 | train_fsce 0.62957 | gate_usage [0.331,0.669] | val_dev 0.68331 | expl_dev 0.53796
epoch  810 | train_nll -1.35058 | train_fsce 0.64980 | gate_usage [0.330,0.670] | val_dev 0.66771 | expl_dev 0.54851
epoch  815 | train_nll -1.34280 | train_fsce 0.63671 | gate_usage [0.314,0.686] | val_dev 0.69609 | expl_dev 0.52932
epoch  820 | train_nll -1.35004 | train_fsce 0.65313 | gate_usage [0.322,0.678] | val_dev 0.67667 | expl_dev 0.54245
epoch  825 | train_nll -1.35564 | train_fsce 0.61775 | gate_usage [0.331,0.669] | val_dev 0.67540 | expl_dev 0.54331
epoch  830 | train_nll -1.34937 | train_fsce 0.62926 | gate_usage [0.331,0.669] | val_dev 0.68659 | expl_dev 0.53574
epoch  835 | train_nll -1.35032 | train_fsce 0.64937 | gate_usage [0.310,0.690] | val_dev 0.68616 | expl_dev 0.53603
epoch  840 | train_nll -1.32625 | train_fsce 0.60401 | gate_usage [0.339,0.661] | val_dev 0.69602 | expl_dev 0.52936
epoch  845 | train_nll -1.34472 | train_fsce 0.58762 | gate_usage [0.342,0.658] | val_dev 0.69111 | expl_dev 0.53269
epoch  850 | train_nll -1.34869 | train_fsce 0.61930 | gate_usage [0.326,0.674] | val_dev 0.65444 | expl_dev 0.55748
epoch  855 | train_nll -1.35602 | train_fsce 0.61589 | gate_usage [0.337,0.663] | val_dev 0.66588 | expl_dev 0.54975
epoch  860 | train_nll -1.35689 | train_fsce 0.63909 | gate_usage [0.331,0.669] | val_dev 0.65689 | expl_dev 0.55582
epoch  865 | train_nll -1.35038 | train_fsce 0.64000 | gate_usage [0.351,0.649] | val_dev 0.65911 | expl_dev 0.55432
epoch  870 | train_nll -1.35795 | train_fsce 0.61185 | gate_usage [0.324,0.676] | val_dev 0.65902 | expl_dev 0.55438
epoch  875 | train_nll -1.35336 | train_fsce 0.61242 | gate_usage [0.329,0.671] | val_dev 0.64619 | expl_dev 0.56306
epoch  880 | train_nll -1.36577 | train_fsce 0.61610 | gate_usage [0.323,0.677] | val_dev 0.65124 | expl_dev 0.55965
epoch  885 | train_nll -1.35244 | train_fsce 0.65328 | gate_usage [0.317,0.683] | val_dev 0.68262 | expl_dev 0.53843
epoch  890 | train_nll -1.35607 | train_fsce 0.64125 | gate_usage [0.328,0.672] | val_dev 0.67475 | expl_dev 0.54375
epoch  895 | train_nll -1.35639 | train_fsce 0.61359 | gate_usage [0.347,0.653] | val_dev 0.66062 | expl_dev 0.55330
epoch  900 | train_nll -1.34955 | train_fsce 0.61907 | gate_usage [0.325,0.675] | val_dev 0.66577 | expl_dev 0.54982
epoch  905 | train_nll -1.35772 | train_fsce 0.60279 | gate_usage [0.322,0.678] | val_dev 0.68626 | expl_dev 0.53596
epoch  910 | train_nll -1.35159 | train_fsce 0.61929 | gate_usage [0.346,0.654] | val_dev 0.66196 | expl_dev 0.55240
epoch  915 | train_nll -1.35322 | train_fsce 0.63472 | gate_usage [0.354,0.646] | val_dev 0.69688 | expl_dev 0.52878
epoch  920 | train_nll -1.34908 | train_fsce 0.61826 | gate_usage [0.320,0.680] | val_dev 0.66195 | expl_dev 0.55241
epoch  925 | train_nll -1.35822 | train_fsce 0.61048 | gate_usage [0.332,0.668] | val_dev 0.66731 | expl_dev 0.54878
epoch  930 | train_nll -1.36754 | train_fsce 0.64193 | gate_usage [0.313,0.687] | val_dev 0.67669 | expl_dev 0.54244
epoch  935 | train_nll -1.36688 | train_fsce 0.62593 | gate_usage [0.328,0.672] | val_dev 0.67580 | expl_dev 0.54304
epoch  940 | train_nll -1.34714 | train_fsce 0.67209 | gate_usage [0.310,0.690] | val_dev 0.68469 | expl_dev 0.53702
epoch  945 | train_nll -1.35490 | train_fsce 0.64318 | gate_usage [0.307,0.693] | val_dev 0.67640 | expl_dev 0.54263
epoch  950 | train_nll -1.35430 | train_fsce 0.66347 | gate_usage [0.307,0.693] | val_dev 0.66457 | expl_dev 0.55063
epoch  955 | train_nll -1.35879 | train_fsce 0.66739 | gate_usage [0.314,0.686] | val_dev 0.69296 | expl_dev 0.53143
epoch  960 | train_nll -1.36213 | train_fsce 0.64432 | gate_usage [0.355,0.645] | val_dev 0.69667 | expl_dev 0.52893
epoch  965 | train_nll -1.35885 | train_fsce 0.62811 | gate_usage [0.316,0.684] | val_dev 0.66882 | expl_dev 0.54776
epoch  970 | train_nll -1.37460 | train_fsce 0.62101 | gate_usage [0.326,0.674] | val_dev 0.66680 | expl_dev 0.54912
epoch  975 | train_nll -1.35793 | train_fsce 0.64978 | gate_usage [0.316,0.684] | val_dev 0.69115 | expl_dev 0.53266
epoch  980 | train_nll -1.35488 | train_fsce 0.63677 | gate_usage [0.312,0.688] | val_dev 0.69618 | expl_dev 0.52926
epoch  985 | train_nll -1.35396 | train_fsce 0.62071 | gate_usage [0.319,0.681] | val_dev 0.71136 | expl_dev 0.51899
epoch  990 | train_nll -1.36513 | train_fsce 0.61505 | gate_usage [0.320,0.680] | val_dev 0.66059 | expl_dev 0.55332
epoch  995 | train_nll -1.35121 | train_fsce 0.68707 | gate_usage [0.287,0.713] | val_dev 0.65794 | expl_dev 0.55511
epoch 1000 | train_nll -1.34812 | train_fsce 0.62588 | gate_usage [0.310,0.690] | val_dev 0.70791 | expl_dev 0.52132
已存 C:\Users\楊仟愉\n\project-2\model\v2_ddae_fsce_moe_way1\result\latents.npz
