[dataset]
  dataset = fsq
  csv = data/tky_clean.csv
  cat_col = category
  categories = ['Dining and Drinking', 'Retail', 'Nightlife Spot', 'Community and Government', 'Travel and Transportation', 'Business and Professional Services', 'Landmarks and Outdoors', 'Arts and Entertainment', 'Health and Medicine', 'Sports and Recreation']
  half_width = 50.0
  cell = 15
  center_step = 100
  min_poi = 10
  crs = EPSG:6677

[hparams]
  LATENT_DIM = 2
  EPOCHS = 1000
  BATCH = 256
  LR = 0.001
  WEIGHT_DECAY = 1e-06
  VAL_FRAC = 0.1
  SEED = 0
  N_NEIGHBORS = 15
  GRAPH_METRIC = euclidean
  EDGE_BATCH = 256
  LAMBDA_FSCE = 0.01
  WARMUP_EPOCHS = 200
  NOISE_P = 0.3
  NOISE_MODE = thinning
  N_EXPERTS = 2
  ROUTER_TEMPERATURE = 0.7
  MOE_SCALE = 0.1

1233 個 patch，device=cpu，噪聲 thinning p=0.3
FSCE graph：24904 條邊，a=1.5769 b=0.8951
epoch    1 | train_nll 0.57306 | train_fsce 3.12976 | gate_usage [0.507,0.493] | val_dev 2.60911 | expl_dev -0.76423
epoch    5 | train_nll -0.81270 | train_fsce 2.16768 | gate_usage [0.249,0.751] | val_dev 1.41713 | expl_dev 0.04176
epoch   10 | train_nll -0.99616 | train_fsce 1.13871 | gate_usage [0.179,0.821] | val_dev 1.09471 | expl_dev 0.25978
epoch   15 | train_nll -1.11798 | train_fsce 1.17164 | gate_usage [0.194,0.806] | val_dev 0.95958 | expl_dev 0.35115
epoch   20 | train_nll -1.18238 | train_fsce 1.19622 | gate_usage [0.216,0.784] | val_dev 0.88563 | expl_dev 0.40116
epoch   25 | train_nll -1.21309 | train_fsce 1.15683 | gate_usage [0.246,0.754] | val_dev 0.82177 | expl_dev 0.44434
epoch   30 | train_nll -1.22319 | train_fsce 1.19756 | gate_usage [0.265,0.735] | val_dev 0.80921 | expl_dev 0.45283
epoch   35 | train_nll -1.22009 | train_fsce 1.19514 | gate_usage [0.308,0.692] | val_dev 0.81010 | expl_dev 0.45223
epoch   40 | train_nll -1.23378 | train_fsce 1.16826 | gate_usage [0.345,0.655] | val_dev 0.78637 | expl_dev 0.46827
epoch   45 | train_nll -1.24260 | train_fsce 1.09973 | gate_usage [0.366,0.634] | val_dev 0.78593 | expl_dev 0.46857
epoch   50 | train_nll -1.24921 | train_fsce 1.12932 | gate_usage [0.346,0.654] | val_dev 0.78092 | expl_dev 0.47196
epoch   55 | train_nll -1.25241 | train_fsce 1.07423 | gate_usage [0.377,0.623] | val_dev 0.76919 | expl_dev 0.47989
epoch   60 | train_nll -1.25021 | train_fsce 1.07561 | gate_usage [0.369,0.631] | val_dev 0.76141 | expl_dev 0.48515
epoch   65 | train_nll -1.25340 | train_fsce 1.04527 | gate_usage [0.370,0.630] | val_dev 0.77004 | expl_dev 0.47932
epoch   70 | train_nll -1.26351 | train_fsce 1.03418 | gate_usage [0.411,0.589] | val_dev 0.74557 | expl_dev 0.49586
epoch   75 | train_nll -1.26364 | train_fsce 0.96975 | gate_usage [0.390,0.610] | val_dev 0.75806 | expl_dev 0.48741
epoch   80 | train_nll -1.26583 | train_fsce 1.03538 | gate_usage [0.413,0.587] | val_dev 0.76386 | expl_dev 0.48350
epoch   85 | train_nll -1.27297 | train_fsce 0.94858 | gate_usage [0.425,0.575] | val_dev 0.74962 | expl_dev 0.49312
epoch   90 | train_nll -1.27456 | train_fsce 0.94257 | gate_usage [0.435,0.565] | val_dev 0.73752 | expl_dev 0.50131
epoch   95 | train_nll -1.27572 | train_fsce 0.93355 | gate_usage [0.438,0.562] | val_dev 0.72023 | expl_dev 0.51299
epoch  100 | train_nll -1.27627 | train_fsce 0.89857 | gate_usage [0.447,0.553] | val_dev 0.73926 | expl_dev 0.50013
epoch  105 | train_nll -1.28158 | train_fsce 0.91287 | gate_usage [0.418,0.582] | val_dev 0.73880 | expl_dev 0.50044
epoch  110 | train_nll -1.28773 | train_fsce 0.89255 | gate_usage [0.463,0.537] | val_dev 0.72814 | expl_dev 0.50765
epoch  115 | train_nll -1.28145 | train_fsce 0.91550 | gate_usage [0.404,0.596] | val_dev 0.72278 | expl_dev 0.51127
epoch  120 | train_nll -1.28337 | train_fsce 0.86819 | gate_usage [0.418,0.582] | val_dev 0.73014 | expl_dev 0.50629
epoch  125 | train_nll -1.28048 | train_fsce 0.85791 | gate_usage [0.445,0.555] | val_dev 0.72052 | expl_dev 0.51280
epoch  130 | train_nll -1.29013 | train_fsce 0.87817 | gate_usage [0.405,0.595] | val_dev 0.71591 | expl_dev 0.51592
epoch  135 | train_nll -1.28363 | train_fsce 0.84855 | gate_usage [0.437,0.563] | val_dev 0.71815 | expl_dev 0.51440
epoch  140 | train_nll -1.29183 | train_fsce 0.84075 | gate_usage [0.472,0.528] | val_dev 0.71758 | expl_dev 0.51479
epoch  145 | train_nll -1.29795 | train_fsce 0.83321 | gate_usage [0.434,0.566] | val_dev 0.72722 | expl_dev 0.50827
epoch  150 | train_nll -1.29556 | train_fsce 0.77497 | gate_usage [0.410,0.590] | val_dev 0.71159 | expl_dev 0.51884
epoch  155 | train_nll -1.28856 | train_fsce 0.82586 | gate_usage [0.434,0.566] | val_dev 0.71298 | expl_dev 0.51790
epoch  160 | train_nll -1.29292 | train_fsce 0.83493 | gate_usage [0.370,0.630] | val_dev 0.69356 | expl_dev 0.53103
epoch  165 | train_nll -1.29387 | train_fsce 0.83559 | gate_usage [0.425,0.575] | val_dev 0.70410 | expl_dev 0.52390
epoch  170 | train_nll -1.29219 | train_fsce 0.82186 | gate_usage [0.449,0.551] | val_dev 0.70992 | expl_dev 0.51997
epoch  175 | train_nll -1.30330 | train_fsce 0.74364 | gate_usage [0.453,0.547] | val_dev 0.71593 | expl_dev 0.51590
epoch  180 | train_nll -1.29309 | train_fsce 0.79241 | gate_usage [0.381,0.619] | val_dev 0.68692 | expl_dev 0.53552
epoch  185 | train_nll -1.30025 | train_fsce 0.72766 | gate_usage [0.426,0.574] | val_dev 0.69520 | expl_dev 0.52992
epoch  190 | train_nll -1.30044 | train_fsce 0.73614 | gate_usage [0.426,0.574] | val_dev 0.72313 | expl_dev 0.51103
epoch  195 | train_nll -1.30242 | train_fsce 0.75486 | gate_usage [0.437,0.563] | val_dev 0.72285 | expl_dev 0.51123
epoch  200 | train_nll -1.30785 | train_fsce 0.72583 | gate_usage [0.425,0.575] | val_dev 0.70394 | expl_dev 0.52401
epoch  205 | train_nll -1.30950 | train_fsce 0.73441 | gate_usage [0.434,0.566] | val_dev 0.70870 | expl_dev 0.52079
epoch  210 | train_nll -1.30595 | train_fsce 0.69988 | gate_usage [0.424,0.576] | val_dev 0.70439 | expl_dev 0.52370
epoch  215 | train_nll -1.31238 | train_fsce 0.74649 | gate_usage [0.380,0.620] | val_dev 0.70668 | expl_dev 0.52216
epoch  220 | train_nll -1.30560 | train_fsce 0.74814 | gate_usage [0.426,0.574] | val_dev 0.70460 | expl_dev 0.52356
epoch  225 | train_nll -1.31129 | train_fsce 0.71489 | gate_usage [0.384,0.616] | val_dev 0.69079 | expl_dev 0.53290
epoch  230 | train_nll -1.31310 | train_fsce 0.74941 | gate_usage [0.446,0.554] | val_dev 0.71148 | expl_dev 0.51891
epoch  235 | train_nll -1.30657 | train_fsce 0.69014 | gate_usage [0.404,0.596] | val_dev 0.70124 | expl_dev 0.52584
epoch  240 | train_nll -1.31126 | train_fsce 0.69768 | gate_usage [0.371,0.629] | val_dev 0.69971 | expl_dev 0.52687
epoch  245 | train_nll -1.31451 | train_fsce 0.71304 | gate_usage [0.386,0.614] | val_dev 0.69735 | expl_dev 0.52846
epoch  250 | train_nll -1.30177 | train_fsce 0.68003 | gate_usage [0.420,0.580] | val_dev 0.70340 | expl_dev 0.52437
epoch  255 | train_nll -1.31278 | train_fsce 0.71860 | gate_usage [0.385,0.615] | val_dev 0.68784 | expl_dev 0.53489
epoch  260 | train_nll -1.31754 | train_fsce 0.71955 | gate_usage [0.447,0.553] | val_dev 0.69434 | expl_dev 0.53050
epoch  265 | train_nll -1.31959 | train_fsce 0.68919 | gate_usage [0.401,0.599] | val_dev 0.68398 | expl_dev 0.53751
epoch  270 | train_nll -1.30761 | train_fsce 0.72767 | gate_usage [0.381,0.619] | val_dev 0.72583 | expl_dev 0.50921
epoch  275 | train_nll -1.31390 | train_fsce 0.70819 | gate_usage [0.408,0.592] | val_dev 0.69114 | expl_dev 0.53267
epoch  280 | train_nll -1.31228 | train_fsce 0.69535 | gate_usage [0.381,0.619] | val_dev 0.69430 | expl_dev 0.53053
epoch  285 | train_nll -1.31029 | train_fsce 0.71163 | gate_usage [0.437,0.563] | val_dev 0.70096 | expl_dev 0.52603
epoch  290 | train_nll -1.32538 | train_fsce 0.66808 | gate_usage [0.386,0.614] | val_dev 0.68405 | expl_dev 0.53746
epoch  295 | train_nll -1.32281 | train_fsce 0.67799 | gate_usage [0.389,0.611] | val_dev 0.67805 | expl_dev 0.54152
epoch  300 | train_nll -1.31261 | train_fsce 0.67548 | gate_usage [0.359,0.641] | val_dev 0.69115 | expl_dev 0.53266
epoch  305 | train_nll -1.32265 | train_fsce 0.68164 | gate_usage [0.365,0.635] | val_dev 0.69674 | expl_dev 0.52888
epoch  310 | train_nll -1.31905 | train_fsce 0.68625 | gate_usage [0.364,0.636] | val_dev 0.70191 | expl_dev 0.52538
epoch  315 | train_nll -1.31645 | train_fsce 0.69627 | gate_usage [0.325,0.675] | val_dev 0.67740 | expl_dev 0.54196
epoch  320 | train_nll -1.31999 | train_fsce 0.67517 | gate_usage [0.377,0.623] | val_dev 0.68694 | expl_dev 0.53551
epoch  325 | train_nll -1.32496 | train_fsce 0.68335 | gate_usage [0.363,0.637] | val_dev 0.68921 | expl_dev 0.53397
epoch  330 | train_nll -1.32335 | train_fsce 0.68321 | gate_usage [0.380,0.620] | val_dev 0.69411 | expl_dev 0.53066
epoch  335 | train_nll -1.32637 | train_fsce 0.68337 | gate_usage [0.361,0.639] | val_dev 0.70059 | expl_dev 0.52628
epoch  340 | train_nll -1.30818 | train_fsce 0.67126 | gate_usage [0.333,0.667] | val_dev 0.70807 | expl_dev 0.52121
epoch  345 | train_nll -1.30897 | train_fsce 0.70452 | gate_usage [0.363,0.637] | val_dev 0.80732 | expl_dev 0.45410
epoch  350 | train_nll -1.31697 | train_fsce 0.70218 | gate_usage [0.319,0.681] | val_dev 0.71762 | expl_dev 0.51476
epoch  355 | train_nll -1.32214 | train_fsce 0.65677 | gate_usage [0.311,0.689] | val_dev 0.71192 | expl_dev 0.51861
epoch  360 | train_nll -1.29175 | train_fsce 0.71604 | gate_usage [0.338,0.662] | val_dev 0.73217 | expl_dev 0.50492
epoch  365 | train_nll -1.31747 | train_fsce 0.67089 | gate_usage [0.325,0.675] | val_dev 0.73843 | expl_dev 0.50069
epoch  370 | train_nll -1.31368 | train_fsce 0.67538 | gate_usage [0.318,0.682] | val_dev 0.72870 | expl_dev 0.50727
epoch  375 | train_nll -1.31054 | train_fsce 0.69081 | gate_usage [0.294,0.706] | val_dev 0.70765 | expl_dev 0.52150
epoch  380 | train_nll -1.32333 | train_fsce 0.62336 | gate_usage [0.325,0.675] | val_dev 0.68505 | expl_dev 0.53678
epoch  385 | train_nll -1.32713 | train_fsce 0.64857 | gate_usage [0.344,0.656] | val_dev 0.69374 | expl_dev 0.53091
epoch  390 | train_nll -1.32677 | train_fsce 0.65882 | gate_usage [0.336,0.664] | val_dev 0.68140 | expl_dev 0.53925
epoch  395 | train_nll -1.32721 | train_fsce 0.65513 | gate_usage [0.322,0.678] | val_dev 0.69771 | expl_dev 0.52822
epoch  400 | train_nll -1.33087 | train_fsce 0.67478 | gate_usage [0.336,0.664] | val_dev 0.69032 | expl_dev 0.53322
epoch  405 | train_nll -1.32516 | train_fsce 0.64136 | gate_usage [0.319,0.681] | val_dev 0.68393 | expl_dev 0.53754
epoch  410 | train_nll -1.33436 | train_fsce 0.63305 | gate_usage [0.325,0.675] | val_dev 0.68792 | expl_dev 0.53485
epoch  415 | train_nll -1.32974 | train_fsce 0.63110 | gate_usage [0.353,0.647] | val_dev 0.69844 | expl_dev 0.52773
epoch  420 | train_nll -1.33890 | train_fsce 0.67954 | gate_usage [0.332,0.668] | val_dev 0.69839 | expl_dev 0.52776
epoch  425 | train_nll -1.33191 | train_fsce 0.65464 | gate_usage [0.372,0.628] | val_dev 0.70243 | expl_dev 0.52503
epoch  430 | train_nll -1.32050 | train_fsce 0.61236 | gate_usage [0.312,0.688] | val_dev 0.70522 | expl_dev 0.52315
epoch  435 | train_nll -1.33337 | train_fsce 0.65146 | gate_usage [0.319,0.681] | val_dev 0.67245 | expl_dev 0.54530
epoch  440 | train_nll -1.33883 | train_fsce 0.66195 | gate_usage [0.350,0.650] | val_dev 0.67136 | expl_dev 0.54604
epoch  445 | train_nll -1.33114 | train_fsce 0.68739 | gate_usage [0.285,0.715] | val_dev 0.73250 | expl_dev 0.50470
epoch  450 | train_nll -1.32334 | train_fsce 0.67384 | gate_usage [0.333,0.667] | val_dev 0.70753 | expl_dev 0.52159
epoch  455 | train_nll -1.33339 | train_fsce 0.61957 | gate_usage [0.348,0.652] | val_dev 0.69445 | expl_dev 0.53043
epoch  460 | train_nll -1.33076 | train_fsce 0.64787 | gate_usage [0.310,0.690] | val_dev 0.70595 | expl_dev 0.52265
epoch  465 | train_nll -1.33125 | train_fsce 0.66622 | gate_usage [0.288,0.712] | val_dev 0.68426 | expl_dev 0.53731
epoch  470 | train_nll -1.33509 | train_fsce 0.66142 | gate_usage [0.324,0.676] | val_dev 0.71041 | expl_dev 0.51963
epoch  475 | train_nll -1.33648 | train_fsce 0.65002 | gate_usage [0.355,0.645] | val_dev 0.68095 | expl_dev 0.53955
epoch  480 | train_nll -1.32534 | train_fsce 0.65507 | gate_usage [0.328,0.672] | val_dev 0.68165 | expl_dev 0.53908
epoch  485 | train_nll -1.33776 | train_fsce 0.66258 | gate_usage [0.382,0.618] | val_dev 0.67484 | expl_dev 0.54369
epoch  490 | train_nll -1.32892 | train_fsce 0.66101 | gate_usage [0.371,0.629] | val_dev 0.70247 | expl_dev 0.52500
epoch  495 | train_nll -1.31949 | train_fsce 0.67599 | gate_usage [0.328,0.672] | val_dev 0.69154 | expl_dev 0.53240
epoch  500 | train_nll -1.33786 | train_fsce 0.66087 | gate_usage [0.324,0.676] | val_dev 0.68737 | expl_dev 0.53522
epoch  505 | train_nll -1.33538 | train_fsce 0.67170 | gate_usage [0.368,0.632] | val_dev 0.67704 | expl_dev 0.54220
epoch  510 | train_nll -1.33920 | train_fsce 0.60975 | gate_usage [0.329,0.671] | val_dev 0.68861 | expl_dev 0.53437
epoch  515 | train_nll -1.34238 | train_fsce 0.66733 | gate_usage [0.340,0.660] | val_dev 0.68440 | expl_dev 0.53723
epoch  520 | train_nll -1.34947 | train_fsce 0.66696 | gate_usage [0.374,0.626] | val_dev 0.65479 | expl_dev 0.55725
epoch  525 | train_nll -1.34004 | train_fsce 0.65044 | gate_usage [0.354,0.646] | val_dev 0.70008 | expl_dev 0.52662
epoch  530 | train_nll -1.34424 | train_fsce 0.63463 | gate_usage [0.349,0.651] | val_dev 0.66478 | expl_dev 0.55049
epoch  535 | train_nll -1.33792 | train_fsce 0.66242 | gate_usage [0.365,0.635] | val_dev 0.65570 | expl_dev 0.55663
epoch  540 | train_nll -1.33950 | train_fsce 0.65242 | gate_usage [0.300,0.700] | val_dev 0.73138 | expl_dev 0.50545
epoch  545 | train_nll -1.33275 | train_fsce 0.64841 | gate_usage [0.408,0.592] | val_dev 0.66968 | expl_dev 0.54718
epoch  550 | train_nll -1.32421 | train_fsce 0.67028 | gate_usage [0.362,0.638] | val_dev 0.69491 | expl_dev 0.53012
epoch  555 | train_nll -1.34549 | train_fsce 0.64277 | gate_usage [0.332,0.668] | val_dev 0.67343 | expl_dev 0.54464
epoch  560 | train_nll -1.34084 | train_fsce 0.65756 | gate_usage [0.398,0.602] | val_dev 0.68860 | expl_dev 0.53438
epoch  565 | train_nll -1.32360 | train_fsce 0.65960 | gate_usage [0.335,0.665] | val_dev 0.69474 | expl_dev 0.53023
epoch  570 | train_nll -1.33698 | train_fsce 0.64985 | gate_usage [0.323,0.677] | val_dev 0.67942 | expl_dev 0.54059
epoch  575 | train_nll -1.33864 | train_fsce 0.64086 | gate_usage [0.353,0.647] | val_dev 0.69511 | expl_dev 0.52998
epoch  580 | train_nll -1.34477 | train_fsce 0.66366 | gate_usage [0.347,0.653] | val_dev 0.68806 | expl_dev 0.53475
epoch  585 | train_nll -1.34744 | train_fsce 0.66459 | gate_usage [0.356,0.644] | val_dev 0.66291 | expl_dev 0.55175
epoch  590 | train_nll -1.33356 | train_fsce 0.66561 | gate_usage [0.343,0.657] | val_dev 0.69044 | expl_dev 0.53314
epoch  595 | train_nll -1.33343 | train_fsce 0.63129 | gate_usage [0.281,0.719] | val_dev 0.68210 | expl_dev 0.53878
epoch  600 | train_nll -1.32743 | train_fsce 0.67062 | gate_usage [0.378,0.622] | val_dev 0.70181 | expl_dev 0.52545
epoch  605 | train_nll -1.34607 | train_fsce 0.61764 | gate_usage [0.337,0.663] | val_dev 0.67712 | expl_dev 0.54214
epoch  610 | train_nll -1.34865 | train_fsce 0.64233 | gate_usage [0.361,0.639] | val_dev 0.65543 | expl_dev 0.55681
epoch  615 | train_nll -1.34268 | train_fsce 0.63467 | gate_usage [0.362,0.638] | val_dev 0.67478 | expl_dev 0.54373
epoch  620 | train_nll -1.34838 | train_fsce 0.61324 | gate_usage [0.317,0.683] | val_dev 0.68212 | expl_dev 0.53876
epoch  625 | train_nll -1.34685 | train_fsce 0.62068 | gate_usage [0.339,0.661] | val_dev 0.68085 | expl_dev 0.53962
epoch  630 | train_nll -1.34344 | train_fsce 0.63571 | gate_usage [0.387,0.613] | val_dev 0.68501 | expl_dev 0.53681
epoch  635 | train_nll -1.33747 | train_fsce 0.67320 | gate_usage [0.328,0.672] | val_dev 0.69193 | expl_dev 0.53213
epoch  640 | train_nll -1.33578 | train_fsce 0.66427 | gate_usage [0.358,0.642] | val_dev 0.66613 | expl_dev 0.54958
epoch  645 | train_nll -1.33750 | train_fsce 0.59085 | gate_usage [0.291,0.709] | val_dev 0.69433 | expl_dev 0.53051
epoch  650 | train_nll -1.34103 | train_fsce 0.66165 | gate_usage [0.333,0.667] | val_dev 0.67695 | expl_dev 0.54226
epoch  655 | train_nll -1.34542 | train_fsce 0.64254 | gate_usage [0.299,0.701] | val_dev 0.67290 | expl_dev 0.54500
epoch  660 | train_nll -1.33014 | train_fsce 0.65705 | gate_usage [0.277,0.723] | val_dev 0.70089 | expl_dev 0.52608
epoch  665 | train_nll -1.34817 | train_fsce 0.60463 | gate_usage [0.296,0.704] | val_dev 0.68880 | expl_dev 0.53425
epoch  670 | train_nll -1.33404 | train_fsce 0.61888 | gate_usage [0.325,0.675] | val_dev 0.70566 | expl_dev 0.52284
epoch  675 | train_nll -1.34663 | train_fsce 0.62113 | gate_usage [0.322,0.678] | val_dev 0.66528 | expl_dev 0.55015
epoch  680 | train_nll -1.34622 | train_fsce 0.62232 | gate_usage [0.311,0.689] | val_dev 0.65202 | expl_dev 0.55912
epoch  685 | train_nll -1.34216 | train_fsce 0.65534 | gate_usage [0.341,0.659] | val_dev 0.64401 | expl_dev 0.56453
epoch  690 | train_nll -1.34801 | train_fsce 0.65804 | gate_usage [0.272,0.728] | val_dev 0.67036 | expl_dev 0.54672
epoch  695 | train_nll -1.35233 | train_fsce 0.64995 | gate_usage [0.265,0.735] | val_dev 0.66127 | expl_dev 0.55286
epoch  700 | train_nll -1.34543 | train_fsce 0.61728 | gate_usage [0.304,0.696] | val_dev 0.69327 | expl_dev 0.53122
epoch  705 | train_nll -1.34682 | train_fsce 0.61154 | gate_usage [0.327,0.673] | val_dev 0.67696 | expl_dev 0.54226
epoch  710 | train_nll -1.34601 | train_fsce 0.63505 | gate_usage [0.270,0.730] | val_dev 0.65107 | expl_dev 0.55976
epoch  715 | train_nll -1.34581 | train_fsce 0.64489 | gate_usage [0.300,0.700] | val_dev 0.66946 | expl_dev 0.54732
epoch  720 | train_nll -1.34575 | train_fsce 0.63807 | gate_usage [0.282,0.718] | val_dev 0.67564 | expl_dev 0.54315
epoch  725 | train_nll -1.34360 | train_fsce 0.65980 | gate_usage [0.262,0.738] | val_dev 0.68012 | expl_dev 0.54012
epoch  730 | train_nll -1.34448 | train_fsce 0.67135 | gate_usage [0.259,0.741] | val_dev 0.66051 | expl_dev 0.55338
epoch  735 | train_nll -1.35216 | train_fsce 0.64581 | gate_usage [0.285,0.715] | val_dev 0.68848 | expl_dev 0.53446
epoch  740 | train_nll -1.34956 | train_fsce 0.62760 | gate_usage [0.290,0.710] | val_dev 0.70120 | expl_dev 0.52586
epoch  745 | train_nll -1.35514 | train_fsce 0.63955 | gate_usage [0.302,0.698] | val_dev 0.65519 | expl_dev 0.55697
epoch  750 | train_nll -1.35229 | train_fsce 0.59605 | gate_usage [0.302,0.698] | val_dev 0.70531 | expl_dev 0.52309
epoch  755 | train_nll -1.35675 | train_fsce 0.61965 | gate_usage [0.314,0.686] | val_dev 0.66556 | expl_dev 0.54996
epoch  760 | train_nll -1.34952 | train_fsce 0.61591 | gate_usage [0.285,0.715] | val_dev 0.66262 | expl_dev 0.55195
epoch  765 | train_nll -1.35539 | train_fsce 0.61239 | gate_usage [0.289,0.711] | val_dev 0.67412 | expl_dev 0.54418
epoch  770 | train_nll -1.34859 | train_fsce 0.58123 | gate_usage [0.304,0.696] | val_dev 0.67597 | expl_dev 0.54293
epoch  775 | train_nll -1.35395 | train_fsce 0.62196 | gate_usage [0.320,0.680] | val_dev 0.66895 | expl_dev 0.54767
epoch  780 | train_nll -1.34424 | train_fsce 0.60777 | gate_usage [0.285,0.715] | val_dev 0.68480 | expl_dev 0.53695
epoch  785 | train_nll -1.35240 | train_fsce 0.60760 | gate_usage [0.243,0.757] | val_dev 0.64861 | expl_dev 0.56142
epoch  790 | train_nll -1.35342 | train_fsce 0.63907 | gate_usage [0.318,0.682] | val_dev 0.66432 | expl_dev 0.55080
epoch  795 | train_nll -1.35130 | train_fsce 0.59936 | gate_usage [0.299,0.701] | val_dev 0.66453 | expl_dev 0.55066
epoch  800 | train_nll -1.35354 | train_fsce 0.59688 | gate_usage [0.294,0.706] | val_dev 0.66468 | expl_dev 0.55056
epoch  805 | train_nll -1.35504 | train_fsce 0.61219 | gate_usage [0.259,0.741] | val_dev 0.65688 | expl_dev 0.55583
epoch  810 | train_nll -1.35369 | train_fsce 0.61828 | gate_usage [0.275,0.725] | val_dev 0.64996 | expl_dev 0.56051
epoch  815 | train_nll -1.34237 | train_fsce 0.63507 | gate_usage [0.301,0.699] | val_dev 0.71433 | expl_dev 0.51698
epoch  820 | train_nll -1.35679 | train_fsce 0.64566 | gate_usage [0.281,0.719] | val_dev 0.67137 | expl_dev 0.54603
epoch  825 | train_nll -1.35172 | train_fsce 0.60018 | gate_usage [0.310,0.690] | val_dev 0.69109 | expl_dev 0.53270
epoch  830 | train_nll -1.34886 | train_fsce 0.60947 | gate_usage [0.297,0.703] | val_dev 0.68183 | expl_dev 0.53896
epoch  835 | train_nll -1.34889 | train_fsce 0.61247 | gate_usage [0.295,0.705] | val_dev 0.69465 | expl_dev 0.53029
epoch  840 | train_nll -1.34462 | train_fsce 0.60468 | gate_usage [0.360,0.640] | val_dev 0.67080 | expl_dev 0.54642
epoch  845 | train_nll -1.33974 | train_fsce 0.59203 | gate_usage [0.321,0.679] | val_dev 0.67476 | expl_dev 0.54374
epoch  850 | train_nll -1.35445 | train_fsce 0.58630 | gate_usage [0.281,0.719] | val_dev 0.66377 | expl_dev 0.55117
epoch  855 | train_nll -1.36337 | train_fsce 0.57890 | gate_usage [0.343,0.657] | val_dev 0.68371 | expl_dev 0.53769
epoch  860 | train_nll -1.35730 | train_fsce 0.59439 | gate_usage [0.301,0.699] | val_dev 0.65955 | expl_dev 0.55403
epoch  865 | train_nll -1.36324 | train_fsce 0.59107 | gate_usage [0.330,0.670] | val_dev 0.67038 | expl_dev 0.54670
epoch  870 | train_nll -1.35373 | train_fsce 0.60820 | gate_usage [0.319,0.681] | val_dev 0.65963 | expl_dev 0.55397
epoch  875 | train_nll -1.35824 | train_fsce 0.58347 | gate_usage [0.299,0.701] | val_dev 0.66473 | expl_dev 0.55052
epoch  880 | train_nll -1.36086 | train_fsce 0.57880 | gate_usage [0.325,0.675] | val_dev 0.64275 | expl_dev 0.56539
epoch  885 | train_nll -1.36048 | train_fsce 0.60569 | gate_usage [0.323,0.677] | val_dev 0.65925 | expl_dev 0.55423
epoch  890 | train_nll -1.34819 | train_fsce 0.63080 | gate_usage [0.267,0.733] | val_dev 0.65008 | expl_dev 0.56043
epoch  895 | train_nll -1.35510 | train_fsce 0.61122 | gate_usage [0.372,0.628] | val_dev 0.65981 | expl_dev 0.55385
epoch  900 | train_nll -1.36141 | train_fsce 0.58782 | gate_usage [0.333,0.667] | val_dev 0.65994 | expl_dev 0.55376
epoch  905 | train_nll -1.35952 | train_fsce 0.58517 | gate_usage [0.337,0.663] | val_dev 0.69231 | expl_dev 0.53188
epoch  910 | train_nll -1.34961 | train_fsce 0.62624 | gate_usage [0.345,0.655] | val_dev 0.68135 | expl_dev 0.53928
epoch  915 | train_nll -1.36350 | train_fsce 0.59488 | gate_usage [0.289,0.711] | val_dev 0.64768 | expl_dev 0.56205
epoch  920 | train_nll -1.35824 | train_fsce 0.58595 | gate_usage [0.331,0.669] | val_dev 0.65041 | expl_dev 0.56020
epoch  925 | train_nll -1.35327 | train_fsce 0.60992 | gate_usage [0.277,0.723] | val_dev 0.65340 | expl_dev 0.55818
epoch  930 | train_nll -1.36325 | train_fsce 0.61379 | gate_usage [0.319,0.681] | val_dev 0.67022 | expl_dev 0.54681
epoch  935 | train_nll -1.36368 | train_fsce 0.58649 | gate_usage [0.340,0.660] | val_dev 0.64323 | expl_dev 0.56506
epoch  940 | train_nll -1.36285 | train_fsce 0.61716 | gate_usage [0.318,0.682] | val_dev 0.63033 | expl_dev 0.57379
epoch  945 | train_nll -1.36237 | train_fsce 0.59841 | gate_usage [0.358,0.642] | val_dev 0.66771 | expl_dev 0.54851
epoch  950 | train_nll -1.35817 | train_fsce 0.61782 | gate_usage [0.342,0.658] | val_dev 0.68975 | expl_dev 0.53361
epoch  955 | train_nll -1.36516 | train_fsce 0.61614 | gate_usage [0.317,0.683] | val_dev 0.66213 | expl_dev 0.55228
epoch  960 | train_nll -1.36453 | train_fsce 0.60802 | gate_usage [0.307,0.693] | val_dev 0.65632 | expl_dev 0.55621
epoch  965 | train_nll -1.36213 | train_fsce 0.60914 | gate_usage [0.299,0.701] | val_dev 0.64412 | expl_dev 0.56446
epoch  970 | train_nll -1.37342 | train_fsce 0.60459 | gate_usage [0.337,0.663] | val_dev 0.62586 | expl_dev 0.57681
epoch  975 | train_nll -1.36250 | train_fsce 0.62857 | gate_usage [0.346,0.654] | val_dev 0.63757 | expl_dev 0.56889
epoch  980 | train_nll -1.37150 | train_fsce 0.58499 | gate_usage [0.348,0.652] | val_dev 0.63325 | expl_dev 0.57181
epoch  985 | train_nll -1.35749 | train_fsce 0.61215 | gate_usage [0.326,0.674] | val_dev 0.65033 | expl_dev 0.56026
epoch  990 | train_nll -1.36212 | train_fsce 0.59687 | gate_usage [0.329,0.671] | val_dev 0.63897 | expl_dev 0.56794
epoch  995 | train_nll -1.36059 | train_fsce 0.66207 | gate_usage [0.318,0.682] | val_dev 0.64896 | expl_dev 0.56118
epoch 1000 | train_nll -1.36592 | train_fsce 0.61981 | gate_usage [0.267,0.733] | val_dev 0.64152 | expl_dev 0.56622
已存 c:\Users\楊仟愉\n\project-2\model\v2_ddae_fsce_moe\result\latents.npz
