[dataset]
  dataset = overture
  csv = data/overture/overture_clean.csv
  cat_col = category
  categories = ['food_and_drink', 'services_and_business', 'shopping', 'lifestyle_services', 'health_care', 'arts_and_entertainment', 'education', 'sports_and_recreation', 'travel_and_transportation', 'community_and_government', 'cultural_and_historic', 'lodging', 'geographic_entities']
  half_width = 200.0
  cell = 15
  center_step = 400
  min_poi = 15
  crs = EPSG:6677

[hparams]
  LATENT_DIM = 2
  EPOCHS = 1000
  BATCH = 256
  LR = 0.001
  WEIGHT_DECAY = 0
  VAL_FRAC = 0.1
  SEED = 0
  NOISE_P = 0.3
  NOISE_MODE = thinning

5043 個 patch，device=mps，噪聲 thinning p=0.3
epoch    1 | train_nll -1.89907 | train_fsce 0.00000 | val_dev 27.35618 | expl_dev -0.57761
epoch    5 | train_nll -13.06217 | train_fsce 0.00000 | val_dev 5.14543 | expl_dev 0.70327
epoch   10 | train_nll -14.63504 | train_fsce 0.00000 | val_dev 2.43802 | expl_dev 0.85940
epoch   15 | train_nll -14.77177 | train_fsce 0.00000 | val_dev 2.24732 | expl_dev 0.87040
epoch   20 | train_nll -14.82498 | train_fsce 0.00000 | val_dev 2.21566 | expl_dev 0.87222
epoch   25 | train_nll -14.84349 | train_fsce 0.00000 | val_dev 2.05031 | expl_dev 0.88176
epoch   30 | train_nll -14.85543 | train_fsce 0.00000 | val_dev 2.02171 | expl_dev 0.88341
epoch   35 | train_nll -14.84861 | train_fsce 0.00000 | val_dev 2.03050 | expl_dev 0.88290
epoch   40 | train_nll -14.87565 | train_fsce 0.00000 | val_dev 1.97736 | expl_dev 0.88597
epoch   45 | train_nll -14.54854 | train_fsce 0.00000 | val_dev 2.49357 | expl_dev 0.85620
epoch   50 | train_nll -14.90013 | train_fsce 0.00000 | val_dev 1.85452 | expl_dev 0.89305
epoch   55 | train_nll -14.96878 | train_fsce 0.00000 | val_dev 1.70903 | expl_dev 0.90144
epoch   60 | train_nll -14.98001 | train_fsce 0.00000 | val_dev 1.70355 | expl_dev 0.90176
epoch   65 | train_nll -15.02891 | train_fsce 0.00000 | val_dev 1.57808 | expl_dev 0.90899
epoch   70 | train_nll -15.04262 | train_fsce 0.00000 | val_dev 1.53462 | expl_dev 0.91150
epoch   75 | train_nll -15.05145 | train_fsce 0.00000 | val_dev 1.50791 | expl_dev 0.91304
epoch   80 | train_nll -15.06459 | train_fsce 0.00000 | val_dev 1.47461 | expl_dev 0.91496

[中斷] epoch 81 收到 Ctrl-C，用目前模型存 checkpoint 跟 latent
已存 /Users/yentso/developer/StartOver/model/v2_ddae/result/latents.npz
