[dataset]
  dataset = fsq
  csv = data/tky_clean.csv
  cat_col = category
  categories = ['Dining and Drinking', 'Retail', 'Nightlife Spot', 'Community and Government', 'Travel and Transportation', 'Business and Professional Services', 'Landmarks and Outdoors', 'Arts and Entertainment', 'Health and Medicine', 'Sports and Recreation']
  half_width = 50.0
  cell = 15
  center_step = 100
  min_poi = 10
  crs = EPSG:6677

[hparams]
  LATENT_DIM = 2
  EPOCHS = 1000
  BATCH = 256
  LR = 0.001
  WEIGHT_DECAY = 1e-06
  VAL_FRAC = 0.1
  SEED = 0
  ALPHA_INIT = 0.5
  ALPHA_LEARN = False
  GAT_LR_MULT = 0.2
  GAT_DIM = 16
  GAT_HEADS = 4
  GAT_LAYERS = 2
  GAT_READOUT_DIM = 1
  N_NEIGHBORS = 15
  GRAPH_METRIC = euclidean
  EDGE_BATCH = 256
  LAMBDA_FSCE = 0.01
  WARMUP_EPOCHS = 200
  NOISE_P = 0.3
  NOISE_MODE = thinning
  NOISE_OD_P = 0.3

1233 個 patch，device=mps，噪聲 thinning p=0.3
OD：100.0% 的 patch 有觀測，總量中位數 44，最大 10449
FSCE graph：24900 條邊，a=1.5769 b=0.8951
參數量 38173（GAT 分支 11537，lr x0.2）
alpha 固定 = 0.5000
epoch    1 | train_nll 0.92082 | train_fsce 1.62195 | val_dev 4.52385 | expl_dev -2.05893 | gat_gain +0.00013 | alpha 0.5000 *
epoch    5 | train_nll -0.54848 | train_fsce 2.04949 | val_dev 1.63524 | expl_dev -0.10572 | gat_gain -0.00538 | alpha 0.5000 *
epoch   10 | train_nll -0.93604 | train_fsce 1.12515 | val_dev 1.20767 | expl_dev 0.18340 | gat_gain +0.00772 | alpha 0.5000 *
epoch   15 | train_nll -0.98452 | train_fsce 1.23027 | val_dev 1.16674 | expl_dev 0.21107 | gat_gain +0.01372 | alpha 0.5000 *
epoch   20 | train_nll -1.02094 | train_fsce 0.98094 | val_dev 1.10850 | expl_dev 0.25046 | gat_gain +0.01024 | alpha 0.5000 *
epoch   25 | train_nll -1.10549 | train_fsce 0.66490 | val_dev 0.97179 | expl_dev 0.34289 | gat_gain +0.01914 | alpha 0.5000 *
epoch   30 | train_nll -1.16285 | train_fsce 0.65892 | val_dev 0.88623 | expl_dev 0.40075 | gat_gain +0.03422 | alpha 0.5000 *
epoch   35 | train_nll -1.19935 | train_fsce 0.71776 | val_dev 0.85702 | expl_dev 0.42050 | gat_gain +0.01904 | alpha 0.5000 *
epoch   40 | train_nll -1.21208 | train_fsce 0.73229 | val_dev 0.84300 | expl_dev 0.42998 | gat_gain +0.03593 | alpha 0.5000 *
epoch   45 | train_nll -1.22222 | train_fsce 0.74238 | val_dev 0.83800 | expl_dev 0.43336 | gat_gain +0.03485 | alpha 0.5000 *
epoch   50 | train_nll -1.22728 | train_fsce 0.72890 | val_dev 0.83618 | expl_dev 0.43459 | gat_gain +0.03290 | alpha 0.5000 *
epoch   55 | train_nll -1.23681 | train_fsce 0.71453 | val_dev 0.84056 | expl_dev 0.43163 | gat_gain +0.02131 | alpha 0.5000
epoch   60 | train_nll -1.24081 | train_fsce 0.72497 | val_dev 0.83036 | expl_dev 0.43853 | gat_gain +0.02804 | alpha 0.5000 *
epoch   65 | train_nll -1.24525 | train_fsce 0.74056 | val_dev 0.82618 | expl_dev 0.44135 | gat_gain +0.02680 | alpha 0.5000 *
epoch   70 | train_nll -1.24295 | train_fsce 0.72384 | val_dev 0.81609 | expl_dev 0.44818 | gat_gain +0.03695 | alpha 0.5000 *
epoch   75 | train_nll -1.25020 | train_fsce 0.71171 | val_dev 0.81440 | expl_dev 0.44932 | gat_gain +0.03048 | alpha 0.5000 *
epoch   80 | train_nll -1.25254 | train_fsce 0.71824 | val_dev 0.80774 | expl_dev 0.45382 | gat_gain +0.02416 | alpha 0.5000 *
epoch   85 | train_nll -1.25146 | train_fsce 0.68580 | val_dev 0.81890 | expl_dev 0.44628 | gat_gain +0.04110 | alpha 0.5000
epoch   90 | train_nll -1.25476 | train_fsce 0.68471 | val_dev 0.81335 | expl_dev 0.45003 | gat_gain +0.03440 | alpha 0.5000
epoch   95 | train_nll -1.25588 | train_fsce 0.68162 | val_dev 0.80378 | expl_dev 0.45650 | gat_gain +0.03398 | alpha 0.5000 *
epoch  100 | train_nll -1.25824 | train_fsce 0.66951 | val_dev 0.80305 | expl_dev 0.45699 | gat_gain +0.03717 | alpha 0.5000 *
epoch  105 | train_nll -1.25885 | train_fsce 0.64839 | val_dev 0.80904 | expl_dev 0.45294 | gat_gain +0.04776 | alpha 0.5000
epoch  110 | train_nll -1.26303 | train_fsce 0.65153 | val_dev 0.80183 | expl_dev 0.45782 | gat_gain +0.02761 | alpha 0.5000 *
epoch  115 | train_nll -1.26082 | train_fsce 0.65028 | val_dev 0.78965 | expl_dev 0.46606 | gat_gain +0.03468 | alpha 0.5000 *
epoch  120 | train_nll -1.26770 | train_fsce 0.67234 | val_dev 0.78274 | expl_dev 0.47073 | gat_gain +0.02489 | alpha 0.5000 *
epoch  125 | train_nll -1.26566 | train_fsce 0.64810 | val_dev 0.77820 | expl_dev 0.47380 | gat_gain +0.02511 | alpha 0.5000 *
epoch  130 | train_nll -1.26986 | train_fsce 0.63213 | val_dev 0.77696 | expl_dev 0.47464 | gat_gain +0.02304 | alpha 0.5000 *
epoch  135 | train_nll -1.27033 | train_fsce 0.63417 | val_dev 0.77709 | expl_dev 0.47455 | gat_gain +0.03346 | alpha 0.5000
epoch  140 | train_nll -1.27242 | train_fsce 0.61051 | val_dev 0.76622 | expl_dev 0.48189 | gat_gain +0.03104 | alpha 0.5000 *
epoch  145 | train_nll -1.27656 | train_fsce 0.62115 | val_dev 0.76620 | expl_dev 0.48191 | gat_gain +0.03705 | alpha 0.5000 *
epoch  150 | train_nll -1.27312 | train_fsce 0.60007 | val_dev 0.76224 | expl_dev 0.48459 | gat_gain +0.03019 | alpha 0.5000 *
epoch  155 | train_nll -1.27189 | train_fsce 0.59884 | val_dev 0.75740 | expl_dev 0.48786 | gat_gain +0.02227 | alpha 0.5000 *
epoch  160 | train_nll -1.27793 | train_fsce 0.60548 | val_dev 0.76153 | expl_dev 0.48507 | gat_gain +0.04376 | alpha 0.5000
epoch  165 | train_nll -1.28040 | train_fsce 0.59870 | val_dev 0.76226 | expl_dev 0.48457 | gat_gain +0.04596 | alpha 0.5000
epoch  170 | train_nll -1.28285 | train_fsce 0.59203 | val_dev 0.76763 | expl_dev 0.48095 | gat_gain +0.03661 | alpha 0.5000
epoch  175 | train_nll -1.27967 | train_fsce 0.58595 | val_dev 0.75147 | expl_dev 0.49187 | gat_gain +0.04188 | alpha 0.5000 *
epoch  180 | train_nll -1.28200 | train_fsce 0.57953 | val_dev 0.75304 | expl_dev 0.49081 | gat_gain +0.01765 | alpha 0.5000
epoch  185 | train_nll -1.28812 | train_fsce 0.56655 | val_dev 0.78084 | expl_dev 0.47201 | gat_gain +0.03187 | alpha 0.5000
epoch  190 | train_nll -1.28287 | train_fsce 0.57662 | val_dev 0.75924 | expl_dev 0.48662 | gat_gain +0.02900 | alpha 0.5000
epoch  195 | train_nll -1.29017 | train_fsce 0.56714 | val_dev 0.73876 | expl_dev 0.50047 | gat_gain +0.04353 | alpha 0.5000 *
epoch  200 | train_nll -1.29061 | train_fsce 0.57258 | val_dev 0.75011 | expl_dev 0.49279 | gat_gain +0.03228 | alpha 0.5000
epoch  205 | train_nll -1.29008 | train_fsce 0.58268 | val_dev 0.74229 | expl_dev 0.49808 | gat_gain +0.04783 | alpha 0.5000
epoch  210 | train_nll -1.29456 | train_fsce 0.57409 | val_dev 0.76253 | expl_dev 0.48439 | gat_gain +0.04940 | alpha 0.5000
epoch  215 | train_nll -1.29272 | train_fsce 0.57546 | val_dev 0.77010 | expl_dev 0.47928 | gat_gain +0.04273 | alpha 0.5000
epoch  220 | train_nll -1.28805 | train_fsce 0.56587 | val_dev 0.75975 | expl_dev 0.48627 | gat_gain +0.04467 | alpha 0.5000
epoch  225 | train_nll -1.29090 | train_fsce 0.56657 | val_dev 0.74652 | expl_dev 0.49522 | gat_gain +0.03528 | alpha 0.5000
epoch  230 | train_nll -1.29214 | train_fsce 0.56873 | val_dev 0.72874 | expl_dev 0.50724 | gat_gain +0.03735 | alpha 0.5000 *
epoch  235 | train_nll -1.29643 | train_fsce 0.55468 | val_dev 0.73606 | expl_dev 0.50229 | gat_gain +0.05436 | alpha 0.5000
epoch  240 | train_nll -1.29581 | train_fsce 0.56896 | val_dev 0.74184 | expl_dev 0.49839 | gat_gain +0.04385 | alpha 0.5000
epoch  245 | train_nll -1.29630 | train_fsce 0.55684 | val_dev 0.73623 | expl_dev 0.50218 | gat_gain +0.04353 | alpha 0.5000
epoch  250 | train_nll -1.29614 | train_fsce 0.56078 | val_dev 0.73416 | expl_dev 0.50358 | gat_gain +0.04563 | alpha 0.5000
epoch  255 | train_nll -1.29694 | train_fsce 0.55256 | val_dev 0.73361 | expl_dev 0.50395 | gat_gain +0.04413 | alpha 0.5000
epoch  260 | train_nll -1.29281 | train_fsce 0.55616 | val_dev 0.74165 | expl_dev 0.49851 | gat_gain +0.04098 | alpha 0.5000
epoch  265 | train_nll -1.28589 | train_fsce 0.54723 | val_dev 0.74771 | expl_dev 0.49442 | gat_gain +0.03815 | alpha 0.5000
epoch  270 | train_nll -1.29447 | train_fsce 0.54709 | val_dev 0.74661 | expl_dev 0.49516 | gat_gain +0.03536 | alpha 0.5000
epoch  275 | train_nll -1.29621 | train_fsce 0.53805 | val_dev 0.73676 | expl_dev 0.50181 | gat_gain +0.05275 | alpha 0.5000
epoch  280 | train_nll -1.29556 | train_fsce 0.54160 | val_dev 0.73956 | expl_dev 0.49992 | gat_gain +0.04720 | alpha 0.5000
epoch  285 | train_nll -1.29460 | train_fsce 0.54224 | val_dev 0.74296 | expl_dev 0.49763 | gat_gain +0.04970 | alpha 0.5000
epoch  290 | train_nll -1.30407 | train_fsce 0.57972 | val_dev 0.74850 | expl_dev 0.49388 | gat_gain +0.04369 | alpha 0.5000
epoch  295 | train_nll -1.30285 | train_fsce 0.56056 | val_dev 0.76791 | expl_dev 0.48075 | gat_gain +0.02929 | alpha 0.5000
epoch  300 | train_nll -1.29967 | train_fsce 0.55731 | val_dev 0.74135 | expl_dev 0.49872 | gat_gain +0.03824 | alpha 0.5000
epoch  305 | train_nll -1.29438 | train_fsce 0.54698 | val_dev 0.74968 | expl_dev 0.49308 | gat_gain +0.05413 | alpha 0.5000
epoch  310 | train_nll -1.30280 | train_fsce 0.55746 | val_dev 0.74265 | expl_dev 0.49783 | gat_gain +0.04469 | alpha 0.5000
epoch  315 | train_nll -1.30369 | train_fsce 0.53731 | val_dev 0.72795 | expl_dev 0.50778 | gat_gain +0.05501 | alpha 0.5000 *
epoch  320 | train_nll -1.30391 | train_fsce 0.55507 | val_dev 0.72568 | expl_dev 0.50931 | gat_gain +0.04213 | alpha 0.5000 *
epoch  325 | train_nll -1.30348 | train_fsce 0.53980 | val_dev 0.76259 | expl_dev 0.48435 | gat_gain +0.04311 | alpha 0.5000
epoch  330 | train_nll -1.30275 | train_fsce 0.55168 | val_dev 0.74024 | expl_dev 0.49947 | gat_gain +0.04664 | alpha 0.5000
epoch  335 | train_nll -1.30287 | train_fsce 0.53746 | val_dev 0.74342 | expl_dev 0.49731 | gat_gain +0.03483 | alpha 0.5000
epoch  340 | train_nll -1.30543 | train_fsce 0.53081 | val_dev 0.73868 | expl_dev 0.50052 | gat_gain +0.03499 | alpha 0.5000
epoch  345 | train_nll -1.30109 | train_fsce 0.54663 | val_dev 0.71632 | expl_dev 0.51564 | gat_gain +0.04374 | alpha 0.5000 *
epoch  350 | train_nll -1.30351 | train_fsce 0.52737 | val_dev 0.72767 | expl_dev 0.50797 | gat_gain +0.03477 | alpha 0.5000
epoch  355 | train_nll -1.31000 | train_fsce 0.56161 | val_dev 0.72057 | expl_dev 0.51276 | gat_gain +0.03605 | alpha 0.5000
epoch  360 | train_nll -1.30738 | train_fsce 0.54199 | val_dev 0.71982 | expl_dev 0.51327 | gat_gain +0.04042 | alpha 0.5000
epoch  365 | train_nll -1.30717 | train_fsce 0.53206 | val_dev 0.71241 | expl_dev 0.51828 | gat_gain +0.04482 | alpha 0.5000 *
epoch  370 | train_nll -1.30401 | train_fsce 0.54644 | val_dev 0.73036 | expl_dev 0.50615 | gat_gain +0.05189 | alpha 0.5000
epoch  375 | train_nll -1.30588 | train_fsce 0.54327 | val_dev 0.72711 | expl_dev 0.50834 | gat_gain +0.03806 | alpha 0.5000
epoch  380 | train_nll -1.30847 | train_fsce 0.55377 | val_dev 0.71524 | expl_dev 0.51637 | gat_gain +0.05032 | alpha 0.5000
epoch  385 | train_nll -1.31129 | train_fsce 0.50869 | val_dev 0.71657 | expl_dev 0.51547 | gat_gain +0.04337 | alpha 0.5000
epoch  390 | train_nll -1.30771 | train_fsce 0.52054 | val_dev 0.72986 | expl_dev 0.50649 | gat_gain +0.03755 | alpha 0.5000
epoch  395 | train_nll -1.30761 | train_fsce 0.54024 | val_dev 0.72274 | expl_dev 0.51130 | gat_gain +0.03566 | alpha 0.5000
epoch  400 | train_nll -1.30421 | train_fsce 0.53270 | val_dev 0.72304 | expl_dev 0.51110 | gat_gain +0.05344 | alpha 0.5000
epoch  405 | train_nll -1.31310 | train_fsce 0.51937 | val_dev 0.75469 | expl_dev 0.48969 | gat_gain +0.04367 | alpha 0.5000
epoch  410 | train_nll -1.31149 | train_fsce 0.52747 | val_dev 0.74676 | expl_dev 0.49505 | gat_gain +0.05051 | alpha 0.5000
epoch  415 | train_nll -1.31318 | train_fsce 0.53860 | val_dev 0.71804 | expl_dev 0.51447 | gat_gain +0.03696 | alpha 0.5000
epoch  420 | train_nll -1.31231 | train_fsce 0.54639 | val_dev 0.73043 | expl_dev 0.50610 | gat_gain +0.04819 | alpha 0.5000
epoch  425 | train_nll -1.30981 | train_fsce 0.51926 | val_dev 0.72973 | expl_dev 0.50657 | gat_gain +0.03505 | alpha 0.5000
epoch  430 | train_nll -1.30776 | train_fsce 0.53187 | val_dev 0.75379 | expl_dev 0.49030 | gat_gain +0.03049 | alpha 0.5000
epoch  435 | train_nll -1.30882 | train_fsce 0.52105 | val_dev 0.73351 | expl_dev 0.50402 | gat_gain +0.04399 | alpha 0.5000
epoch  440 | train_nll -1.31577 | train_fsce 0.52590 | val_dev 0.72463 | expl_dev 0.51002 | gat_gain +0.04267 | alpha 0.5000
epoch  445 | train_nll -1.31782 | train_fsce 0.51381 | val_dev 0.73835 | expl_dev 0.50074 | gat_gain +0.02101 | alpha 0.5000
epoch  450 | train_nll -1.31536 | train_fsce 0.51959 | val_dev 0.73283 | expl_dev 0.50447 | gat_gain +0.03856 | alpha 0.5000
epoch  455 | train_nll -1.31252 | train_fsce 0.53886 | val_dev 0.72150 | expl_dev 0.51214 | gat_gain +0.04738 | alpha 0.5000
epoch  460 | train_nll -1.31477 | train_fsce 0.52672 | val_dev 0.73689 | expl_dev 0.50173 | gat_gain +0.05562 | alpha 0.5000
epoch  465 | train_nll -1.31687 | train_fsce 0.53935 | val_dev 0.73722 | expl_dev 0.50151 | gat_gain +0.03801 | alpha 0.5000
epoch  470 | train_nll -1.31812 | train_fsce 0.53952 | val_dev 0.75430 | expl_dev 0.48995 | gat_gain +0.02736 | alpha 0.5000
epoch  475 | train_nll -1.32052 | train_fsce 0.53125 | val_dev 0.74639 | expl_dev 0.49531 | gat_gain +0.02658 | alpha 0.5000
epoch  480 | train_nll -1.31182 | train_fsce 0.53694 | val_dev 0.75057 | expl_dev 0.49248 | gat_gain +0.03358 | alpha 0.5000
epoch  485 | train_nll -1.32133 | train_fsce 0.52612 | val_dev 0.73613 | expl_dev 0.50225 | gat_gain +0.05111 | alpha 0.5000
epoch  490 | train_nll -1.30964 | train_fsce 0.53696 | val_dev 0.75266 | expl_dev 0.49107 | gat_gain +0.03277 | alpha 0.5000
epoch  495 | train_nll -1.31622 | train_fsce 0.52844 | val_dev 0.74656 | expl_dev 0.49519 | gat_gain +0.03437 | alpha 0.5000
epoch  500 | train_nll -1.31809 | train_fsce 0.52475 | val_dev 0.74580 | expl_dev 0.49571 | gat_gain +0.03359 | alpha 0.5000
epoch  505 | train_nll -1.31866 | train_fsce 0.51697 | val_dev 0.73781 | expl_dev 0.50111 | gat_gain +0.04335 | alpha 0.5000
epoch  510 | train_nll -1.31805 | train_fsce 0.54117 | val_dev 0.72983 | expl_dev 0.50651 | gat_gain +0.04161 | alpha 0.5000
epoch  515 | train_nll -1.32372 | train_fsce 0.51929 | val_dev 0.72838 | expl_dev 0.50749 | gat_gain +0.02106 | alpha 0.5000
epoch  520 | train_nll -1.32585 | train_fsce 0.53726 | val_dev 0.72908 | expl_dev 0.50701 | gat_gain +0.02357 | alpha 0.5000
epoch  525 | train_nll -1.31931 | train_fsce 0.51157 | val_dev 0.72777 | expl_dev 0.50790 | gat_gain +0.03762 | alpha 0.5000
epoch  530 | train_nll -1.32697 | train_fsce 0.54786 | val_dev 0.71174 | expl_dev 0.51874 | gat_gain +0.03317 | alpha 0.5000 *
epoch  535 | train_nll -1.32446 | train_fsce 0.51652 | val_dev 0.71637 | expl_dev 0.51561 | gat_gain +0.03672 | alpha 0.5000
epoch  540 | train_nll -1.32322 | train_fsce 0.52724 | val_dev 0.70971 | expl_dev 0.52011 | gat_gain +0.03846 | alpha 0.5000 *
epoch  545 | train_nll -1.32381 | train_fsce 0.54637 | val_dev 0.71704 | expl_dev 0.51515 | gat_gain +0.02544 | alpha 0.5000
epoch  550 | train_nll -1.32725 | train_fsce 0.52417 | val_dev 0.71116 | expl_dev 0.51913 | gat_gain +0.03264 | alpha 0.5000
epoch  555 | train_nll -1.32526 | train_fsce 0.51816 | val_dev 0.70780 | expl_dev 0.52140 | gat_gain +0.03412 | alpha 0.5000 *
epoch  560 | train_nll -1.32707 | train_fsce 0.53988 | val_dev 0.69225 | expl_dev 0.53191 | gat_gain +0.03360 | alpha 0.5000 *
epoch  565 | train_nll -1.32987 | train_fsce 0.53604 | val_dev 0.75073 | expl_dev 0.49237 | gat_gain +0.04624 | alpha 0.5000
epoch  570 | train_nll -1.32864 | train_fsce 0.51638 | val_dev 0.73561 | expl_dev 0.50259 | gat_gain +0.02918 | alpha 0.5000
epoch  575 | train_nll -1.32128 | train_fsce 0.50720 | val_dev 0.71238 | expl_dev 0.51831 | gat_gain +0.03629 | alpha 0.5000
epoch  580 | train_nll -1.31966 | train_fsce 0.53484 | val_dev 0.73378 | expl_dev 0.50383 | gat_gain +0.02807 | alpha 0.5000
epoch  585 | train_nll -1.32026 | train_fsce 0.53871 | val_dev 0.71310 | expl_dev 0.51782 | gat_gain +0.04378 | alpha 0.5000
epoch  590 | train_nll -1.32760 | train_fsce 0.53648 | val_dev 0.71884 | expl_dev 0.51394 | gat_gain +0.03966 | alpha 0.5000
epoch  595 | train_nll -1.32903 | train_fsce 0.55665 | val_dev 0.70230 | expl_dev 0.52512 | gat_gain +0.03827 | alpha 0.5000
epoch  600 | train_nll -1.32788 | train_fsce 0.54059 | val_dev 0.70182 | expl_dev 0.52544 | gat_gain +0.02780 | alpha 0.5000
epoch  605 | train_nll -1.33576 | train_fsce 0.53024 | val_dev 0.73578 | expl_dev 0.50248 | gat_gain +0.03254 | alpha 0.5000
epoch  610 | train_nll -1.33214 | train_fsce 0.50987 | val_dev 0.72940 | expl_dev 0.50679 | gat_gain +0.03322 | alpha 0.5000
epoch  615 | train_nll -1.34228 | train_fsce 0.55009 | val_dev 0.68900 | expl_dev 0.53411 | gat_gain +0.04000 | alpha 0.5000 *
epoch  620 | train_nll -1.32505 | train_fsce 0.50171 | val_dev 0.72557 | expl_dev 0.50939 | gat_gain +0.03782 | alpha 0.5000
epoch  625 | train_nll -1.32414 | train_fsce 0.53181 | val_dev 0.70690 | expl_dev 0.52201 | gat_gain +0.03374 | alpha 0.5000
epoch  630 | train_nll -1.33180 | train_fsce 0.52774 | val_dev 0.69336 | expl_dev 0.53116 | gat_gain +0.03230 | alpha 0.5000
epoch  635 | train_nll -1.33088 | train_fsce 0.52442 | val_dev 0.69922 | expl_dev 0.52720 | gat_gain +0.04108 | alpha 0.5000
epoch  640 | train_nll -1.33212 | train_fsce 0.52292 | val_dev 0.68713 | expl_dev 0.53538 | gat_gain +0.03356 | alpha 0.5000 *
epoch  645 | train_nll -1.33585 | train_fsce 0.52435 | val_dev 0.69838 | expl_dev 0.52777 | gat_gain +0.04354 | alpha 0.5000
epoch  650 | train_nll -1.33617 | train_fsce 0.52994 | val_dev 0.71080 | expl_dev 0.51937 | gat_gain +0.03463 | alpha 0.5000
epoch  655 | train_nll -1.33436 | train_fsce 0.53508 | val_dev 0.69969 | expl_dev 0.52688 | gat_gain +0.03144 | alpha 0.5000
epoch  660 | train_nll -1.33548 | train_fsce 0.53657 | val_dev 0.69625 | expl_dev 0.52921 | gat_gain +0.03740 | alpha 0.5000
epoch  665 | train_nll -1.33683 | train_fsce 0.49753 | val_dev 0.70138 | expl_dev 0.52574 | gat_gain +0.02908 | alpha 0.5000
epoch  670 | train_nll -1.33302 | train_fsce 0.53095 | val_dev 0.70546 | expl_dev 0.52298 | gat_gain +0.03558 | alpha 0.5000
epoch  675 | train_nll -1.33850 | train_fsce 0.52579 | val_dev 0.70247 | expl_dev 0.52501 | gat_gain +0.02766 | alpha 0.5000
epoch  680 | train_nll -1.34066 | train_fsce 0.53420 | val_dev 0.69909 | expl_dev 0.52729 | gat_gain +0.02929 | alpha 0.5000
epoch  685 | train_nll -1.33615 | train_fsce 0.51736 | val_dev 0.69881 | expl_dev 0.52748 | gat_gain +0.03429 | alpha 0.5000
epoch  690 | train_nll -1.33902 | train_fsce 0.52663 | val_dev 0.72037 | expl_dev 0.51290 | gat_gain +0.04039 | alpha 0.5000
epoch  695 | train_nll -1.33195 | train_fsce 0.52779 | val_dev 0.72085 | expl_dev 0.51257 | gat_gain +0.02909 | alpha 0.5000
epoch  700 | train_nll -1.33216 | train_fsce 0.54300 | val_dev 0.70017 | expl_dev 0.52656 | gat_gain +0.04582 | alpha 0.5000
epoch  705 | train_nll -1.33250 | train_fsce 0.52106 | val_dev 0.71778 | expl_dev 0.51465 | gat_gain +0.02972 | alpha 0.5000
epoch  710 | train_nll -1.34129 | train_fsce 0.50906 | val_dev 0.71233 | expl_dev 0.51834 | gat_gain +0.02891 | alpha 0.5000
epoch  715 | train_nll -1.33582 | train_fsce 0.52079 | val_dev 0.70872 | expl_dev 0.52078 | gat_gain +0.04544 | alpha 0.5000
epoch  720 | train_nll -1.33157 | train_fsce 0.51167 | val_dev 0.68906 | expl_dev 0.53407 | gat_gain +0.03050 | alpha 0.5000
epoch  725 | train_nll -1.33485 | train_fsce 0.52799 | val_dev 0.69380 | expl_dev 0.53087 | gat_gain +0.04255 | alpha 0.5000
epoch  730 | train_nll -1.33627 | train_fsce 0.51580 | val_dev 0.70999 | expl_dev 0.51992 | gat_gain +0.03494 | alpha 0.5000
epoch  735 | train_nll -1.33588 | train_fsce 0.49992 | val_dev 0.73260 | expl_dev 0.50463 | gat_gain +0.01822 | alpha 0.5000
epoch  740 | train_nll -1.33176 | train_fsce 0.52671 | val_dev 0.70922 | expl_dev 0.52044 | gat_gain +0.03144 | alpha 0.5000
epoch  745 | train_nll -1.33040 | train_fsce 0.51701 | val_dev 0.70976 | expl_dev 0.52007 | gat_gain +0.02288 | alpha 0.5000
epoch  750 | train_nll -1.34548 | train_fsce 0.51740 | val_dev 0.72574 | expl_dev 0.50927 | gat_gain +0.02811 | alpha 0.5000
epoch  755 | train_nll -1.34355 | train_fsce 0.51944 | val_dev 0.69672 | expl_dev 0.52889 | gat_gain +0.02946 | alpha 0.5000
epoch  760 | train_nll -1.33312 | train_fsce 0.51838 | val_dev 0.71851 | expl_dev 0.51416 | gat_gain +0.02345 | alpha 0.5000
epoch  765 | train_nll -1.33475 | train_fsce 0.51903 | val_dev 0.68004 | expl_dev 0.54017 | gat_gain +0.02879 | alpha 0.5000 *
epoch  770 | train_nll -1.33587 | train_fsce 0.52667 | val_dev 0.67967 | expl_dev 0.54042 | gat_gain +0.02658 | alpha 0.5000 *
epoch  775 | train_nll -1.34273 | train_fsce 0.53273 | val_dev 0.69074 | expl_dev 0.53293 | gat_gain +0.01723 | alpha 0.5000
epoch  780 | train_nll -1.33497 | train_fsce 0.51799 | val_dev 0.68623 | expl_dev 0.53599 | gat_gain +0.01531 | alpha 0.5000
epoch  785 | train_nll -1.34333 | train_fsce 0.51955 | val_dev 0.69231 | expl_dev 0.53187 | gat_gain +0.02759 | alpha 0.5000
epoch  790 | train_nll -1.34482 | train_fsce 0.49444 | val_dev 0.70302 | expl_dev 0.52463 | gat_gain +0.01673 | alpha 0.5000
epoch  795 | train_nll -1.32836 | train_fsce 0.50700 | val_dev 0.68871 | expl_dev 0.53431 | gat_gain +0.03309 | alpha 0.5000
epoch  800 | train_nll -1.34215 | train_fsce 0.52268 | val_dev 0.69185 | expl_dev 0.53219 | gat_gain +0.00705 | alpha 0.5000
epoch  805 | train_nll -1.33857 | train_fsce 0.50893 | val_dev 0.70557 | expl_dev 0.52291 | gat_gain +0.02359 | alpha 0.5000
epoch  810 | train_nll -1.34495 | train_fsce 0.52539 | val_dev 0.70841 | expl_dev 0.52099 | gat_gain +0.02821 | alpha 0.5000
epoch  815 | train_nll -1.33568 | train_fsce 0.50216 | val_dev 0.67451 | expl_dev 0.54391 | gat_gain +0.02398 | alpha 0.5000 *
epoch  820 | train_nll -1.33400 | train_fsce 0.53249 | val_dev 0.67897 | expl_dev 0.54089 | gat_gain +0.01536 | alpha 0.5000
epoch  825 | train_nll -1.33329 | train_fsce 0.52568 | val_dev 0.67374 | expl_dev 0.54443 | gat_gain +0.02773 | alpha 0.5000 *
epoch  830 | train_nll -1.34242 | train_fsce 0.51006 | val_dev 0.73072 | expl_dev 0.50590 | gat_gain +0.02853 | alpha 0.5000
epoch  835 | train_nll -1.33649 | train_fsce 0.52754 | val_dev 0.72745 | expl_dev 0.50811 | gat_gain +0.02754 | alpha 0.5000
epoch  840 | train_nll -1.34939 | train_fsce 0.49858 | val_dev 0.71206 | expl_dev 0.51852 | gat_gain +0.01889 | alpha 0.5000
epoch  845 | train_nll -1.34949 | train_fsce 0.52887 | val_dev 0.70289 | expl_dev 0.52472 | gat_gain +0.01566 | alpha 0.5000
epoch  850 | train_nll -1.34958 | train_fsce 0.50964 | val_dev 0.72191 | expl_dev 0.51186 | gat_gain +0.01311 | alpha 0.5000
epoch  855 | train_nll -1.34131 | train_fsce 0.51111 | val_dev 0.71857 | expl_dev 0.51412 | gat_gain +0.02378 | alpha 0.5000
epoch  860 | train_nll -1.35609 | train_fsce 0.51647 | val_dev 0.70758 | expl_dev 0.52155 | gat_gain +0.02375 | alpha 0.5000
epoch  865 | train_nll -1.34074 | train_fsce 0.53910 | val_dev 0.72293 | expl_dev 0.51117 | gat_gain +0.00776 | alpha 0.5000
epoch  870 | train_nll -1.34057 | train_fsce 0.51294 | val_dev 0.71421 | expl_dev 0.51707 | gat_gain +0.03306 | alpha 0.5000
epoch  875 | train_nll -1.35004 | train_fsce 0.50830 | val_dev 0.70304 | expl_dev 0.52462 | gat_gain +0.01618 | alpha 0.5000
epoch  880 | train_nll -1.35009 | train_fsce 0.50671 | val_dev 0.68781 | expl_dev 0.53492 | gat_gain +0.01985 | alpha 0.5000
epoch  885 | train_nll -1.34753 | train_fsce 0.51213 | val_dev 0.68741 | expl_dev 0.53519 | gat_gain +0.03346 | alpha 0.5000
epoch  890 | train_nll -1.34493 | train_fsce 0.52386 | val_dev 0.67255 | expl_dev 0.54523 | gat_gain +0.02263 | alpha 0.5000 *
epoch  895 | train_nll -1.35308 | train_fsce 0.51593 | val_dev 0.67168 | expl_dev 0.54582 | gat_gain +0.02022 | alpha 0.5000 *
epoch  900 | train_nll -1.32404 | train_fsce 0.52590 | val_dev 0.69599 | expl_dev 0.52939 | gat_gain +0.02226 | alpha 0.5000
epoch  905 | train_nll -1.33597 | train_fsce 0.51688 | val_dev 0.71098 | expl_dev 0.51925 | gat_gain +0.03161 | alpha 0.5000
epoch  910 | train_nll -1.33544 | train_fsce 0.52244 | val_dev 0.71212 | expl_dev 0.51848 | gat_gain +0.01907 | alpha 0.5000
epoch  915 | train_nll -1.34886 | train_fsce 0.50750 | val_dev 0.68709 | expl_dev 0.53540 | gat_gain +0.02686 | alpha 0.5000
epoch  920 | train_nll -1.34470 | train_fsce 0.50574 | val_dev 0.69427 | expl_dev 0.53055 | gat_gain +0.01880 | alpha 0.5000
epoch  925 | train_nll -1.35152 | train_fsce 0.50605 | val_dev 0.67814 | expl_dev 0.54146 | gat_gain +0.01606 | alpha 0.5000
epoch  930 | train_nll -1.35029 | train_fsce 0.51576 | val_dev 0.68053 | expl_dev 0.53984 | gat_gain +0.01550 | alpha 0.5000
epoch  935 | train_nll -1.34932 | train_fsce 0.52048 | val_dev 0.67387 | expl_dev 0.54434 | gat_gain +0.02563 | alpha 0.5000
epoch  940 | train_nll -1.34656 | train_fsce 0.51997 | val_dev 0.71292 | expl_dev 0.51794 | gat_gain +0.02991 | alpha 0.5000
epoch  945 | train_nll -1.35234 | train_fsce 0.51985 | val_dev 0.67501 | expl_dev 0.54357 | gat_gain +0.01992 | alpha 0.5000
epoch  950 | train_nll -1.34677 | train_fsce 0.52068 | val_dev 0.67044 | expl_dev 0.54666 | gat_gain +0.02000 | alpha 0.5000 *
epoch  955 | train_nll -1.34901 | train_fsce 0.52125 | val_dev 0.68309 | expl_dev 0.53811 | gat_gain +0.00904 | alpha 0.5000
epoch  960 | train_nll -1.34632 | train_fsce 0.52910 | val_dev 0.67659 | expl_dev 0.54250 | gat_gain +0.02233 | alpha 0.5000
epoch  965 | train_nll -1.35348 | train_fsce 0.50152 | val_dev 0.67282 | expl_dev 0.54506 | gat_gain +0.01388 | alpha 0.5000
epoch  970 | train_nll -1.34820 | train_fsce 0.51610 | val_dev 0.66762 | expl_dev 0.54857 | gat_gain +0.01964 | alpha 0.5000 *
epoch  975 | train_nll -1.34391 | train_fsce 0.50299 | val_dev 0.69687 | expl_dev 0.52879 | gat_gain +0.00577 | alpha 0.5000
epoch  980 | train_nll -1.34829 | train_fsce 0.50386 | val_dev 0.69978 | expl_dev 0.52682 | gat_gain +0.01816 | alpha 0.5000
epoch  985 | train_nll -1.35177 | train_fsce 0.50877 | val_dev 0.67866 | expl_dev 0.54111 | gat_gain +0.01859 | alpha 0.5000
epoch  990 | train_nll -1.35053 | train_fsce 0.52484 | val_dev 0.68739 | expl_dev 0.53520 | gat_gain +0.03137 | alpha 0.5000
epoch  995 | train_nll -1.35044 | train_fsce 0.51235 | val_dev 0.67445 | expl_dev 0.54395 | gat_gain +0.01430 | alpha 0.5000
epoch 1000 | train_nll -1.35887 | train_fsce 0.48965 | val_dev 0.66976 | expl_dev 0.54712 | gat_gain +0.01931 | alpha 0.5000

[best ] epoch  970 | val_dev 0.66762 | expl_dev 0.54857 | gat_gain +0.01964 | alpha 0.5000
[final] epoch 1000 | val_dev 0.66976 | expl_dev 0.54712 | gat_gain +0.01931 | alpha 0.5000
latent 與 checkpoint 都用 best（epoch 970）那份權重
已存 /Users/yentso/developer/StartOver/model/v3_gat/result/latents_a0.5.npz
