[dataset]
  dataset = overture
  csv = data/overture/overture_clean.csv
  cat_col = category
  categories = ['food_and_drink', 'services_and_business', 'shopping', 'lifestyle_services', 'health_care', 'arts_and_entertainment', 'education', 'sports_and_recreation', 'travel_and_transportation', 'community_and_government', 'cultural_and_historic', 'lodging', 'geographic_entities']
  half_width = 200.0
  cell = 15
  center_step = 400
  min_poi = 15
  crs = EPSG:6677

[hparams]
  LATENT_DIM = 2
  EPOCHS = 200
  BATCH = 256
  LR = 0.001
  WEIGHT_DECAY = 0.0001
  VAL_FRAC = 0.1
  SEED = 0
  N_NEIGHBORS = 15
  GRAPH_METRIC = euclidean
  EDGE_BATCH = 256
  LAMBDA_FSCE = 0
  WARMUP_EPOCHS = 100
  NOISE_P = 0.3
  NOISE_MODE = thinning

5043 個 patch，device=mps，噪聲 thinning p=0.3
FSCE graph：103150 條邊，a=1.5769 b=0.8951
epoch    1 | train_nll 0.31937 | train_fsce 3.07453 | val_dev 41.10567 | expl_dev -1.37054
epoch    5 | train_nll -14.37537 | train_fsce 3.26104 | val_dev 2.93689 | expl_dev 0.83063
epoch   10 | train_nll -14.70483 | train_fsce 2.62100 | val_dev 2.33546 | expl_dev 0.86532
epoch   15 | train_nll -14.79286 | train_fsce 2.55968 | val_dev 2.14601 | expl_dev 0.87624
epoch   20 | train_nll -14.80687 | train_fsce 2.56613 | val_dev 2.11453 | expl_dev 0.87806
epoch   25 | train_nll -14.80875 | train_fsce 2.55179 | val_dev 2.12330 | expl_dev 0.87755
epoch   30 | train_nll -14.82539 | train_fsce 2.47601 | val_dev 2.10378 | expl_dev 0.87868
epoch   35 | train_nll -14.83766 | train_fsce 2.43654 | val_dev 2.10978 | expl_dev 0.87833
epoch   40 | train_nll -14.84382 | train_fsce 2.37525 | val_dev 2.03600 | expl_dev 0.88259
epoch   45 | train_nll -14.84173 | train_fsce 2.20114 | val_dev 2.02660 | expl_dev 0.88313
epoch   50 | train_nll -14.86131 | train_fsce 1.73741 | val_dev 2.02660 | expl_dev 0.88313
epoch   55 | train_nll -14.88179 | train_fsce 1.50814 | val_dev 1.99169 | expl_dev 0.88514
epoch   60 | train_nll -14.93304 | train_fsce 1.51427 | val_dev 1.85667 | expl_dev 0.89293
epoch   65 | train_nll -14.98985 | train_fsce 1.65242 | val_dev 1.69602 | expl_dev 0.90219
epoch   70 | train_nll -15.01222 | train_fsce 1.70529 | val_dev 1.62401 | expl_dev 0.90634
epoch   75 | train_nll -15.02002 | train_fsce 1.73439 | val_dev 1.60022 | expl_dev 0.90772
epoch   80 | train_nll -15.02003 | train_fsce 1.75037 | val_dev 1.61086 | expl_dev 0.90710
epoch   85 | train_nll -15.02914 | train_fsce 1.78156 | val_dev 1.58302 | expl_dev 0.90871
epoch   90 | train_nll -15.03550 | train_fsce 1.77684 | val_dev 1.57271 | expl_dev 0.90930
epoch   95 | train_nll -15.03525 | train_fsce 1.79025 | val_dev 1.59074 | expl_dev 0.90826
epoch  100 | train_nll -15.03608 | train_fsce 1.80872 | val_dev 1.57216 | expl_dev 0.90933
epoch  105 | train_nll -15.03589 | train_fsce 1.81603 | val_dev 1.56288 | expl_dev 0.90987
epoch  110 | train_nll -15.04199 | train_fsce 1.81529 | val_dev 1.56182 | expl_dev 0.90993
epoch  115 | train_nll -15.04304 | train_fsce 1.83341 | val_dev 1.57884 | expl_dev 0.90895
epoch  120 | train_nll -15.05281 | train_fsce 1.84982 | val_dev 1.54714 | expl_dev 0.91078
epoch  125 | train_nll -15.06041 | train_fsce 1.83050 | val_dev 1.57632 | expl_dev 0.90909
epoch  130 | train_nll -15.06352 | train_fsce 1.85678 | val_dev 1.54573 | expl_dev 0.91086
epoch  135 | train_nll -15.06800 | train_fsce 1.84908 | val_dev 1.48091 | expl_dev 0.91460
epoch  140 | train_nll -15.07540 | train_fsce 1.87870 | val_dev 1.48052 | expl_dev 0.91462
epoch  145 | train_nll -15.07693 | train_fsce 1.88232 | val_dev 1.46441 | expl_dev 0.91555
epoch  150 | train_nll -15.08164 | train_fsce 1.86696 | val_dev 1.46954 | expl_dev 0.91525
epoch  155 | train_nll -15.08769 | train_fsce 1.89609 | val_dev 1.42516 | expl_dev 0.91781
epoch  160 | train_nll -15.08753 | train_fsce 1.86471 | val_dev 1.39693 | expl_dev 0.91944
epoch  165 | train_nll -15.09497 | train_fsce 1.87913 | val_dev 1.38664 | expl_dev 0.92003
epoch  170 | train_nll -15.09109 | train_fsce 1.86749 | val_dev 1.35458 | expl_dev 0.92188
epoch  175 | train_nll -15.09501 | train_fsce 1.92628 | val_dev 1.38246 | expl_dev 0.92027
epoch  180 | train_nll -15.10084 | train_fsce 1.86153 | val_dev 1.38170 | expl_dev 0.92032
epoch  185 | train_nll -15.09266 | train_fsce 1.89248 | val_dev 1.40924 | expl_dev 0.91873
epoch  190 | train_nll -15.08669 | train_fsce 1.88592 | val_dev 1.49425 | expl_dev 0.91383
epoch  195 | train_nll -15.10884 | train_fsce 1.84090 | val_dev 1.36940 | expl_dev 0.92103
epoch  200 | train_nll -15.10564 | train_fsce 1.88604 | val_dev 1.35529 | expl_dev 0.92184
已存 /Users/yentso/developer/StartOver/model/v2_ddae_tanh_fsce/result/latents.npz
