[dataset]
  dataset = fsq
  csv = data/tky_clean.csv
  cat_col = category
  categories = ['Dining and Drinking', 'Retail', 'Nightlife Spot', 'Community and Government', 'Travel and Transportation', 'Business and Professional Services', 'Landmarks and Outdoors', 'Arts and Entertainment', 'Health and Medicine', 'Sports and Recreation']
  half_width = 50.0
  cell = 15
  center_step = 100
  min_poi = 10
  crs = EPSG:6677

[hparams]
  LATENT_DIM = 2
  EPOCHS = 1000
  BATCH = 256
  LR = 0.001
  WEIGHT_DECAY = 1e-06
  VAL_FRAC = 0.1
  SEED = 0
  N_NEIGHBORS = 15
  GRAPH_METRIC = euclidean
  EDGE_BATCH = 256
  LAMBDA_FSCE = 0.0
  WARMUP_EPOCHS = 200
  NOISE_P = 0.3
  NOISE_MODE = thinning

1233 個 patch，device=mps，噪聲 thinning p=0.3
FSCE graph：24900 條邊，a=1.5769 b=0.8951
epoch    1 | train_nll 0.25812 | train_fsce 1.44844 | val_dev 1.64253 | expl_dev -0.11065
epoch    5 | train_nll -0.96528 | train_fsce 1.12425 | val_dev 1.16171 | expl_dev 0.21448
epoch   10 | train_nll -1.12349 | train_fsce 0.80727 | val_dev 0.95717 | expl_dev 0.35278
epoch   15 | train_nll -1.17587 | train_fsce 0.84882 | val_dev 0.89366 | expl_dev 0.39573
epoch   20 | train_nll -1.19957 | train_fsce 0.92681 | val_dev 0.85550 | expl_dev 0.42153
epoch   25 | train_nll -1.20264 | train_fsce 0.96413 | val_dev 0.85885 | expl_dev 0.41927
epoch   30 | train_nll -1.21622 | train_fsce 1.00373 | val_dev 0.84401 | expl_dev 0.42930
epoch   35 | train_nll -1.22141 | train_fsce 1.04122 | val_dev 0.83664 | expl_dev 0.43428
epoch   40 | train_nll -1.22891 | train_fsce 1.01760 | val_dev 0.82755 | expl_dev 0.44043
epoch   45 | train_nll -1.23167 | train_fsce 1.07307 | val_dev 0.82810 | expl_dev 0.44005
epoch   50 | train_nll -1.23432 | train_fsce 1.07743 | val_dev 0.82553 | expl_dev 0.44180
epoch   55 | train_nll -1.23882 | train_fsce 1.08769 | val_dev 0.82371 | expl_dev 0.44302
epoch   60 | train_nll -1.24412 | train_fsce 1.04278 | val_dev 0.82349 | expl_dev 0.44317
epoch   65 | train_nll -1.24488 | train_fsce 1.10442 | val_dev 0.81003 | expl_dev 0.45227
epoch   70 | train_nll -1.24829 | train_fsce 1.03689 | val_dev 0.80584 | expl_dev 0.45511
epoch   75 | train_nll -1.25252 | train_fsce 1.05062 | val_dev 0.80362 | expl_dev 0.45661
epoch   80 | train_nll -1.25795 | train_fsce 1.04047 | val_dev 0.80155 | expl_dev 0.45801
epoch   85 | train_nll -1.25821 | train_fsce 1.05628 | val_dev 0.81815 | expl_dev 0.44679
epoch   90 | train_nll -1.25761 | train_fsce 1.00924 | val_dev 0.80178 | expl_dev 0.45786
epoch   95 | train_nll -1.25367 | train_fsce 1.03401 | val_dev 0.80656 | expl_dev 0.45462
epoch  100 | train_nll -1.25852 | train_fsce 0.98703 | val_dev 0.78792 | expl_dev 0.46722
epoch  105 | train_nll -1.26432 | train_fsce 1.01072 | val_dev 0.78707 | expl_dev 0.46780
epoch  110 | train_nll -1.26703 | train_fsce 0.97311 | val_dev 0.79158 | expl_dev 0.46475
epoch  115 | train_nll -1.27072 | train_fsce 0.95043 | val_dev 0.78551 | expl_dev 0.46885
epoch  120 | train_nll -1.26582 | train_fsce 0.96766 | val_dev 0.78972 | expl_dev 0.46601
epoch  125 | train_nll -1.27080 | train_fsce 0.96649 | val_dev 0.78404 | expl_dev 0.46985
epoch  130 | train_nll -1.26894 | train_fsce 0.91870 | val_dev 0.78282 | expl_dev 0.47067
epoch  135 | train_nll -1.26994 | train_fsce 0.96487 | val_dev 0.77559 | expl_dev 0.47557
epoch  140 | train_nll -1.27148 | train_fsce 0.90943 | val_dev 0.78428 | expl_dev 0.46968
epoch  145 | train_nll -1.27963 | train_fsce 0.88783 | val_dev 0.77469 | expl_dev 0.47617
epoch  150 | train_nll -1.27443 | train_fsce 0.86605 | val_dev 0.76187 | expl_dev 0.48484
epoch  155 | train_nll -1.27878 | train_fsce 0.91353 | val_dev 0.76515 | expl_dev 0.48262
epoch  160 | train_nll -1.27561 | train_fsce 0.89036 | val_dev 0.77777 | expl_dev 0.47408
epoch  165 | train_nll -1.27401 | train_fsce 0.82656 | val_dev 0.77477 | expl_dev 0.47612
epoch  170 | train_nll -1.28293 | train_fsce 0.87802 | val_dev 0.74723 | expl_dev 0.49474
epoch  175 | train_nll -1.28243 | train_fsce 0.84404 | val_dev 0.75308 | expl_dev 0.49078
epoch  180 | train_nll -1.28037 | train_fsce 0.84269 | val_dev 0.75345 | expl_dev 0.49054
epoch  185 | train_nll -1.28162 | train_fsce 0.83303 | val_dev 0.74024 | expl_dev 0.49947
epoch  190 | train_nll -1.28636 | train_fsce 0.85882 | val_dev 0.73667 | expl_dev 0.50188
epoch  195 | train_nll -1.28554 | train_fsce 0.86051 | val_dev 0.76060 | expl_dev 0.48570
epoch  200 | train_nll -1.28546 | train_fsce 0.85499 | val_dev 0.75016 | expl_dev 0.49276
epoch  205 | train_nll -1.29097 | train_fsce 0.82301 | val_dev 0.72209 | expl_dev 0.51174
epoch  210 | train_nll -1.28970 | train_fsce 0.86134 | val_dev 0.73881 | expl_dev 0.50043
epoch  215 | train_nll -1.28462 | train_fsce 0.79922 | val_dev 0.73432 | expl_dev 0.50347
epoch  220 | train_nll -1.28145 | train_fsce 0.79544 | val_dev 0.75499 | expl_dev 0.48949
epoch  225 | train_nll -1.29185 | train_fsce 0.80180 | val_dev 0.74522 | expl_dev 0.49609
epoch  230 | train_nll -1.29384 | train_fsce 0.77913 | val_dev 0.72275 | expl_dev 0.51129
epoch  235 | train_nll -1.29473 | train_fsce 0.76284 | val_dev 0.73583 | expl_dev 0.50245
epoch  240 | train_nll -1.29494 | train_fsce 0.78759 | val_dev 0.71697 | expl_dev 0.51520
epoch  245 | train_nll -1.29266 | train_fsce 0.78272 | val_dev 0.71228 | expl_dev 0.51837
epoch  250 | train_nll -1.29960 | train_fsce 0.80405 | val_dev 0.72691 | expl_dev 0.50848
epoch  255 | train_nll -1.28740 | train_fsce 0.75425 | val_dev 0.71173 | expl_dev 0.51875
epoch  260 | train_nll -1.29844 | train_fsce 0.72734 | val_dev 0.70879 | expl_dev 0.52073
epoch  265 | train_nll -1.30453 | train_fsce 0.73995 | val_dev 0.72421 | expl_dev 0.51031
epoch  270 | train_nll -1.30275 | train_fsce 0.71613 | val_dev 0.70002 | expl_dev 0.52666
epoch  275 | train_nll -1.30191 | train_fsce 0.71069 | val_dev 0.69563 | expl_dev 0.52963
epoch  280 | train_nll -1.30329 | train_fsce 0.73492 | val_dev 0.69972 | expl_dev 0.52686
epoch  285 | train_nll -1.30276 | train_fsce 0.74516 | val_dev 0.70175 | expl_dev 0.52549
epoch  290 | train_nll -1.30516 | train_fsce 0.73168 | val_dev 0.69876 | expl_dev 0.52751
epoch  295 | train_nll -1.30341 | train_fsce 0.72167 | val_dev 0.71717 | expl_dev 0.51507
epoch  300 | train_nll -1.30626 | train_fsce 0.72105 | val_dev 0.71455 | expl_dev 0.51684
epoch  305 | train_nll -1.30358 | train_fsce 0.68911 | val_dev 0.69907 | expl_dev 0.52730
epoch  310 | train_nll -1.30408 | train_fsce 0.72761 | val_dev 0.70508 | expl_dev 0.52324
epoch  315 | train_nll -1.30289 | train_fsce 0.74551 | val_dev 0.72294 | expl_dev 0.51116
epoch  320 | train_nll -1.30172 | train_fsce 0.72077 | val_dev 0.68679 | expl_dev 0.53561
epoch  325 | train_nll -1.30521 | train_fsce 0.70703 | val_dev 0.70812 | expl_dev 0.52119
epoch  330 | train_nll -1.30750 | train_fsce 0.70702 | val_dev 0.71946 | expl_dev 0.51352
epoch  335 | train_nll -1.31104 | train_fsce 0.69707 | val_dev 0.68760 | expl_dev 0.53506
epoch  340 | train_nll -1.31132 | train_fsce 0.69877 | val_dev 0.69737 | expl_dev 0.52845
epoch  345 | train_nll -1.30855 | train_fsce 0.72504 | val_dev 0.70632 | expl_dev 0.52240
epoch  350 | train_nll -1.31492 | train_fsce 0.72518 | val_dev 0.69535 | expl_dev 0.52982
epoch  355 | train_nll -1.31097 | train_fsce 0.69766 | val_dev 0.69214 | expl_dev 0.53199
epoch  360 | train_nll -1.30831 | train_fsce 0.72000 | val_dev 0.70256 | expl_dev 0.52494
epoch  365 | train_nll -1.31214 | train_fsce 0.68277 | val_dev 0.69259 | expl_dev 0.53168
epoch  370 | train_nll -1.31111 | train_fsce 0.69188 | val_dev 0.68587 | expl_dev 0.53623
epoch  375 | train_nll -1.30547 | train_fsce 0.72157 | val_dev 0.68413 | expl_dev 0.53741
epoch  380 | train_nll -1.31367 | train_fsce 0.67290 | val_dev 0.68267 | expl_dev 0.53839
epoch  385 | train_nll -1.31629 | train_fsce 0.69115 | val_dev 0.67722 | expl_dev 0.54208
epoch  390 | train_nll -1.31271 | train_fsce 0.69553 | val_dev 0.69012 | expl_dev 0.53336
epoch  395 | train_nll -1.31212 | train_fsce 0.71537 | val_dev 0.68599 | expl_dev 0.53615
epoch  400 | train_nll -1.31596 | train_fsce 0.65681 | val_dev 0.70050 | expl_dev 0.52634
epoch  405 | train_nll -1.31467 | train_fsce 0.69159 | val_dev 0.68673 | expl_dev 0.53565
epoch  410 | train_nll -1.31759 | train_fsce 0.66324 | val_dev 0.68546 | expl_dev 0.53651
epoch  415 | train_nll -1.30953 | train_fsce 0.67685 | val_dev 0.67958 | expl_dev 0.54048
epoch  420 | train_nll -1.31534 | train_fsce 0.65263 | val_dev 0.68046 | expl_dev 0.53989
epoch  425 | train_nll -1.32343 | train_fsce 0.70689 | val_dev 0.68070 | expl_dev 0.53972
epoch  430 | train_nll -1.31437 | train_fsce 0.66512 | val_dev 0.70188 | expl_dev 0.52540
epoch  435 | train_nll -1.32031 | train_fsce 0.67439 | val_dev 0.68496 | expl_dev 0.53684
epoch  440 | train_nll -1.31878 | train_fsce 0.66705 | val_dev 0.70571 | expl_dev 0.52282
epoch  445 | train_nll -1.31950 | train_fsce 0.71063 | val_dev 0.67963 | expl_dev 0.54045
epoch  450 | train_nll -1.31037 | train_fsce 0.64584 | val_dev 0.69089 | expl_dev 0.53284
epoch  455 | train_nll -1.31178 | train_fsce 0.65720 | val_dev 0.69031 | expl_dev 0.53323
epoch  460 | train_nll -1.32287 | train_fsce 0.65728 | val_dev 0.68631 | expl_dev 0.53593
epoch  465 | train_nll -1.32560 | train_fsce 0.67862 | val_dev 0.67302 | expl_dev 0.54492
epoch  470 | train_nll -1.32307 | train_fsce 0.68264 | val_dev 0.68470 | expl_dev 0.53702
epoch  475 | train_nll -1.32212 | train_fsce 0.68853 | val_dev 0.70405 | expl_dev 0.52394
epoch  480 | train_nll -1.31731 | train_fsce 0.66967 | val_dev 0.66955 | expl_dev 0.54726
epoch  485 | train_nll -1.32570 | train_fsce 0.66171 | val_dev 0.66406 | expl_dev 0.55097
epoch  490 | train_nll -1.31374 | train_fsce 0.65969 | val_dev 0.69336 | expl_dev 0.53116
epoch  495 | train_nll -1.31644 | train_fsce 0.64721 | val_dev 0.67831 | expl_dev 0.54134
epoch  500 | train_nll -1.32224 | train_fsce 0.66554 | val_dev 0.67540 | expl_dev 0.54331
epoch  505 | train_nll -1.32223 | train_fsce 0.63316 | val_dev 0.69384 | expl_dev 0.53084
epoch  510 | train_nll -1.32008 | train_fsce 0.64246 | val_dev 0.67320 | expl_dev 0.54479
epoch  515 | train_nll -1.32488 | train_fsce 0.66260 | val_dev 0.69189 | expl_dev 0.53216
epoch  520 | train_nll -1.32954 | train_fsce 0.62948 | val_dev 0.67730 | expl_dev 0.54202
epoch  525 | train_nll -1.32137 | train_fsce 0.69834 | val_dev 0.67153 | expl_dev 0.54593
epoch  530 | train_nll -1.32768 | train_fsce 0.64523 | val_dev 0.68874 | expl_dev 0.53428
epoch  535 | train_nll -1.32983 | train_fsce 0.68214 | val_dev 0.67172 | expl_dev 0.54580
epoch  540 | train_nll -1.32680 | train_fsce 0.62345 | val_dev 0.70048 | expl_dev 0.52635
epoch  545 | train_nll -1.32124 | train_fsce 0.68134 | val_dev 0.69728 | expl_dev 0.52851
epoch  550 | train_nll -1.32436 | train_fsce 0.63872 | val_dev 0.69199 | expl_dev 0.53209
epoch  555 | train_nll -1.32358 | train_fsce 0.65526 | val_dev 0.69534 | expl_dev 0.52983
epoch  560 | train_nll -1.32604 | train_fsce 0.64307 | val_dev 0.67427 | expl_dev 0.54407
epoch  565 | train_nll -1.32077 | train_fsce 0.67007 | val_dev 0.67573 | expl_dev 0.54309
epoch  570 | train_nll -1.33057 | train_fsce 0.65671 | val_dev 0.67072 | expl_dev 0.54647
epoch  575 | train_nll -1.32510 | train_fsce 0.64694 | val_dev 0.68577 | expl_dev 0.53630
epoch  580 | train_nll -1.32817 | train_fsce 0.67305 | val_dev 0.67156 | expl_dev 0.54591
epoch  585 | train_nll -1.33218 | train_fsce 0.63207 | val_dev 0.66376 | expl_dev 0.55118
epoch  590 | train_nll -1.32732 | train_fsce 0.63282 | val_dev 0.68202 | expl_dev 0.53883
epoch  595 | train_nll -1.32793 | train_fsce 0.62712 | val_dev 0.67546 | expl_dev 0.54327
epoch  600 | train_nll -1.32995 | train_fsce 0.66691 | val_dev 0.67299 | expl_dev 0.54494
epoch  605 | train_nll -1.33703 | train_fsce 0.63410 | val_dev 0.68564 | expl_dev 0.53638
epoch  610 | train_nll -1.32954 | train_fsce 0.64148 | val_dev 0.68052 | expl_dev 0.53985
epoch  615 | train_nll -1.33430 | train_fsce 0.64983 | val_dev 0.67070 | expl_dev 0.54648
epoch  620 | train_nll -1.33056 | train_fsce 0.64217 | val_dev 0.66629 | expl_dev 0.54947
epoch  625 | train_nll -1.33141 | train_fsce 0.63878 | val_dev 0.68777 | expl_dev 0.53495
epoch  630 | train_nll -1.32910 | train_fsce 0.65560 | val_dev 0.66235 | expl_dev 0.55213
epoch  635 | train_nll -1.32262 | train_fsce 0.65197 | val_dev 0.67575 | expl_dev 0.54307
epoch  640 | train_nll -1.32740 | train_fsce 0.63373 | val_dev 0.68648 | expl_dev 0.53582
epoch  645 | train_nll -1.32742 | train_fsce 0.63526 | val_dev 0.68359 | expl_dev 0.53777
epoch  650 | train_nll -1.32738 | train_fsce 0.62605 | val_dev 0.68498 | expl_dev 0.53683
epoch  655 | train_nll -1.32619 | train_fsce 0.64139 | val_dev 0.71373 | expl_dev 0.51739
epoch  660 | train_nll -1.33074 | train_fsce 0.62608 | val_dev 0.67832 | expl_dev 0.54133
epoch  665 | train_nll -1.33621 | train_fsce 0.66349 | val_dev 0.68112 | expl_dev 0.53944
epoch  670 | train_nll -1.33462 | train_fsce 0.66827 | val_dev 0.67152 | expl_dev 0.54593
epoch  675 | train_nll -1.32580 | train_fsce 0.63578 | val_dev 0.68866 | expl_dev 0.53434
epoch  680 | train_nll -1.33062 | train_fsce 0.64550 | val_dev 0.70234 | expl_dev 0.52509
epoch  685 | train_nll -1.33424 | train_fsce 0.61593 | val_dev 0.66416 | expl_dev 0.55091
epoch  690 | train_nll -1.33365 | train_fsce 0.61937 | val_dev 0.70659 | expl_dev 0.52222
epoch  695 | train_nll -1.33169 | train_fsce 0.62453 | val_dev 0.69609 | expl_dev 0.52932
epoch  700 | train_nll -1.33159 | train_fsce 0.63516 | val_dev 0.68360 | expl_dev 0.53777
epoch  705 | train_nll -1.32316 | train_fsce 0.66960 | val_dev 0.66940 | expl_dev 0.54737
epoch  710 | train_nll -1.33650 | train_fsce 0.64495 | val_dev 0.66610 | expl_dev 0.54960
epoch  715 | train_nll -1.32892 | train_fsce 0.64265 | val_dev 0.68142 | expl_dev 0.53924
epoch  720 | train_nll -1.33401 | train_fsce 0.61180 | val_dev 0.68286 | expl_dev 0.53826
epoch  725 | train_nll -1.33523 | train_fsce 0.61896 | val_dev 0.69969 | expl_dev 0.52689
epoch  730 | train_nll -1.32606 | train_fsce 0.63581 | val_dev 0.67152 | expl_dev 0.54593
epoch  735 | train_nll -1.32961 | train_fsce 0.62320 | val_dev 0.70306 | expl_dev 0.52460
epoch  740 | train_nll -1.33731 | train_fsce 0.62281 | val_dev 0.66806 | expl_dev 0.54827
epoch  745 | train_nll -1.33223 | train_fsce 0.61247 | val_dev 0.66635 | expl_dev 0.54943
epoch  750 | train_nll -1.33821 | train_fsce 0.61498 | val_dev 0.65455 | expl_dev 0.55740
epoch  755 | train_nll -1.33821 | train_fsce 0.59354 | val_dev 0.70322 | expl_dev 0.52450
epoch  760 | train_nll -1.33954 | train_fsce 0.62179 | val_dev 0.69239 | expl_dev 0.53182
epoch  765 | train_nll -1.33590 | train_fsce 0.63008 | val_dev 0.66702 | expl_dev 0.54897
epoch  770 | train_nll -1.33790 | train_fsce 0.62571 | val_dev 0.67433 | expl_dev 0.54403
epoch  775 | train_nll -1.33175 | train_fsce 0.60459 | val_dev 0.69566 | expl_dev 0.52961
epoch  780 | train_nll -1.33429 | train_fsce 0.61578 | val_dev 0.70659 | expl_dev 0.52222
epoch  785 | train_nll -1.33977 | train_fsce 0.62306 | val_dev 0.65026 | expl_dev 0.56031
epoch  790 | train_nll -1.34484 | train_fsce 0.62199 | val_dev 0.66643 | expl_dev 0.54937
epoch  795 | train_nll -1.34019 | train_fsce 0.62506 | val_dev 0.69235 | expl_dev 0.53185
epoch  800 | train_nll -1.33496 | train_fsce 0.59562 | val_dev 0.67062 | expl_dev 0.54654
epoch  805 | train_nll -1.34732 | train_fsce 0.62516 | val_dev 0.66211 | expl_dev 0.55230
epoch  810 | train_nll -1.34083 | train_fsce 0.62594 | val_dev 0.66003 | expl_dev 0.55370
epoch  815 | train_nll -1.34292 | train_fsce 0.62253 | val_dev 0.66669 | expl_dev 0.54920
epoch  820 | train_nll -1.33354 | train_fsce 0.61913 | val_dev 0.66392 | expl_dev 0.55107
epoch  825 | train_nll -1.32829 | train_fsce 0.58663 | val_dev 0.70524 | expl_dev 0.52313
epoch  830 | train_nll -1.33522 | train_fsce 0.63294 | val_dev 0.67911 | expl_dev 0.54080
epoch  835 | train_nll -1.33422 | train_fsce 0.59976 | val_dev 0.66390 | expl_dev 0.55108
epoch  840 | train_nll -1.34139 | train_fsce 0.61067 | val_dev 0.68693 | expl_dev 0.53551
epoch  845 | train_nll -1.33498 | train_fsce 0.58906 | val_dev 0.67986 | expl_dev 0.54029
epoch  850 | train_nll -1.34187 | train_fsce 0.61246 | val_dev 0.69440 | expl_dev 0.53046
epoch  855 | train_nll -1.33767 | train_fsce 0.59633 | val_dev 0.72042 | expl_dev 0.51287
epoch  860 | train_nll -1.33486 | train_fsce 0.62290 | val_dev 0.71205 | expl_dev 0.51853
epoch  865 | train_nll -1.33190 | train_fsce 0.59976 | val_dev 0.69555 | expl_dev 0.52969
epoch  870 | train_nll -1.33952 | train_fsce 0.63024 | val_dev 0.68099 | expl_dev 0.53953
epoch  875 | train_nll -1.32398 | train_fsce 0.61770 | val_dev 0.72199 | expl_dev 0.51181
epoch  880 | train_nll -1.34409 | train_fsce 0.60746 | val_dev 0.69607 | expl_dev 0.52933
epoch  885 | train_nll -1.33474 | train_fsce 0.61201 | val_dev 0.68517 | expl_dev 0.53670
epoch  890 | train_nll -1.33566 | train_fsce 0.60212 | val_dev 0.69905 | expl_dev 0.52732
epoch  895 | train_nll -1.33959 | train_fsce 0.63136 | val_dev 0.71518 | expl_dev 0.51641
epoch  900 | train_nll -1.33950 | train_fsce 0.61143 | val_dev 0.67823 | expl_dev 0.54139
epoch  905 | train_nll -1.34137 | train_fsce 0.61939 | val_dev 0.66312 | expl_dev 0.55161
epoch  910 | train_nll -1.34149 | train_fsce 0.61610 | val_dev 0.66389 | expl_dev 0.55109
epoch  915 | train_nll -1.34614 | train_fsce 0.60988 | val_dev 0.69784 | expl_dev 0.52813
epoch  920 | train_nll -1.33932 | train_fsce 0.59139 | val_dev 0.68047 | expl_dev 0.53988
epoch  925 | train_nll -1.34371 | train_fsce 0.61950 | val_dev 0.68726 | expl_dev 0.53529
epoch  930 | train_nll -1.34775 | train_fsce 0.59579 | val_dev 0.67921 | expl_dev 0.54073
epoch  935 | train_nll -1.34207 | train_fsce 0.59981 | val_dev 0.68402 | expl_dev 0.53748
epoch  940 | train_nll -1.34737 | train_fsce 0.61702 | val_dev 0.65365 | expl_dev 0.55802
epoch  945 | train_nll -1.35135 | train_fsce 0.59193 | val_dev 0.65078 | expl_dev 0.55996
epoch  950 | train_nll -1.34607 | train_fsce 0.59853 | val_dev 0.64558 | expl_dev 0.56347
epoch  955 | train_nll -1.34236 | train_fsce 0.60265 | val_dev 0.65713 | expl_dev 0.55566
epoch  960 | train_nll -1.34101 | train_fsce 0.58542 | val_dev 0.66577 | expl_dev 0.54982
epoch  965 | train_nll -1.33609 | train_fsce 0.60225 | val_dev 0.69766 | expl_dev 0.52826
epoch  970 | train_nll -1.34088 | train_fsce 0.61837 | val_dev 0.70344 | expl_dev 0.52435
epoch  975 | train_nll -1.34045 | train_fsce 0.60044 | val_dev 0.68929 | expl_dev 0.53392
epoch  980 | train_nll -1.34259 | train_fsce 0.59521 | val_dev 0.67035 | expl_dev 0.54672
epoch  985 | train_nll -1.34723 | train_fsce 0.59571 | val_dev 0.69155 | expl_dev 0.53239
epoch  990 | train_nll -1.34380 | train_fsce 0.60811 | val_dev 0.69341 | expl_dev 0.53113
epoch  995 | train_nll -1.35091 | train_fsce 0.61025 | val_dev 0.64898 | expl_dev 0.56117
epoch 1000 | train_nll -1.34402 | train_fsce 0.60331 | val_dev 0.66333 | expl_dev 0.55147
已存 /Users/yentso/developer/StartOver/model/v2_ddae_residual/result/latents.npz
