[dataset]
  dataset = fsq
  csv = data/tky_clean.csv
  cat_col = category
  categories = ['Dining and Drinking', 'Retail', 'Nightlife Spot', 'Community and Government', 'Travel and Transportation', 'Business and Professional Services', 'Landmarks and Outdoors', 'Arts and Entertainment', 'Health and Medicine', 'Sports and Recreation']
  half_width = 50.0
  cell = 15
  center_step = 100
  min_poi = 10
  crs = EPSG:6677

[hparams]
  LATENT_DIM = 2
  EPOCHS = 1000
  BATCH = 256
  LR = 0.001
  WEIGHT_DECAY = 1e-06
  VAL_FRAC = 0.1
  SEED = 0
  N_NEIGHBORS = 15
  GRAPH_METRIC = euclidean
  EDGE_BATCH = 256
  LAMBDA_FSCE = 0.01
  WARMUP_EPOCHS = 200
  NOISE_P = 0.3
  NOISE_MODE = thinning

1233 個 patch，device=mps，噪聲 thinning p=0.3
FSCE graph：24900 條邊，a=1.5769 b=0.8951
epoch    1 | train_nll 0.25812 | train_fsce 1.44842 | val_dev 1.64254 | expl_dev -0.11065
epoch    5 | train_nll -0.96528 | train_fsce 1.12369 | val_dev 1.16170 | expl_dev 0.21448
epoch   10 | train_nll -1.12350 | train_fsce 0.80603 | val_dev 0.95718 | expl_dev 0.35277
epoch   15 | train_nll -1.17583 | train_fsce 0.84585 | val_dev 0.89369 | expl_dev 0.39571
epoch   20 | train_nll -1.19950 | train_fsce 0.92055 | val_dev 0.85562 | expl_dev 0.42144
epoch   25 | train_nll -1.20261 | train_fsce 0.95190 | val_dev 0.86053 | expl_dev 0.41813
epoch   30 | train_nll -1.21573 | train_fsce 0.98475 | val_dev 0.84379 | expl_dev 0.42944
epoch   35 | train_nll -1.22155 | train_fsce 1.01240 | val_dev 0.83753 | expl_dev 0.43368
epoch   40 | train_nll -1.22857 | train_fsce 0.98072 | val_dev 0.82791 | expl_dev 0.44019
epoch   45 | train_nll -1.23129 | train_fsce 1.02486 | val_dev 0.82839 | expl_dev 0.43986
epoch   50 | train_nll -1.23483 | train_fsce 1.02212 | val_dev 0.82445 | expl_dev 0.44253
epoch   55 | train_nll -1.23847 | train_fsce 1.02734 | val_dev 0.82332 | expl_dev 0.44329
epoch   60 | train_nll -1.24356 | train_fsce 0.97207 | val_dev 0.82365 | expl_dev 0.44307
epoch   65 | train_nll -1.24512 | train_fsce 1.01705 | val_dev 0.80975 | expl_dev 0.45246
epoch   70 | train_nll -1.24756 | train_fsce 0.94666 | val_dev 0.80757 | expl_dev 0.45394
epoch   75 | train_nll -1.25164 | train_fsce 0.94437 | val_dev 0.80323 | expl_dev 0.45688
epoch   80 | train_nll -1.25725 | train_fsce 0.92897 | val_dev 0.80071 | expl_dev 0.45858
epoch   85 | train_nll -1.25753 | train_fsce 0.92358 | val_dev 0.81562 | expl_dev 0.44850
epoch   90 | train_nll -1.25945 | train_fsce 0.89005 | val_dev 0.79585 | expl_dev 0.46186
epoch   95 | train_nll -1.25319 | train_fsce 0.90783 | val_dev 0.79561 | expl_dev 0.46202
epoch  100 | train_nll -1.26022 | train_fsce 0.85257 | val_dev 0.78860 | expl_dev 0.46676
epoch  105 | train_nll -1.26633 | train_fsce 0.85954 | val_dev 0.78400 | expl_dev 0.46987
epoch  110 | train_nll -1.26560 | train_fsce 0.82694 | val_dev 0.78629 | expl_dev 0.46833
epoch  115 | train_nll -1.27152 | train_fsce 0.80875 | val_dev 0.78137 | expl_dev 0.47165
epoch  120 | train_nll -1.26665 | train_fsce 0.82061 | val_dev 0.77860 | expl_dev 0.47353
epoch  125 | train_nll -1.27166 | train_fsce 0.80276 | val_dev 0.78048 | expl_dev 0.47226
epoch  130 | train_nll -1.27028 | train_fsce 0.76105 | val_dev 0.77954 | expl_dev 0.47289
epoch  135 | train_nll -1.27070 | train_fsce 0.80127 | val_dev 0.77968 | expl_dev 0.47280
epoch  140 | train_nll -1.27048 | train_fsce 0.74141 | val_dev 0.77836 | expl_dev 0.47369
epoch  145 | train_nll -1.28053 | train_fsce 0.72575 | val_dev 0.76677 | expl_dev 0.48152
epoch  150 | train_nll -1.27594 | train_fsce 0.70368 | val_dev 0.75710 | expl_dev 0.48807
epoch  155 | train_nll -1.27921 | train_fsce 0.73688 | val_dev 0.75073 | expl_dev 0.49237
epoch  160 | train_nll -1.27515 | train_fsce 0.72597 | val_dev 0.75429 | expl_dev 0.48996
epoch  165 | train_nll -1.27774 | train_fsce 0.68643 | val_dev 0.76146 | expl_dev 0.48512
epoch  170 | train_nll -1.28532 | train_fsce 0.71831 | val_dev 0.73664 | expl_dev 0.50190
epoch  175 | train_nll -1.28461 | train_fsce 0.68497 | val_dev 0.74608 | expl_dev 0.49552
epoch  180 | train_nll -1.28213 | train_fsce 0.67832 | val_dev 0.73664 | expl_dev 0.50190
epoch  185 | train_nll -1.28014 | train_fsce 0.67685 | val_dev 0.73533 | expl_dev 0.50279
epoch  190 | train_nll -1.28768 | train_fsce 0.68298 | val_dev 0.73234 | expl_dev 0.50481
epoch  195 | train_nll -1.28677 | train_fsce 0.68015 | val_dev 0.73712 | expl_dev 0.50158
epoch  200 | train_nll -1.28891 | train_fsce 0.66460 | val_dev 0.74687 | expl_dev 0.49498
epoch  205 | train_nll -1.29097 | train_fsce 0.64424 | val_dev 0.73956 | expl_dev 0.49993
epoch  210 | train_nll -1.29016 | train_fsce 0.67960 | val_dev 0.71728 | expl_dev 0.51499
epoch  215 | train_nll -1.28634 | train_fsce 0.63569 | val_dev 0.72923 | expl_dev 0.50691
epoch  220 | train_nll -1.28678 | train_fsce 0.63051 | val_dev 0.71038 | expl_dev 0.51966
epoch  225 | train_nll -1.29402 | train_fsce 0.63006 | val_dev 0.71751 | expl_dev 0.51484
epoch  230 | train_nll -1.29365 | train_fsce 0.62967 | val_dev 0.72077 | expl_dev 0.51263
epoch  235 | train_nll -1.29786 | train_fsce 0.62167 | val_dev 0.70668 | expl_dev 0.52216
epoch  240 | train_nll -1.29667 | train_fsce 0.64405 | val_dev 0.71685 | expl_dev 0.51528
epoch  245 | train_nll -1.29221 | train_fsce 0.63592 | val_dev 0.72752 | expl_dev 0.50806
epoch  250 | train_nll -1.29173 | train_fsce 0.63543 | val_dev 0.72190 | expl_dev 0.51187
epoch  255 | train_nll -1.29026 | train_fsce 0.60341 | val_dev 0.70391 | expl_dev 0.52403
epoch  260 | train_nll -1.30366 | train_fsce 0.57496 | val_dev 0.71111 | expl_dev 0.51916
epoch  265 | train_nll -1.30739 | train_fsce 0.57811 | val_dev 0.70089 | expl_dev 0.52607
epoch  270 | train_nll -1.30682 | train_fsce 0.57535 | val_dev 0.70203 | expl_dev 0.52530
epoch  275 | train_nll -1.30217 | train_fsce 0.56357 | val_dev 0.69963 | expl_dev 0.52692
epoch  280 | train_nll -1.30359 | train_fsce 0.60346 | val_dev 0.70118 | expl_dev 0.52588
epoch  285 | train_nll -1.30374 | train_fsce 0.58841 | val_dev 0.69349 | expl_dev 0.53107
epoch  290 | train_nll -1.30763 | train_fsce 0.58029 | val_dev 0.69715 | expl_dev 0.52860
epoch  295 | train_nll -1.30381 | train_fsce 0.59669 | val_dev 0.70754 | expl_dev 0.52157
epoch  300 | train_nll -1.30887 | train_fsce 0.57873 | val_dev 0.71167 | expl_dev 0.51878
epoch  305 | train_nll -1.30579 | train_fsce 0.55896 | val_dev 0.68438 | expl_dev 0.53724
epoch  310 | train_nll -1.30879 | train_fsce 0.56109 | val_dev 0.70101 | expl_dev 0.52599
epoch  315 | train_nll -1.30664 | train_fsce 0.58109 | val_dev 0.71101 | expl_dev 0.51923
epoch  320 | train_nll -1.30466 | train_fsce 0.58106 | val_dev 0.69134 | expl_dev 0.53253
epoch  325 | train_nll -1.30934 | train_fsce 0.55855 | val_dev 0.69177 | expl_dev 0.53224
epoch  330 | train_nll -1.31116 | train_fsce 0.55642 | val_dev 0.71382 | expl_dev 0.51733
epoch  335 | train_nll -1.31153 | train_fsce 0.56119 | val_dev 0.69246 | expl_dev 0.53177
epoch  340 | train_nll -1.31252 | train_fsce 0.55977 | val_dev 0.69957 | expl_dev 0.52697
epoch  345 | train_nll -1.31056 | train_fsce 0.56419 | val_dev 0.71678 | expl_dev 0.51533
epoch  350 | train_nll -1.31340 | train_fsce 0.57763 | val_dev 0.69361 | expl_dev 0.53100
epoch  355 | train_nll -1.31015 | train_fsce 0.53989 | val_dev 0.70908 | expl_dev 0.52054
epoch  360 | train_nll -1.31275 | train_fsce 0.54720 | val_dev 0.70937 | expl_dev 0.52034
epoch  365 | train_nll -1.31196 | train_fsce 0.55579 | val_dev 0.70133 | expl_dev 0.52577
epoch  370 | train_nll -1.30907 | train_fsce 0.55184 | val_dev 0.69244 | expl_dev 0.53178
epoch  375 | train_nll -1.30227 | train_fsce 0.56700 | val_dev 0.70472 | expl_dev 0.52349
epoch  380 | train_nll -1.31634 | train_fsce 0.53596 | val_dev 0.68119 | expl_dev 0.53940
epoch  385 | train_nll -1.31609 | train_fsce 0.55510 | val_dev 0.70176 | expl_dev 0.52548
epoch  390 | train_nll -1.31136 | train_fsce 0.55609 | val_dev 0.70010 | expl_dev 0.52660
epoch  395 | train_nll -1.31642 | train_fsce 0.57338 | val_dev 0.69125 | expl_dev 0.53259
epoch  400 | train_nll -1.31876 | train_fsce 0.53519 | val_dev 0.68681 | expl_dev 0.53559
epoch  405 | train_nll -1.31709 | train_fsce 0.54812 | val_dev 0.67818 | expl_dev 0.54143
epoch  410 | train_nll -1.32213 | train_fsce 0.53703 | val_dev 0.68154 | expl_dev 0.53916
epoch  415 | train_nll -1.31158 | train_fsce 0.55523 | val_dev 0.68274 | expl_dev 0.53834
epoch  420 | train_nll -1.32193 | train_fsce 0.52475 | val_dev 0.68137 | expl_dev 0.53927
epoch  425 | train_nll -1.32715 | train_fsce 0.57669 | val_dev 0.67642 | expl_dev 0.54262
epoch  430 | train_nll -1.31577 | train_fsce 0.56371 | val_dev 0.68476 | expl_dev 0.53698
epoch  435 | train_nll -1.32051 | train_fsce 0.55854 | val_dev 0.71507 | expl_dev 0.51648
epoch  440 | train_nll -1.31262 | train_fsce 0.52893 | val_dev 0.70751 | expl_dev 0.52159
epoch  445 | train_nll -1.32093 | train_fsce 0.56816 | val_dev 0.69420 | expl_dev 0.53060
epoch  450 | train_nll -1.32196 | train_fsce 0.53413 | val_dev 0.69097 | expl_dev 0.53278
epoch  455 | train_nll -1.31196 | train_fsce 0.53872 | val_dev 0.66579 | expl_dev 0.54981
epoch  460 | train_nll -1.32179 | train_fsce 0.54933 | val_dev 0.69393 | expl_dev 0.53078
epoch  465 | train_nll -1.32459 | train_fsce 0.55670 | val_dev 0.67388 | expl_dev 0.54434
epoch  470 | train_nll -1.32531 | train_fsce 0.53319 | val_dev 0.68973 | expl_dev 0.53362
epoch  475 | train_nll -1.32121 | train_fsce 0.56840 | val_dev 0.73487 | expl_dev 0.50310
epoch  480 | train_nll -1.32106 | train_fsce 0.53536 | val_dev 0.67163 | expl_dev 0.54586
epoch  485 | train_nll -1.33217 | train_fsce 0.52472 | val_dev 0.66706 | expl_dev 0.54895
epoch  490 | train_nll -1.31694 | train_fsce 0.52997 | val_dev 0.70158 | expl_dev 0.52561
epoch  495 | train_nll -1.32306 | train_fsce 0.53315 | val_dev 0.66981 | expl_dev 0.54709
epoch  500 | train_nll -1.32505 | train_fsce 0.54633 | val_dev 0.68472 | expl_dev 0.53701
epoch  505 | train_nll -1.32200 | train_fsce 0.53184 | val_dev 0.68195 | expl_dev 0.53888
epoch  510 | train_nll -1.32782 | train_fsce 0.52961 | val_dev 0.69145 | expl_dev 0.53246
epoch  515 | train_nll -1.32630 | train_fsce 0.53846 | val_dev 0.68164 | expl_dev 0.53909
epoch  520 | train_nll -1.31699 | train_fsce 0.51086 | val_dev 0.70207 | expl_dev 0.52527
epoch  525 | train_nll -1.32210 | train_fsce 0.54887 | val_dev 0.67471 | expl_dev 0.54378
epoch  530 | train_nll -1.32910 | train_fsce 0.54900 | val_dev 0.70213 | expl_dev 0.52524
epoch  535 | train_nll -1.32901 | train_fsce 0.54600 | val_dev 0.68545 | expl_dev 0.53651
epoch  540 | train_nll -1.33256 | train_fsce 0.51722 | val_dev 0.70296 | expl_dev 0.52467
epoch  545 | train_nll -1.32579 | train_fsce 0.54277 | val_dev 0.67966 | expl_dev 0.54043
epoch  550 | train_nll -1.32605 | train_fsce 0.51622 | val_dev 0.66726 | expl_dev 0.54881
epoch  555 | train_nll -1.32991 | train_fsce 0.54201 | val_dev 0.68386 | expl_dev 0.53759
epoch  560 | train_nll -1.33188 | train_fsce 0.51548 | val_dev 0.66814 | expl_dev 0.54822
epoch  565 | train_nll -1.32504 | train_fsce 0.53701 | val_dev 0.68059 | expl_dev 0.53980
epoch  570 | train_nll -1.33473 | train_fsce 0.53533 | val_dev 0.68033 | expl_dev 0.53997
epoch  575 | train_nll -1.32704 | train_fsce 0.53745 | val_dev 0.65594 | expl_dev 0.55647
epoch  580 | train_nll -1.33355 | train_fsce 0.53887 | val_dev 0.65699 | expl_dev 0.55576
epoch  585 | train_nll -1.32067 | train_fsce 0.52029 | val_dev 0.68319 | expl_dev 0.53804
epoch  590 | train_nll -1.32807 | train_fsce 0.51901 | val_dev 0.67453 | expl_dev 0.54390
epoch  595 | train_nll -1.33090 | train_fsce 0.52252 | val_dev 0.66716 | expl_dev 0.54888
epoch  600 | train_nll -1.32493 | train_fsce 0.52776 | val_dev 0.65887 | expl_dev 0.55449
epoch  605 | train_nll -1.33468 | train_fsce 0.50513 | val_dev 0.64715 | expl_dev 0.56241
epoch  610 | train_nll -1.32691 | train_fsce 0.50914 | val_dev 0.66954 | expl_dev 0.54727
epoch  615 | train_nll -1.33120 | train_fsce 0.51928 | val_dev 0.64645 | expl_dev 0.56288
epoch  620 | train_nll -1.33141 | train_fsce 0.52438 | val_dev 0.63935 | expl_dev 0.56769
epoch  625 | train_nll -1.33211 | train_fsce 0.51826 | val_dev 0.65771 | expl_dev 0.55527
epoch  630 | train_nll -1.32956 | train_fsce 0.54705 | val_dev 0.65023 | expl_dev 0.56033
epoch  635 | train_nll -1.33080 | train_fsce 0.52363 | val_dev 0.65148 | expl_dev 0.55948
epoch  640 | train_nll -1.33470 | train_fsce 0.51801 | val_dev 0.65077 | expl_dev 0.55996
epoch  645 | train_nll -1.33345 | train_fsce 0.54939 | val_dev 0.69992 | expl_dev 0.52673
epoch  650 | train_nll -1.32837 | train_fsce 0.50530 | val_dev 0.66641 | expl_dev 0.54939
epoch  655 | train_nll -1.32673 | train_fsce 0.53376 | val_dev 0.65514 | expl_dev 0.55701
epoch  660 | train_nll -1.33349 | train_fsce 0.51008 | val_dev 0.63986 | expl_dev 0.56734
epoch  665 | train_nll -1.33059 | train_fsce 0.53196 | val_dev 0.65986 | expl_dev 0.55382
epoch  670 | train_nll -1.33872 | train_fsce 0.53192 | val_dev 0.64127 | expl_dev 0.56639
epoch  675 | train_nll -1.33592 | train_fsce 0.52862 | val_dev 0.65386 | expl_dev 0.55787
epoch  680 | train_nll -1.33597 | train_fsce 0.52507 | val_dev 0.66680 | expl_dev 0.54912
epoch  685 | train_nll -1.33670 | train_fsce 0.51120 | val_dev 0.66937 | expl_dev 0.54738
epoch  690 | train_nll -1.33629 | train_fsce 0.52788 | val_dev 0.66296 | expl_dev 0.55172
epoch  695 | train_nll -1.33413 | train_fsce 0.51380 | val_dev 0.68425 | expl_dev 0.53732
epoch  700 | train_nll -1.33435 | train_fsce 0.53018 | val_dev 0.66596 | expl_dev 0.54969
epoch  705 | train_nll -1.33278 | train_fsce 0.52378 | val_dev 0.66664 | expl_dev 0.54923
epoch  710 | train_nll -1.33853 | train_fsce 0.52352 | val_dev 0.65520 | expl_dev 0.55697
epoch  715 | train_nll -1.33556 | train_fsce 0.51511 | val_dev 0.67058 | expl_dev 0.54657
epoch  720 | train_nll -1.33722 | train_fsce 0.52609 | val_dev 0.65513 | expl_dev 0.55701
epoch  725 | train_nll -1.33987 | train_fsce 0.51332 | val_dev 0.65194 | expl_dev 0.55917
epoch  730 | train_nll -1.32793 | train_fsce 0.52072 | val_dev 0.67187 | expl_dev 0.54569
epoch  735 | train_nll -1.33730 | train_fsce 0.51061 | val_dev 0.69492 | expl_dev 0.53011
epoch  740 | train_nll -1.34240 | train_fsce 0.53592 | val_dev 0.65223 | expl_dev 0.55897
epoch  745 | train_nll -1.33425 | train_fsce 0.51996 | val_dev 0.63347 | expl_dev 0.57166
epoch  750 | train_nll -1.33983 | train_fsce 0.51058 | val_dev 0.66737 | expl_dev 0.54874
epoch  755 | train_nll -1.33989 | train_fsce 0.50874 | val_dev 0.68356 | expl_dev 0.53779
epoch  760 | train_nll -1.34283 | train_fsce 0.50360 | val_dev 0.66954 | expl_dev 0.54727
epoch  765 | train_nll -1.33416 | train_fsce 0.52373 | val_dev 0.65287 | expl_dev 0.55854
epoch  770 | train_nll -1.33763 | train_fsce 0.50161 | val_dev 0.66925 | expl_dev 0.54747
epoch  775 | train_nll -1.33551 | train_fsce 0.50518 | val_dev 0.67360 | expl_dev 0.54453
epoch  780 | train_nll -1.32480 | train_fsce 0.50610 | val_dev 0.70007 | expl_dev 0.52663
epoch  785 | train_nll -1.33493 | train_fsce 0.53334 | val_dev 0.66643 | expl_dev 0.54938
epoch  790 | train_nll -1.34112 | train_fsce 0.51209 | val_dev 0.65710 | expl_dev 0.55568
epoch  795 | train_nll -1.34929 | train_fsce 0.50242 | val_dev 0.65103 | expl_dev 0.55979
epoch  800 | train_nll -1.34032 | train_fsce 0.49687 | val_dev 0.65869 | expl_dev 0.55461
epoch  805 | train_nll -1.34414 | train_fsce 0.51533 | val_dev 0.66647 | expl_dev 0.54935
epoch  810 | train_nll -1.33320 | train_fsce 0.52260 | val_dev 0.69022 | expl_dev 0.53329
epoch  815 | train_nll -1.31896 | train_fsce 0.53895 | val_dev 0.70538 | expl_dev 0.52304
epoch  820 | train_nll -1.33253 | train_fsce 0.51999 | val_dev 0.66347 | expl_dev 0.55138
epoch  825 | train_nll -1.34008 | train_fsce 0.50500 | val_dev 0.66025 | expl_dev 0.55355
epoch  830 | train_nll -1.34694 | train_fsce 0.53513 | val_dev 0.65275 | expl_dev 0.55863
epoch  835 | train_nll -1.33491 | train_fsce 0.50380 | val_dev 0.67546 | expl_dev 0.54326
epoch  840 | train_nll -1.34624 | train_fsce 0.51811 | val_dev 0.66170 | expl_dev 0.55257
epoch  845 | train_nll -1.34363 | train_fsce 0.50400 | val_dev 0.65281 | expl_dev 0.55858
epoch  850 | train_nll -1.35158 | train_fsce 0.51842 | val_dev 0.65778 | expl_dev 0.55522
epoch  855 | train_nll -1.34717 | train_fsce 0.51407 | val_dev 0.66381 | expl_dev 0.55115
epoch  860 | train_nll -1.34391 | train_fsce 0.50334 | val_dev 0.66288 | expl_dev 0.55177
epoch  865 | train_nll -1.34799 | train_fsce 0.50235 | val_dev 0.67254 | expl_dev 0.54524
epoch  870 | train_nll -1.34985 | train_fsce 0.51622 | val_dev 0.67801 | expl_dev 0.54155
epoch  875 | train_nll -1.34588 | train_fsce 0.50437 | val_dev 0.64253 | expl_dev 0.56553
epoch  880 | train_nll -1.34887 | train_fsce 0.50281 | val_dev 0.64042 | expl_dev 0.56696
epoch  885 | train_nll -1.33678 | train_fsce 0.51196 | val_dev 0.63270 | expl_dev 0.57218
epoch  890 | train_nll -1.33459 | train_fsce 0.48129 | val_dev 0.64741 | expl_dev 0.56223
epoch  895 | train_nll -1.34531 | train_fsce 0.52213 | val_dev 0.67043 | expl_dev 0.54667
epoch  900 | train_nll -1.34278 | train_fsce 0.50707 | val_dev 0.66831 | expl_dev 0.54810
epoch  905 | train_nll -1.34365 | train_fsce 0.49696 | val_dev 0.65255 | expl_dev 0.55876
epoch  910 | train_nll -1.33998 | train_fsce 0.50806 | val_dev 0.64278 | expl_dev 0.56537
epoch  915 | train_nll -1.35175 | train_fsce 0.51062 | val_dev 0.63943 | expl_dev 0.56763
epoch  920 | train_nll -1.34823 | train_fsce 0.47663 | val_dev 0.65975 | expl_dev 0.55389
epoch  925 | train_nll -1.34467 | train_fsce 0.51078 | val_dev 0.64338 | expl_dev 0.56496
epoch  930 | train_nll -1.35173 | train_fsce 0.49202 | val_dev 0.66475 | expl_dev 0.55051
epoch  935 | train_nll -1.34489 | train_fsce 0.49378 | val_dev 0.66166 | expl_dev 0.55260
epoch  940 | train_nll -1.34936 | train_fsce 0.51491 | val_dev 0.65528 | expl_dev 0.55692
epoch  945 | train_nll -1.35289 | train_fsce 0.50942 | val_dev 0.66864 | expl_dev 0.54788
epoch  950 | train_nll -1.35188 | train_fsce 0.52358 | val_dev 0.64605 | expl_dev 0.56315
epoch  955 | train_nll -1.34509 | train_fsce 0.50950 | val_dev 0.64146 | expl_dev 0.56626
epoch  960 | train_nll -1.34574 | train_fsce 0.49179 | val_dev 0.64798 | expl_dev 0.56185
epoch  965 | train_nll -1.34064 | train_fsce 0.51756 | val_dev 0.64924 | expl_dev 0.56099
epoch  970 | train_nll -1.34751 | train_fsce 0.52354 | val_dev 0.64688 | expl_dev 0.56260
epoch  975 | train_nll -1.33932 | train_fsce 0.49683 | val_dev 0.65727 | expl_dev 0.55557
epoch  980 | train_nll -1.34466 | train_fsce 0.50078 | val_dev 0.67432 | expl_dev 0.54404
epoch  985 | train_nll -1.34590 | train_fsce 0.50140 | val_dev 0.66852 | expl_dev 0.54796
epoch  990 | train_nll -1.35198 | train_fsce 0.50998 | val_dev 0.67160 | expl_dev 0.54587
epoch  995 | train_nll -1.35126 | train_fsce 0.51137 | val_dev 0.67778 | expl_dev 0.54170
epoch 1000 | train_nll -1.35652 | train_fsce 0.49889 | val_dev 0.65890 | expl_dev 0.55447
已存 /Users/yentso/developer/StartOver/model/v2_ddae_residual/result/latents.npz
